{"timestamp":"2025-12-09T10:15:04.354854","level":"info","event":"DAG bundles loaded: dags-folder","logger":"airflow.dag_processing.bundles.manager.DagBundlesManager"}
{"timestamp":"2025-12-09T10:15:04.355371","level":"info","event":"Filling up the DagBag from /opt/airflow/dags/pipeline_streaming.py","logger":"airflow.models.dagbag.DagBag"}
{"timestamp":"2025-12-09T10:15:04.511363","level":"info","event":"Tmp dir root location: /tmp","logger":"airflow.task.hooks.airflow.providers.standard.hooks.subprocess.SubprocessHook"}
{"timestamp":"2025-12-09T10:15:04.511956","level":"info","event":"Running command: ['/usr/bin/bash', '-c', '\\n        cd /opt/airflow/dbt &&         dbt run --profiles-dir /opt/airflow/.dbt 2>&1 | tee /tmp/dbt_output.log;         exit_code=${PIPESTATUS[0]};         if [ $exit_code -eq 1 ]; then           if grep -q \"Done. PASS=\" /tmp/dbt_output.log; then             echo \"dbt models completed successfully (protobuf reporting error ignored)\";             exit 0;           fi;         fi;         exit $exit_code\\n        ']","logger":"airflow.task.hooks.airflow.providers.standard.hooks.subprocess.SubprocessHook"}
{"timestamp":"2025-12-09T10:15:04.527025","level":"info","event":"Output:","logger":"airflow.task.hooks.airflow.providers.standard.hooks.subprocess.SubprocessHook"}
{"timestamp":"2025-12-09T10:15:08.140164","level":"info","event":"\u001b[0m10:15:08  Running with dbt=1.10.15","logger":"airflow.task.hooks.airflow.providers.standard.hooks.subprocess.SubprocessHook"}
{"timestamp":"2025-12-09T10:15:09.246099","level":"info","event":"\u001b[0m10:15:09  Registered adapter: snowflake=1.10.3","logger":"airflow.task.hooks.airflow.providers.standard.hooks.subprocess.SubprocessHook"}
{"timestamp":"2025-12-09T10:15:10.564780","level":"info","event":"\u001b[0m10:15:10  Found 16 models, 78 data tests, 3 sources, 627 macros","logger":"airflow.task.hooks.airflow.providers.standard.hooks.subprocess.SubprocessHook"}
{"timestamp":"2025-12-09T10:15:10.572441","level":"info","event":"\u001b[0m10:15:10","logger":"airflow.task.hooks.airflow.providers.standard.hooks.subprocess.SubprocessHook"}
{"timestamp":"2025-12-09T10:15:10.573495","level":"info","event":"\u001b[0m10:15:10  Concurrency: 4 threads (target='dev')","logger":"airflow.task.hooks.airflow.providers.standard.hooks.subprocess.SubprocessHook"}
{"timestamp":"2025-12-09T10:15:10.574534","level":"info","event":"\u001b[0m10:15:10","logger":"airflow.task.hooks.airflow.providers.standard.hooks.subprocess.SubprocessHook"}
{"timestamp":"2025-12-09T10:15:16.689355","level":"info","event":"\u001b[0m10:15:16  1 of 16 START sql view model FAN_staging.stg_shows_future ...................... [RUN]","logger":"airflow.task.hooks.airflow.providers.standard.hooks.subprocess.SubprocessHook"}
{"timestamp":"2025-12-09T10:15:16.691986","level":"info","event":"\u001b[0m10:15:16  2 of 16 START sql view model FAN_staging.stg_shows_his ......................... [RUN]","logger":"airflow.task.hooks.airflow.providers.standard.hooks.subprocess.SubprocessHook"}
{"timestamp":"2025-12-09T10:15:16.695399","level":"info","event":"\u001b[0m10:15:16  3 of 16 START sql table model FAN_staging.stg_ticket_sales ..................... [RUN]","logger":"airflow.task.hooks.airflow.providers.standard.hooks.subprocess.SubprocessHook"}
{"timestamp":"2025-12-09T10:15:19.761112","level":"info","event":"\u001b[0m10:15:19  2 of 16 OK created sql view model FAN_staging.stg_shows_his .................... [\u001b[32mSUCCESS 1\u001b[0m in 3.05s]","logger":"airflow.task.hooks.airflow.providers.standard.hooks.subprocess.SubprocessHook"}
{"timestamp":"2025-12-09T10:15:19.766171","level":"info","event":"\u001b[0m10:15:19  1 of 16 OK created sql view model FAN_staging.stg_shows_future ................. [\u001b[32mSUCCESS 1\u001b[0m in 3.07s]","logger":"airflow.task.hooks.airflow.providers.standard.hooks.subprocess.SubprocessHook"}
{"timestamp":"2025-12-09T10:15:19.778994","level":"info","event":"\u001b[0m10:15:19  4 of 16 START sql table model FAN_intermediate.int_shows ....................... [RUN]","logger":"airflow.task.hooks.airflow.providers.standard.hooks.subprocess.SubprocessHook"}
{"timestamp":"2025-12-09T10:15:19.782430","level":"info","event":"\u001b[0m10:15:19  5 of 16 START sql table model FAN_intermediate.int_artists ..................... [RUN]","logger":"airflow.task.hooks.airflow.providers.standard.hooks.subprocess.SubprocessHook"}
{"timestamp":"2025-12-09T10:15:19.787256","level":"info","event":"\u001b[0m10:15:19  6 of 16 START sql table model FAN_intermediate.int_show_lifecycle .............. [RUN]","logger":"airflow.task.hooks.airflow.providers.standard.hooks.subprocess.SubprocessHook"}
{"timestamp":"2025-12-09T10:15:21.609999","level":"info","event":"\u001b[0m10:15:21  3 of 16 OK created sql table model FAN_staging.stg_ticket_sales ................ [\u001b[32mSUCCESS 1\u001b[0m in 4.91s]","logger":"airflow.task.hooks.airflow.providers.standard.hooks.subprocess.SubprocessHook"}
{"timestamp":"2025-12-09T10:15:21.613866","level":"info","event":"\u001b[0m10:15:21  7 of 16 START sql table model FAN_intermediate.int_venues ...................... [RUN]","logger":"airflow.task.hooks.airflow.providers.standard.hooks.subprocess.SubprocessHook"}
{"timestamp":"2025-12-09T10:15:23.943861","level":"info","event":"\u001b[0m10:15:23  6 of 16 OK created sql table model FAN_intermediate.int_show_lifecycle ......... [\u001b[32mSUCCESS 1\u001b[0m in 4.15s]","logger":"airflow.task.hooks.airflow.providers.standard.hooks.subprocess.SubprocessHook"}
{"timestamp":"2025-12-09T10:15:23.946423","level":"info","event":"\u001b[0m10:15:23  8 of 16 START sql table model FAN_intermediate.int_ticket_sales_dedup .......... [RUN]","logger":"airflow.task.hooks.airflow.providers.standard.hooks.subprocess.SubprocessHook"}
{"timestamp":"2025-12-09T10:15:23.970765","level":"info","event":"\u001b[0m10:15:23  4 of 16 OK created sql table model FAN_intermediate.int_shows .................. [\u001b[32mSUCCESS 1\u001b[0m in 4.19s]","logger":"airflow.task.hooks.airflow.providers.standard.hooks.subprocess.SubprocessHook"}
{"timestamp":"2025-12-09T10:15:23.974257","level":"info","event":"\u001b[0m10:15:23  9 of 16 START sql table model FAN_marts.fact_shows ............................. [RUN]","logger":"airflow.task.hooks.airflow.providers.standard.hooks.subprocess.SubprocessHook"}
{"timestamp":"2025-12-09T10:15:24.041276","level":"info","event":"\u001b[0m10:15:24  5 of 16 OK created sql table model FAN_intermediate.int_artists ................ [\u001b[32mSUCCESS 1\u001b[0m in 4.25s]","logger":"airflow.task.hooks.airflow.providers.standard.hooks.subprocess.SubprocessHook"}
{"timestamp":"2025-12-09T10:15:24.060223","level":"info","event":"\u001b[0m10:15:24  10 of 16 START sql table model FAN_marts.dim_artists ........................... [RUN]","logger":"airflow.task.hooks.airflow.providers.standard.hooks.subprocess.SubprocessHook"}
{"timestamp":"2025-12-09T10:15:25.871751","level":"info","event":"\u001b[0m10:15:25  7 of 16 OK created sql table model FAN_intermediate.int_venues ................. [\u001b[32mSUCCESS 1\u001b[0m in 4.25s]","logger":"airflow.task.hooks.airflow.providers.standard.hooks.subprocess.SubprocessHook"}
{"timestamp":"2025-12-09T10:15:25.880379","level":"info","event":"\u001b[0m10:15:25  11 of 16 START sql table model FAN_marts.dim_venues ............................ [RUN]","logger":"airflow.task.hooks.airflow.providers.standard.hooks.subprocess.SubprocessHook"}
{"timestamp":"2025-12-09T10:15:27.590149","level":"info","event":"\u001b[0m10:15:27  9 of 16 OK created sql table model FAN_marts.fact_shows ........................ [\u001b[32mSUCCESS 1\u001b[0m in 3.61s]","logger":"airflow.task.hooks.airflow.providers.standard.hooks.subprocess.SubprocessHook"}
{"timestamp":"2025-12-09T10:15:27.717063","level":"info","event":"\u001b[0m10:15:27  10 of 16 OK created sql table model FAN_marts.dim_artists ...................... [\u001b[32mSUCCESS 1\u001b[0m in 3.65s]","logger":"airflow.task.hooks.airflow.providers.standard.hooks.subprocess.SubprocessHook"}
{"timestamp":"2025-12-09T10:15:27.726917","level":"info","event":"\u001b[0m10:15:27  12 of 16 START sql table model FAN_marts.mart_artist_performance ............... [RUN]","logger":"airflow.task.hooks.airflow.providers.standard.hooks.subprocess.SubprocessHook"}
{"timestamp":"2025-12-09T10:15:27.729824","level":"info","event":"\u001b[0m10:15:27  13 of 16 START sql table model FAN_marts.mart_show_lifecycle ................... [RUN]","logger":"airflow.task.hooks.airflow.providers.standard.hooks.subprocess.SubprocessHook"}
{"timestamp":"2025-12-09T10:15:27.828619","level":"info","event":"\u001b[0m10:15:27  8 of 16 OK created sql table model FAN_intermediate.int_ticket_sales_dedup ..... [\u001b[32mSUCCESS 1\u001b[0m in 3.88s]","logger":"airflow.task.hooks.airflow.providers.standard.hooks.subprocess.SubprocessHook"}
{"timestamp":"2025-12-09T10:15:27.838016","level":"info","event":"\u001b[0m10:15:27  14 of 16 START sql incremental model FAN_marts.fact_ticket_sales ............... [RUN]","logger":"airflow.task.hooks.airflow.providers.standard.hooks.subprocess.SubprocessHook"}
{"timestamp":"2025-12-09T10:15:29.531915","level":"info","event":"\u001b[0m10:15:29  11 of 16 OK created sql table model FAN_marts.dim_venues ....................... [\u001b[32mSUCCESS 1\u001b[0m in 3.64s]","logger":"airflow.task.hooks.airflow.providers.standard.hooks.subprocess.SubprocessHook"}
{"timestamp":"2025-12-09T10:15:31.405801","level":"info","event":"\u001b[0m10:15:31  12 of 16 OK created sql table model FAN_marts.mart_artist_performance .......... [\u001b[32mSUCCESS 1\u001b[0m in 3.67s]","logger":"airflow.task.hooks.airflow.providers.standard.hooks.subprocess.SubprocessHook"}
{"timestamp":"2025-12-09T10:15:31.414066","level":"info","event":"\u001b[0m10:15:31  13 of 16 OK created sql table model FAN_marts.mart_show_lifecycle .............. [\u001b[32mSUCCESS 1\u001b[0m in 3.68s]","logger":"airflow.task.hooks.airflow.providers.standard.hooks.subprocess.SubprocessHook"}
{"timestamp":"2025-12-09T10:15:34.745229","level":"info","event":"\u001b[0m10:15:34  14 of 16 OK created sql incremental model FAN_marts.fact_ticket_sales .......... [\u001b[32mSUCCESS 1\u001b[0m in 6.90s]","logger":"airflow.task.hooks.airflow.providers.standard.hooks.subprocess.SubprocessHook"}
{"timestamp":"2025-12-09T10:15:34.759373","level":"info","event":"\u001b[0m10:15:34  15 of 16 START sql table model FAN_marts.mart_daily_ticket_summary ............. [RUN]","logger":"airflow.task.hooks.airflow.providers.standard.hooks.subprocess.SubprocessHook"}
{"timestamp":"2025-12-09T10:15:34.762864","level":"info","event":"\u001b[0m10:15:34  16 of 16 START sql table model FAN_marts.mart_ticket_performance ............... [RUN]","logger":"airflow.task.hooks.airflow.providers.standard.hooks.subprocess.SubprocessHook"}
{"timestamp":"2025-12-09T10:15:38.083515","level":"info","event":"\u001b[0m10:15:38  16 of 16 OK created sql table model FAN_marts.mart_ticket_performance .......... [\u001b[32mSUCCESS 1\u001b[0m in 3.31s]","logger":"airflow.task.hooks.airflow.providers.standard.hooks.subprocess.SubprocessHook"}
{"timestamp":"2025-12-09T10:15:38.349003","level":"info","event":"\u001b[0m10:15:38  15 of 16 OK created sql table model FAN_marts.mart_daily_ticket_summary ........ [\u001b[32mSUCCESS 1\u001b[0m in 3.58s]","logger":"airflow.task.hooks.airflow.providers.standard.hooks.subprocess.SubprocessHook"}
{"timestamp":"2025-12-09T10:15:38.369739","level":"info","event":"\u001b[0m10:15:38","logger":"airflow.task.hooks.airflow.providers.standard.hooks.subprocess.SubprocessHook"}
{"timestamp":"2025-12-09T10:15:38.371608","level":"info","event":"\u001b[0m10:15:38  Finished running 1 incremental model, 13 table models, 2 view models in 0 hours 0 minutes and 27.79 seconds (27.79s).","logger":"airflow.task.hooks.airflow.providers.standard.hooks.subprocess.SubprocessHook"}
{"timestamp":"2025-12-09T10:15:38.637665","level":"info","event":"\u001b[0m10:15:38","logger":"airflow.task.hooks.airflow.providers.standard.hooks.subprocess.SubprocessHook"}
{"timestamp":"2025-12-09T10:15:38.638260","level":"info","event":"\u001b[0m10:15:38  \u001b[32mCompleted successfully\u001b[0m","logger":"airflow.task.hooks.airflow.providers.standard.hooks.subprocess.SubprocessHook"}
{"timestamp":"2025-12-09T10:15:38.638853","level":"info","event":"\u001b[0m10:15:38","logger":"airflow.task.hooks.airflow.providers.standard.hooks.subprocess.SubprocessHook"}
{"timestamp":"2025-12-09T10:15:38.641499","level":"info","event":"\u001b[0m10:15:38  Done. PASS=16 WARN=0 ERROR=0 SKIP=0 NO-OP=0 TOTAL=16","logger":"airflow.task.hooks.airflow.providers.standard.hooks.subprocess.SubprocessHook"}
{"timestamp":"2025-12-09T10:15:40.794734","level":"info","event":"Traceback (most recent call last):","logger":"airflow.task.hooks.airflow.providers.standard.hooks.subprocess.SubprocessHook"}
{"timestamp":"2025-12-09T10:15:40.795218","level":"info","event":"  File \"/usr/local/bin/dbt\", line 10, in <module>","logger":"airflow.task.hooks.airflow.providers.standard.hooks.subprocess.SubprocessHook"}
{"timestamp":"2025-12-09T10:15:40.795857","level":"info","event":"    sys.exit(cli())","logger":"airflow.task.hooks.airflow.providers.standard.hooks.subprocess.SubprocessHook"}
{"timestamp":"2025-12-09T10:15:40.796060","level":"info","event":"             ^^^^^","logger":"airflow.task.hooks.airflow.providers.standard.hooks.subprocess.SubprocessHook"}
{"timestamp":"2025-12-09T10:15:40.796198","level":"info","event":"  File \"/home/airflow/.local/lib/python3.12/site-packages/click/core.py\", line 1442, in __call__","logger":"airflow.task.hooks.airflow.providers.standard.hooks.subprocess.SubprocessHook"}
{"timestamp":"2025-12-09T10:15:40.797274","level":"info","event":"    return self.main(*args, **kwargs)","logger":"airflow.task.hooks.airflow.providers.standard.hooks.subprocess.SubprocessHook"}
{"timestamp":"2025-12-09T10:15:40.797503","level":"info","event":"           ^^^^^^^^^^^^^^^^^^^^^^^^^^","logger":"airflow.task.hooks.airflow.providers.standard.hooks.subprocess.SubprocessHook"}
{"timestamp":"2025-12-09T10:15:40.797644","level":"info","event":"  File \"/home/airflow/.local/lib/python3.12/site-packages/click/core.py\", line 1363, in main","logger":"airflow.task.hooks.airflow.providers.standard.hooks.subprocess.SubprocessHook"}
{"timestamp":"2025-12-09T10:15:40.798256","level":"info","event":"    rv = self.invoke(ctx)","logger":"airflow.task.hooks.airflow.providers.standard.hooks.subprocess.SubprocessHook"}
{"timestamp":"2025-12-09T10:15:40.798479","level":"info","event":"         ^^^^^^^^^^^^^^^^","logger":"airflow.task.hooks.airflow.providers.standard.hooks.subprocess.SubprocessHook"}
{"timestamp":"2025-12-09T10:15:40.798620","level":"info","event":"  File \"/home/airflow/.local/lib/python3.12/site-packages/click/core.py\", line 1830, in invoke","logger":"airflow.task.hooks.airflow.providers.standard.hooks.subprocess.SubprocessHook"}
{"timestamp":"2025-12-09T10:15:40.799130","level":"info","event":"    return _process_result(sub_ctx.command.invoke(sub_ctx))","logger":"airflow.task.hooks.airflow.providers.standard.hooks.subprocess.SubprocessHook"}
{"timestamp":"2025-12-09T10:15:40.799355","level":"info","event":"                           ^^^^^^^^^^^^^^^^^^^^^^^^^^^^^^^","logger":"airflow.task.hooks.airflow.providers.standard.hooks.subprocess.SubprocessHook"}
{"timestamp":"2025-12-09T10:15:40.799500","level":"info","event":"  File \"/home/airflow/.local/lib/python3.12/site-packages/click/core.py\", line 1226, in invoke","logger":"airflow.task.hooks.airflow.providers.standard.hooks.subprocess.SubprocessHook"}
{"timestamp":"2025-12-09T10:15:40.799805","level":"info","event":"    return ctx.invoke(self.callback, **ctx.params)","logger":"airflow.task.hooks.airflow.providers.standard.hooks.subprocess.SubprocessHook"}
{"timestamp":"2025-12-09T10:15:40.799947","level":"info","event":"           ^^^^^^^^^^^^^^^^^^^^^^^^^^^^^^^^^^^^^^^","logger":"airflow.task.hooks.airflow.providers.standard.hooks.subprocess.SubprocessHook"}
{"timestamp":"2025-12-09T10:15:40.800075","level":"info","event":"  File \"/home/airflow/.local/lib/python3.12/site-packages/click/core.py\", line 794, in invoke","logger":"airflow.task.hooks.airflow.providers.standard.hooks.subprocess.SubprocessHook"}
{"timestamp":"2025-12-09T10:15:40.800706","level":"info","event":"    return callback(*args, **kwargs)","logger":"airflow.task.hooks.airflow.providers.standard.hooks.subprocess.SubprocessHook"}
{"timestamp":"2025-12-09T10:15:40.801018","level":"info","event":"           ^^^^^^^^^^^^^^^^^^^^^^^^^","logger":"airflow.task.hooks.airflow.providers.standard.hooks.subprocess.SubprocessHook"}
{"timestamp":"2025-12-09T10:15:40.801263","level":"info","event":"  File \"/home/airflow/.local/lib/python3.12/site-packages/click/decorators.py\", line 34, in new_func","logger":"airflow.task.hooks.airflow.providers.standard.hooks.subprocess.SubprocessHook"}
{"timestamp":"2025-12-09T10:15:40.801515","level":"info","event":"    return f(get_current_context(), *args, **kwargs)","logger":"airflow.task.hooks.airflow.providers.standard.hooks.subprocess.SubprocessHook"}
{"timestamp":"2025-12-09T10:15:40.801738","level":"info","event":"           ^^^^^^^^^^^^^^^^^^^^^^^^^^^^^^^^^^^^^^^^^","logger":"airflow.task.hooks.airflow.providers.standard.hooks.subprocess.SubprocessHook"}
{"timestamp":"2025-12-09T10:15:40.802001","level":"info","event":"  File \"/usr/local/lib/python3.12/site-packages/dbt/cli/main.py\", line 149, in wrapper","logger":"airflow.task.hooks.airflow.providers.standard.hooks.subprocess.SubprocessHook"}
{"timestamp":"2025-12-09T10:15:40.802305","level":"info","event":"    return func(*args, **kwargs)","logger":"airflow.task.hooks.airflow.providers.standard.hooks.subprocess.SubprocessHook"}
{"timestamp":"2025-12-09T10:15:40.802550","level":"info","event":"           ^^^^^^^^^^^^^^^^^^^^^","logger":"airflow.task.hooks.airflow.providers.standard.hooks.subprocess.SubprocessHook"}
{"timestamp":"2025-12-09T10:15:40.802735","level":"info","event":"  File \"/usr/local/lib/python3.12/site-packages/dbt/cli/requires.py\", line 207, in wrapper","logger":"airflow.task.hooks.airflow.providers.standard.hooks.subprocess.SubprocessHook"}
{"timestamp":"2025-12-09T10:15:40.802871","level":"info","event":"    fire_event(","logger":"airflow.task.hooks.airflow.providers.standard.hooks.subprocess.SubprocessHook"}
{"timestamp":"2025-12-09T10:15:40.803008","level":"info","event":"  File \"/usr/local/lib/python3.12/site-packages/dbt_common/events/functions.py\", line 142, in fire_event","logger":"airflow.task.hooks.airflow.providers.standard.hooks.subprocess.SubprocessHook"}
{"timestamp":"2025-12-09T10:15:40.803146","level":"info","event":"    get_event_manager().fire_event(","logger":"airflow.task.hooks.airflow.providers.standard.hooks.subprocess.SubprocessHook"}
{"timestamp":"2025-12-09T10:15:40.803309","level":"info","event":"  File \"/usr/local/lib/python3.12/site-packages/dbt_common/events/event_manager.py\", line 56, in fire_event","logger":"airflow.task.hooks.airflow.providers.standard.hooks.subprocess.SubprocessHook"}
{"timestamp":"2025-12-09T10:15:40.803502","level":"info","event":"    msg = msg_from_base_event(e, level=level)","logger":"airflow.task.hooks.airflow.providers.standard.hooks.subprocess.SubprocessHook"}
{"timestamp":"2025-12-09T10:15:40.803684","level":"info","event":"          ^^^^^^^^^^^^^^^^^^^^^^^^^^^^^^^^^^^","logger":"airflow.task.hooks.airflow.providers.standard.hooks.subprocess.SubprocessHook"}
{"timestamp":"2025-12-09T10:15:40.803861","level":"info","event":"  File \"/usr/local/lib/python3.12/site-packages/dbt_common/events/base_types.py\", line 143, in msg_from_base_event","logger":"airflow.task.hooks.airflow.providers.standard.hooks.subprocess.SubprocessHook"}
{"timestamp":"2025-12-09T10:15:40.804040","level":"info","event":"    \"msg\": event.message(),","logger":"airflow.task.hooks.airflow.providers.standard.hooks.subprocess.SubprocessHook"}
{"timestamp":"2025-12-09T10:15:40.804285","level":"info","event":"           ^^^^^^^^^^^^^^^","logger":"airflow.task.hooks.airflow.providers.standard.hooks.subprocess.SubprocessHook"}
{"timestamp":"2025-12-09T10:15:40.804484","level":"info","event":"  File \"/usr/local/lib/python3.12/site-packages/dbt/events/types.py\", line 2464, in message","logger":"airflow.task.hooks.airflow.providers.standard.hooks.subprocess.SubprocessHook"}
{"timestamp":"2025-12-09T10:15:40.804680","level":"info","event":"    return f\"Resource report: {self.to_json()}\"","logger":"airflow.task.hooks.airflow.providers.standard.hooks.subprocess.SubprocessHook"}
{"timestamp":"2025-12-09T10:15:40.804865","level":"info","event":"                               ^^^^^^^^^^^^^^","logger":"airflow.task.hooks.airflow.providers.standard.hooks.subprocess.SubprocessHook"}
{"timestamp":"2025-12-09T10:15:40.805071","level":"info","event":"  File \"/usr/local/lib/python3.12/site-packages/dbt_common/events/base_types.py\", line 98, in to_json","logger":"airflow.task.hooks.airflow.providers.standard.hooks.subprocess.SubprocessHook"}
{"timestamp":"2025-12-09T10:15:40.805219","level":"info","event":"    return MessageToJson(","logger":"airflow.task.hooks.airflow.providers.standard.hooks.subprocess.SubprocessHook"}
{"timestamp":"2025-12-09T10:15:40.805408","level":"info","event":"           ^^^^^^^^^^^^^^","logger":"airflow.task.hooks.airflow.providers.standard.hooks.subprocess.SubprocessHook"}
{"timestamp":"2025-12-09T10:15:40.805611","level":"info","event":"TypeError: MessageToJson() got an unexpected keyword argument 'always_print_fields_with_no_presence'","logger":"airflow.task.hooks.airflow.providers.standard.hooks.subprocess.SubprocessHook"}
{"timestamp":"2025-12-09T10:15:41.479461","level":"info","event":"dbt models completed successfully (protobuf reporting error ignored)","logger":"airflow.task.hooks.airflow.providers.standard.hooks.subprocess.SubprocessHook"}
{"timestamp":"2025-12-09T10:15:41.479839","level":"info","event":"Command exited with return code 0","logger":"airflow.task.hooks.airflow.providers.standard.hooks.subprocess.SubprocessHook"}
{"timestamp":"2025-12-09T10:15:41.481492","level":"info","event":"Pushing xcom","ti":"RuntimeTaskInstance(id=UUID('019b029b-71ac-7735-adb0-2fff528c0f8a'), task_id='dbt_run', dag_id='pipeline_streaming', run_id='scheduled__2025-12-09T10:15:00+00:00', try_number=1, map_index=-1, hostname='6bf93f468c0d', context_carrier={}, task=<Task(_BashDecoratedOperator): dbt_run>, bundle_instance=LocalDagBundle(name=dags-folder), max_tries=2, start_date=datetime.datetime(2025, 12, 9, 10, 15, 4, 16333, tzinfo=datetime.timezone.utc), end_date=None, state=<TaskInstanceState.RUNNING: 'running'>, is_mapped=False, rendered_map_index=None, log_url='http://localhost:8080/dags/pipeline_streaming/runs/scheduled__2025-12-09T10%3A15%3A00%2B00%3A00/tasks/dbt_run?try_number=1')","logger":"task"}
