{"timestamp":"2025-12-08T13:27:15.802159","level":"info","event":"DAG bundles loaded: dags-folder","logger":"airflow.dag_processing.bundles.manager.DagBundlesManager"}
{"timestamp":"2025-12-08T13:27:15.802884","level":"info","event":"Filling up the DagBag from /opt/airflow/dags/pipeline_batch.py","logger":"airflow.models.dagbag.DagBag"}
{"timestamp":"2025-12-08T13:27:20.613300","level":"info","event":"Tmp dir root location: /tmp","logger":"airflow.task.hooks.airflow.providers.standard.hooks.subprocess.SubprocessHook"}
{"timestamp":"2025-12-08T13:27:20.614884","level":"info","event":"Running command: ['/usr/bin/bash', '-c', '\\n        cd /opt/airflow &&         python -m scripts.ingest_csv_shows__snowflake\\n        ']","logger":"airflow.task.hooks.airflow.providers.standard.hooks.subprocess.SubprocessHook"}
{"timestamp":"2025-12-08T13:27:20.672867","level":"info","event":"Output:","logger":"airflow.task.hooks.airflow.providers.standard.hooks.subprocess.SubprocessHook"}
{"timestamp":"2025-12-08T13:27:27.518544","level":"info","event":"2025-12-08 20:27:27,517 - INFO - Processing shows_history.csv -> SHOWS_HIS","logger":"airflow.task.hooks.airflow.providers.standard.hooks.subprocess.SubprocessHook"}
{"timestamp":"2025-12-08T13:27:27.518720","level":"info","event":"2025-12-08 20:27:27,518 - INFO - Reading CSV file: /opt/airflow/data/raw/csv/shows_history.csv","logger":"airflow.task.hooks.airflow.providers.standard.hooks.subprocess.SubprocessHook"}
{"timestamp":"2025-12-08T13:27:27.581521","level":"info","event":"2025-12-08 20:27:27,581 - INFO - CSV loaded with 366 rows and 23 columns","logger":"airflow.task.hooks.airflow.providers.standard.hooks.subprocess.SubprocessHook"}
{"timestamp":"2025-12-08T13:27:27.707763","level":"info","event":"2025-12-08 20:27:27,707 - INFO - Snowflake Connector for Python Version: 3.17.2, Python Version: 3.12.11, Platform: Linux-5.15.167.4-microsoft-standard-WSL2-x86_64-with-glibc2.36","logger":"airflow.task.hooks.airflow.providers.standard.hooks.subprocess.SubprocessHook"}
{"timestamp":"2025-12-08T13:27:27.708705","level":"info","event":"2025-12-08 20:27:27,708 - INFO - Connecting to GLOBAL Snowflake domain","logger":"airflow.task.hooks.airflow.providers.standard.hooks.subprocess.SubprocessHook"}
{"timestamp":"2025-12-08T13:27:38.194778","level":"info","event":"2025-12-08 20:27:38,194 - INFO - Connected to Snowflake successfully","logger":"airflow.task.hooks.airflow.providers.standard.hooks.subprocess.SubprocessHook"}
{"timestamp":"2025-12-08T13:27:39.027875","level":"info","event":"2025-12-08 20:27:39,027 - INFO - Table FAN_RAW.SHOWS_HIS created or already exists","logger":"airflow.task.hooks.airflow.providers.standard.hooks.subprocess.SubprocessHook"}
{"timestamp":"2025-12-08T13:27:39.071544","level":"info","event":"2025-12-08 20:27:39,070 - INFO - Writing 366 rows to FAN_RAW.SHOWS_HIS","logger":"airflow.task.hooks.airflow.providers.standard.hooks.subprocess.SubprocessHook"}
{"timestamp":"2025-12-08T13:27:42.772492","level":"info","event":"2025-12-08 20:27:42,771 - INFO - Successfully ingested 366 rows into FAN_RAW.SHOWS_HIS","logger":"airflow.task.hooks.airflow.providers.standard.hooks.subprocess.SubprocessHook"}
{"timestamp":"2025-12-08T13:27:43.496035","level":"info","event":"2025-12-08 20:27:43,495 - INFO - ✅ Successfully processed shows_history.csv","logger":"airflow.task.hooks.airflow.providers.standard.hooks.subprocess.SubprocessHook"}
{"timestamp":"2025-12-08T13:27:43.502876","level":"info","event":"2025-12-08 20:27:43,502 - INFO - Processing shows_future.csv -> SHOWS_FUTURE","logger":"airflow.task.hooks.airflow.providers.standard.hooks.subprocess.SubprocessHook"}
{"timestamp":"2025-12-08T13:27:43.503192","level":"info","event":"2025-12-08 20:27:43,502 - INFO - Reading CSV file: /opt/airflow/data/raw/csv/shows_future.csv","logger":"airflow.task.hooks.airflow.providers.standard.hooks.subprocess.SubprocessHook"}
{"timestamp":"2025-12-08T13:27:43.529431","level":"info","event":"2025-12-08 20:27:43,529 - INFO - CSV loaded with 70 rows and 21 columns","logger":"airflow.task.hooks.airflow.providers.standard.hooks.subprocess.SubprocessHook"}
{"timestamp":"2025-12-08T13:27:43.585944","level":"info","event":"2025-12-08 20:27:43,585 - INFO - Snowflake Connector for Python Version: 3.17.2, Python Version: 3.12.11, Platform: Linux-5.15.167.4-microsoft-standard-WSL2-x86_64-with-glibc2.36","logger":"airflow.task.hooks.airflow.providers.standard.hooks.subprocess.SubprocessHook"}
{"timestamp":"2025-12-08T13:27:43.586248","level":"info","event":"2025-12-08 20:27:43,586 - INFO - Connecting to GLOBAL Snowflake domain","logger":"airflow.task.hooks.airflow.providers.standard.hooks.subprocess.SubprocessHook"}
{"timestamp":"2025-12-08T13:27:48.793810","level":"info","event":"2025-12-08 20:27:48,792 - INFO - Connected to Snowflake successfully","logger":"airflow.task.hooks.airflow.providers.standard.hooks.subprocess.SubprocessHook"}
{"timestamp":"2025-12-08T13:27:49.267351","level":"info","event":"2025-12-08 20:27:49,266 - INFO - Table FAN_RAW.SHOWS_FUTURE created or already exists","logger":"airflow.task.hooks.airflow.providers.standard.hooks.subprocess.SubprocessHook"}
{"timestamp":"2025-12-08T13:27:49.271337","level":"info","event":"2025-12-08 20:27:49,270 - INFO - Writing 70 rows to FAN_RAW.SHOWS_FUTURE","logger":"airflow.task.hooks.airflow.providers.standard.hooks.subprocess.SubprocessHook"}
{"timestamp":"2025-12-08T13:27:51.625993","level":"info","event":"2025-12-08 20:27:51,625 - INFO - Successfully ingested 70 rows into FAN_RAW.SHOWS_FUTURE","logger":"airflow.task.hooks.airflow.providers.standard.hooks.subprocess.SubprocessHook"}
{"timestamp":"2025-12-08T13:27:52.288600","level":"info","event":"2025-12-08 20:27:52,287 - INFO - ✅ Successfully processed shows_future.csv","logger":"airflow.task.hooks.airflow.providers.standard.hooks.subprocess.SubprocessHook"}
{"timestamp":"2025-12-08T13:27:52.289529","level":"info","event":"2025-12-08 20:27:52,288 - INFO - 📊 Ingestion Summary: 2/2 files processed successfully","logger":"airflow.task.hooks.airflow.providers.standard.hooks.subprocess.SubprocessHook"}
{"timestamp":"2025-12-08T13:27:52.289808","level":"info","event":"2025-12-08 20:27:52,289 - INFO - 🎉 All CSV files ingested successfully!","logger":"airflow.task.hooks.airflow.providers.standard.hooks.subprocess.SubprocessHook"}
{"timestamp":"2025-12-08T13:27:52.620579","level":"info","event":"Command exited with return code 0","logger":"airflow.task.hooks.airflow.providers.standard.hooks.subprocess.SubprocessHook"}
{"timestamp":"2025-12-08T13:27:52.621749","level":"info","event":"Pushing xcom","ti":"RuntimeTaskInstance(id=UUID('019afe1d-0cf6-74d6-ae0e-0f690726cffa'), task_id='ingest_csv_to_snowflake', dag_id='pipeline_batch', run_id='manual__2025-12-08T12:59:52.876591+00:00', try_number=4, map_index=-1, hostname='4c50e9cddad1', context_carrier={}, task=<Task(_BashDecoratedOperator): ingest_csv_to_snowflake>, bundle_instance=LocalDagBundle(name=dags-folder), max_tries=3, start_date=datetime.datetime(2025, 12, 8, 13, 27, 13, 58559, tzinfo=datetime.timezone.utc), end_date=None, state=<TaskInstanceState.RUNNING: 'running'>, is_mapped=False, rendered_map_index=None, log_url='http://localhost:8080/dags/pipeline_batch/runs/manual__2025-12-08T12%3A59%3A52.876591%2B00%3A00/tasks/ingest_csv_to_snowflake?try_number=4')","logger":"task"}
