{"timestamp":"2025-12-08T14:22:41.470608","level":"info","event":"DAG bundles loaded: dags-folder","logger":"airflow.dag_processing.bundles.manager.DagBundlesManager"}
{"timestamp":"2025-12-08T14:22:41.471253","level":"info","event":"Filling up the DagBag from /opt/airflow/dags/pipeline_batch.py","logger":"airflow.models.dagbag.DagBag"}
{"timestamp":"2025-12-08T14:22:41.539586","level":"info","event":"Tmp dir root location: /tmp","logger":"airflow.task.hooks.airflow.providers.standard.hooks.subprocess.SubprocessHook"}
{"timestamp":"2025-12-08T14:22:41.541736","level":"info","event":"Running command: ['/usr/bin/bash', '-c', '\\n        cd /opt/airflow &&         python -m scripts.ingest_csv_shows__snowflake\\n        ']","logger":"airflow.task.hooks.airflow.providers.standard.hooks.subprocess.SubprocessHook"}
{"timestamp":"2025-12-08T14:22:41.553816","level":"info","event":"Output:","logger":"airflow.task.hooks.airflow.providers.standard.hooks.subprocess.SubprocessHook"}
{"timestamp":"2025-12-08T14:22:42.975424","level":"info","event":"2025-12-08 21:22:42,975 - INFO - Processing shows_history.csv -> SHOWS_HIS","logger":"airflow.task.hooks.airflow.providers.standard.hooks.subprocess.SubprocessHook"}
{"timestamp":"2025-12-08T14:22:42.975584","level":"info","event":"2025-12-08 21:22:42,975 - INFO - Reading CSV file: /opt/airflow/data/raw/csv/shows_history.csv","logger":"airflow.task.hooks.airflow.providers.standard.hooks.subprocess.SubprocessHook"}
{"timestamp":"2025-12-08T14:22:43.020105","level":"info","event":"2025-12-08 21:22:43,019 - INFO - CSV loaded with 366 rows and 23 columns","logger":"airflow.task.hooks.airflow.providers.standard.hooks.subprocess.SubprocessHook"}
{"timestamp":"2025-12-08T14:22:43.058672","level":"info","event":"2025-12-08 21:22:43,058 - INFO - Snowflake Connector for Python Version: 3.17.2, Python Version: 3.12.11, Platform: Linux-5.15.167.4-microsoft-standard-WSL2-x86_64-with-glibc2.36","logger":"airflow.task.hooks.airflow.providers.standard.hooks.subprocess.SubprocessHook"}
{"timestamp":"2025-12-08T14:22:43.058839","level":"info","event":"2025-12-08 21:22:43,058 - INFO - Connecting to GLOBAL Snowflake domain","logger":"airflow.task.hooks.airflow.providers.standard.hooks.subprocess.SubprocessHook"}
{"timestamp":"2025-12-08T14:22:48.847982","level":"info","event":"2025-12-08 21:22:48,847 - INFO - Connected to Snowflake successfully","logger":"airflow.task.hooks.airflow.providers.standard.hooks.subprocess.SubprocessHook"}
{"timestamp":"2025-12-08T14:22:49.209318","level":"info","event":"2025-12-08 21:22:49,209 - INFO - Table FAN_RAW.SHOWS_HIS created or already exists","logger":"airflow.task.hooks.airflow.providers.standard.hooks.subprocess.SubprocessHook"}
{"timestamp":"2025-12-08T14:22:49.231694","level":"info","event":"2025-12-08 21:22:49,231 - INFO - Writing 366 rows to FAN_RAW.SHOWS_HIS","logger":"airflow.task.hooks.airflow.providers.standard.hooks.subprocess.SubprocessHook"}
{"timestamp":"2025-12-08T14:22:51.938044","level":"info","event":"2025-12-08 21:22:51,937 - INFO - Successfully ingested 366 rows into FAN_RAW.SHOWS_HIS","logger":"airflow.task.hooks.airflow.providers.standard.hooks.subprocess.SubprocessHook"}
{"timestamp":"2025-12-08T14:22:52.420679","level":"info","event":"2025-12-08 21:22:52,420 - INFO - ✅ Successfully processed shows_history.csv","logger":"airflow.task.hooks.airflow.providers.standard.hooks.subprocess.SubprocessHook"}
{"timestamp":"2025-12-08T14:22:52.423640","level":"info","event":"2025-12-08 21:22:52,423 - INFO - Processing shows_future.csv -> SHOWS_FUTURE","logger":"airflow.task.hooks.airflow.providers.standard.hooks.subprocess.SubprocessHook"}
{"timestamp":"2025-12-08T14:22:52.423932","level":"info","event":"2025-12-08 21:22:52,423 - INFO - Reading CSV file: /opt/airflow/data/raw/csv/shows_future.csv","logger":"airflow.task.hooks.airflow.providers.standard.hooks.subprocess.SubprocessHook"}
{"timestamp":"2025-12-08T14:22:52.446674","level":"info","event":"2025-12-08 21:22:52,446 - INFO - CSV loaded with 70 rows and 21 columns","logger":"airflow.task.hooks.airflow.providers.standard.hooks.subprocess.SubprocessHook"}
{"timestamp":"2025-12-08T14:22:52.487558","level":"info","event":"2025-12-08 21:22:52,487 - INFO - Snowflake Connector for Python Version: 3.17.2, Python Version: 3.12.11, Platform: Linux-5.15.167.4-microsoft-standard-WSL2-x86_64-with-glibc2.36","logger":"airflow.task.hooks.airflow.providers.standard.hooks.subprocess.SubprocessHook"}
{"timestamp":"2025-12-08T14:22:52.487834","level":"info","event":"2025-12-08 21:22:52,487 - INFO - Connecting to GLOBAL Snowflake domain","logger":"airflow.task.hooks.airflow.providers.standard.hooks.subprocess.SubprocessHook"}
{"timestamp":"2025-12-08T14:22:57.378435","level":"info","event":"2025-12-08 21:22:57,378 - INFO - Connected to Snowflake successfully","logger":"airflow.task.hooks.airflow.providers.standard.hooks.subprocess.SubprocessHook"}
{"timestamp":"2025-12-08T14:22:57.701684","level":"info","event":"2025-12-08 21:22:57,701 - INFO - Table FAN_RAW.SHOWS_FUTURE created or already exists","logger":"airflow.task.hooks.airflow.providers.standard.hooks.subprocess.SubprocessHook"}
{"timestamp":"2025-12-08T14:22:57.721572","level":"info","event":"2025-12-08 21:22:57,720 - INFO - Writing 70 rows to FAN_RAW.SHOWS_FUTURE","logger":"airflow.task.hooks.airflow.providers.standard.hooks.subprocess.SubprocessHook"}
{"timestamp":"2025-12-08T14:22:59.959879","level":"info","event":"2025-12-08 21:22:59,959 - INFO - Successfully ingested 70 rows into FAN_RAW.SHOWS_FUTURE","logger":"airflow.task.hooks.airflow.providers.standard.hooks.subprocess.SubprocessHook"}
{"timestamp":"2025-12-08T14:23:00.464701","level":"info","event":"2025-12-08 21:23:00,464 - INFO - ✅ Successfully processed shows_future.csv","logger":"airflow.task.hooks.airflow.providers.standard.hooks.subprocess.SubprocessHook"}
{"timestamp":"2025-12-08T14:23:00.464911","level":"info","event":"2025-12-08 21:23:00,464 - INFO - 📊 Ingestion Summary: 2/2 files processed successfully","logger":"airflow.task.hooks.airflow.providers.standard.hooks.subprocess.SubprocessHook"}
{"timestamp":"2025-12-08T14:23:00.465007","level":"info","event":"2025-12-08 21:23:00,464 - INFO - 🎉 All CSV files ingested successfully!","logger":"airflow.task.hooks.airflow.providers.standard.hooks.subprocess.SubprocessHook"}
{"timestamp":"2025-12-08T14:23:00.660509","level":"info","event":"Command exited with return code 0","logger":"airflow.task.hooks.airflow.providers.standard.hooks.subprocess.SubprocessHook"}
{"timestamp":"2025-12-08T14:23:00.661604","level":"info","event":"Pushing xcom","ti":"RuntimeTaskInstance(id=UUID('019afe57-d582-7766-9a1c-6cca667d698e'), task_id='ingest_csv_to_snowflake', dag_id='pipeline_batch', run_id='manual__2025-12-08T14:22:40.441352+00:00', try_number=1, map_index=-1, hostname='4c50e9cddad1', context_carrier={}, task=<Task(_BashDecoratedOperator): ingest_csv_to_snowflake>, bundle_instance=LocalDagBundle(name=dags-folder), max_tries=2, start_date=datetime.datetime(2025, 12, 8, 14, 22, 41, 254940, tzinfo=datetime.timezone.utc), end_date=None, state=<TaskInstanceState.RUNNING: 'running'>, is_mapped=False, rendered_map_index=None, log_url='http://localhost:8080/dags/pipeline_batch/runs/manual__2025-12-08T14%3A22%3A40.441352%2B00%3A00/tasks/ingest_csv_to_snowflake?try_number=1')","logger":"task"}
