{"timestamp":"2025-12-09T09:30:04.887047","level":"info","event":"DAG bundles loaded: dags-folder","logger":"airflow.dag_processing.bundles.manager.DagBundlesManager"}
{"timestamp":"2025-12-09T09:30:04.887536","level":"info","event":"Filling up the DagBag from /opt/airflow/dags/pipeline_streaming.py","logger":"airflow.models.dagbag.DagBag"}
{"timestamp":"2025-12-09T09:30:05.104757","level":"info","event":"Tmp dir root location: /tmp","logger":"airflow.task.hooks.airflow.providers.standard.hooks.subprocess.SubprocessHook"}
{"timestamp":"2025-12-09T09:30:05.106429","level":"info","event":"Running command: ['/usr/bin/bash', '-c', '\\n        cd /opt/airflow/dbt &&         dbt run --profiles-dir /opt/airflow/.dbt 2>&1 | tee /tmp/dbt_output.log;         exit_code=${PIPESTATUS[0]};         if [ $exit_code -eq 1 ]; then           if grep -q \"Done. PASS=\" /tmp/dbt_output.log; then             echo \"dbt models completed successfully (protobuf reporting error ignored)\";             exit 0;           fi;         fi;         exit $exit_code\\n        ']","logger":"airflow.task.hooks.airflow.providers.standard.hooks.subprocess.SubprocessHook"}
{"timestamp":"2025-12-09T09:30:05.129975","level":"info","event":"Output:","logger":"airflow.task.hooks.airflow.providers.standard.hooks.subprocess.SubprocessHook"}
{"timestamp":"2025-12-09T09:30:07.929288","level":"info","event":"\u001b[0m09:30:07  Running with dbt=1.10.15","logger":"airflow.task.hooks.airflow.providers.standard.hooks.subprocess.SubprocessHook"}
{"timestamp":"2025-12-09T09:30:09.633761","level":"info","event":"\u001b[0m09:30:09  Registered adapter: snowflake=1.10.3","logger":"airflow.task.hooks.airflow.providers.standard.hooks.subprocess.SubprocessHook"}
{"timestamp":"2025-12-09T09:30:10.717560","level":"info","event":"\u001b[0m09:30:10  Found 16 models, 78 data tests, 3 sources, 627 macros","logger":"airflow.task.hooks.airflow.providers.standard.hooks.subprocess.SubprocessHook"}
{"timestamp":"2025-12-09T09:30:10.728179","level":"info","event":"\u001b[0m09:30:10","logger":"airflow.task.hooks.airflow.providers.standard.hooks.subprocess.SubprocessHook"}
{"timestamp":"2025-12-09T09:30:10.729477","level":"info","event":"\u001b[0m09:30:10  Concurrency: 4 threads (target='dev')","logger":"airflow.task.hooks.airflow.providers.standard.hooks.subprocess.SubprocessHook"}
{"timestamp":"2025-12-09T09:30:10.730251","level":"info","event":"\u001b[0m09:30:10","logger":"airflow.task.hooks.airflow.providers.standard.hooks.subprocess.SubprocessHook"}
{"timestamp":"2025-12-09T09:30:17.061114","level":"info","event":"\u001b[0m09:30:17  1 of 16 START sql view model FAN_staging.stg_shows_future ...................... [RUN]","logger":"airflow.task.hooks.airflow.providers.standard.hooks.subprocess.SubprocessHook"}
{"timestamp":"2025-12-09T09:30:17.061387","level":"info","event":"\u001b[0m09:30:17  2 of 16 START sql view model FAN_staging.stg_shows_his ......................... [RUN]","logger":"airflow.task.hooks.airflow.providers.standard.hooks.subprocess.SubprocessHook"}
{"timestamp":"2025-12-09T09:30:17.062143","level":"info","event":"\u001b[0m09:30:17  3 of 16 START sql table model FAN_staging.stg_ticket_sales ..................... [RUN]","logger":"airflow.task.hooks.airflow.providers.standard.hooks.subprocess.SubprocessHook"}
{"timestamp":"2025-12-09T09:30:19.757292","level":"info","event":"\u001b[0m09:30:19  1 of 16 OK created sql view model FAN_staging.stg_shows_future ................. [\u001b[32mSUCCESS 1\u001b[0m in 2.69s]","logger":"airflow.task.hooks.airflow.providers.standard.hooks.subprocess.SubprocessHook"}
{"timestamp":"2025-12-09T09:30:19.895351","level":"info","event":"\u001b[0m09:30:19  2 of 16 OK created sql view model FAN_staging.stg_shows_his .................... [\u001b[32mSUCCESS 1\u001b[0m in 2.83s]","logger":"airflow.task.hooks.airflow.providers.standard.hooks.subprocess.SubprocessHook"}
{"timestamp":"2025-12-09T09:30:19.898643","level":"info","event":"\u001b[0m09:30:19  4 of 16 START sql table model FAN_intermediate.int_artists ..................... [RUN]","logger":"airflow.task.hooks.airflow.providers.standard.hooks.subprocess.SubprocessHook"}
{"timestamp":"2025-12-09T09:30:19.899329","level":"info","event":"\u001b[0m09:30:19  5 of 16 START sql table model FAN_intermediate.int_show_lifecycle .............. [RUN]","logger":"airflow.task.hooks.airflow.providers.standard.hooks.subprocess.SubprocessHook"}
{"timestamp":"2025-12-09T09:30:19.900001","level":"info","event":"\u001b[0m09:30:19  6 of 16 START sql table model FAN_intermediate.int_shows ....................... [RUN]","logger":"airflow.task.hooks.airflow.providers.standard.hooks.subprocess.SubprocessHook"}
{"timestamp":"2025-12-09T09:30:20.787323","level":"info","event":"\u001b[0m09:30:20  3 of 16 OK created sql table model FAN_staging.stg_ticket_sales ................ [\u001b[32mSUCCESS 1\u001b[0m in 3.72s]","logger":"airflow.task.hooks.airflow.providers.standard.hooks.subprocess.SubprocessHook"}
{"timestamp":"2025-12-09T09:30:20.791052","level":"info","event":"\u001b[0m09:30:20  7 of 16 START sql table model FAN_intermediate.int_venues ...................... [RUN]","logger":"airflow.task.hooks.airflow.providers.standard.hooks.subprocess.SubprocessHook"}
{"timestamp":"2025-12-09T09:30:23.275753","level":"info","event":"\u001b[0m09:30:23  6 of 16 OK created sql table model FAN_intermediate.int_shows .................. [\u001b[32mSUCCESS 1\u001b[0m in 3.37s]","logger":"airflow.task.hooks.airflow.providers.standard.hooks.subprocess.SubprocessHook"}
{"timestamp":"2025-12-09T09:30:23.278495","level":"info","event":"\u001b[0m09:30:23  8 of 16 START sql table model FAN_intermediate.int_ticket_sales_dedup .......... [RUN]","logger":"airflow.task.hooks.airflow.providers.standard.hooks.subprocess.SubprocessHook"}
{"timestamp":"2025-12-09T09:30:23.392825","level":"info","event":"\u001b[0m09:30:23  4 of 16 OK created sql table model FAN_intermediate.int_artists ................ [\u001b[32mSUCCESS 1\u001b[0m in 3.49s]","logger":"airflow.task.hooks.airflow.providers.standard.hooks.subprocess.SubprocessHook"}
{"timestamp":"2025-12-09T09:30:23.395725","level":"info","event":"\u001b[0m09:30:23  9 of 16 START sql table model FAN_marts.fact_shows ............................. [RUN]","logger":"airflow.task.hooks.airflow.providers.standard.hooks.subprocess.SubprocessHook"}
{"timestamp":"2025-12-09T09:30:23.408200","level":"info","event":"\u001b[0m09:30:23  5 of 16 OK created sql table model FAN_intermediate.int_show_lifecycle ......... [\u001b[32mSUCCESS 1\u001b[0m in 3.50s]","logger":"airflow.task.hooks.airflow.providers.standard.hooks.subprocess.SubprocessHook"}
{"timestamp":"2025-12-09T09:30:23.410907","level":"info","event":"\u001b[0m09:30:23  10 of 16 START sql table model FAN_marts.dim_artists ........................... [RUN]","logger":"airflow.task.hooks.airflow.providers.standard.hooks.subprocess.SubprocessHook"}
{"timestamp":"2025-12-09T09:30:23.869685","level":"info","event":"\u001b[0m09:30:23  7 of 16 OK created sql table model FAN_intermediate.int_venues ................. [\u001b[32mSUCCESS 1\u001b[0m in 3.08s]","logger":"airflow.task.hooks.airflow.providers.standard.hooks.subprocess.SubprocessHook"}
{"timestamp":"2025-12-09T09:30:23.872376","level":"info","event":"\u001b[0m09:30:23  11 of 16 START sql table model FAN_marts.dim_venues ............................ [RUN]","logger":"airflow.task.hooks.airflow.providers.standard.hooks.subprocess.SubprocessHook"}
{"timestamp":"2025-12-09T09:30:26.473306","level":"info","event":"\u001b[0m09:30:26  10 of 16 OK created sql table model FAN_marts.dim_artists ...................... [\u001b[32mSUCCESS 1\u001b[0m in 3.06s]","logger":"airflow.task.hooks.airflow.providers.standard.hooks.subprocess.SubprocessHook"}
{"timestamp":"2025-12-09T09:30:26.649277","level":"info","event":"\u001b[0m09:30:26  8 of 16 OK created sql table model FAN_intermediate.int_ticket_sales_dedup ..... [\u001b[32mSUCCESS 1\u001b[0m in 3.37s]","logger":"airflow.task.hooks.airflow.providers.standard.hooks.subprocess.SubprocessHook"}
{"timestamp":"2025-12-09T09:30:26.657116","level":"info","event":"\u001b[0m09:30:26  12 of 16 START sql incremental model FAN_marts.fact_ticket_sales ............... [RUN]","logger":"airflow.task.hooks.airflow.providers.standard.hooks.subprocess.SubprocessHook"}
{"timestamp":"2025-12-09T09:30:26.868083","level":"info","event":"\u001b[0m09:30:26  9 of 16 OK created sql table model FAN_marts.fact_shows ........................ [\u001b[32mSUCCESS 1\u001b[0m in 3.47s]","logger":"airflow.task.hooks.airflow.providers.standard.hooks.subprocess.SubprocessHook"}
{"timestamp":"2025-12-09T09:30:26.871355","level":"info","event":"\u001b[0m09:30:26  13 of 16 START sql table model FAN_marts.mart_artist_performance ............... [RUN]","logger":"airflow.task.hooks.airflow.providers.standard.hooks.subprocess.SubprocessHook"}
{"timestamp":"2025-12-09T09:30:26.872348","level":"info","event":"\u001b[0m09:30:26  14 of 16 START sql table model FAN_marts.mart_show_lifecycle ................... [RUN]","logger":"airflow.task.hooks.airflow.providers.standard.hooks.subprocess.SubprocessHook"}
{"timestamp":"2025-12-09T09:30:27.177765","level":"info","event":"\u001b[0m09:30:27  11 of 16 OK created sql table model FAN_marts.dim_venues ....................... [\u001b[32mSUCCESS 1\u001b[0m in 3.30s]","logger":"airflow.task.hooks.airflow.providers.standard.hooks.subprocess.SubprocessHook"}
{"timestamp":"2025-12-09T09:30:29.710190","level":"info","event":"\u001b[0m09:30:29  13 of 16 OK created sql table model FAN_marts.mart_artist_performance .......... [\u001b[32mSUCCESS 1\u001b[0m in 2.83s]","logger":"airflow.task.hooks.airflow.providers.standard.hooks.subprocess.SubprocessHook"}
{"timestamp":"2025-12-09T09:30:29.988474","level":"info","event":"\u001b[0m09:30:29  14 of 16 OK created sql table model FAN_marts.mart_show_lifecycle .............. [\u001b[32mSUCCESS 1\u001b[0m in 3.11s]","logger":"airflow.task.hooks.airflow.providers.standard.hooks.subprocess.SubprocessHook"}
{"timestamp":"2025-12-09T09:30:32.777118","level":"info","event":"\u001b[0m09:30:32  12 of 16 OK created sql incremental model FAN_marts.fact_ticket_sales .......... [\u001b[32mSUCCESS 1\u001b[0m in 6.11s]","logger":"airflow.task.hooks.airflow.providers.standard.hooks.subprocess.SubprocessHook"}
{"timestamp":"2025-12-09T09:30:32.785792","level":"info","event":"\u001b[0m09:30:32  15 of 16 START sql table model FAN_marts.mart_daily_ticket_summary ............. [RUN]","logger":"airflow.task.hooks.airflow.providers.standard.hooks.subprocess.SubprocessHook"}
{"timestamp":"2025-12-09T09:30:32.787349","level":"info","event":"\u001b[0m09:30:32  16 of 16 START sql table model FAN_marts.mart_ticket_performance ............... [RUN]","logger":"airflow.task.hooks.airflow.providers.standard.hooks.subprocess.SubprocessHook"}
{"timestamp":"2025-12-09T09:30:35.494005","level":"info","event":"\u001b[0m09:30:35  16 of 16 OK created sql table model FAN_marts.mart_ticket_performance .......... [\u001b[32mSUCCESS 1\u001b[0m in 2.70s]","logger":"airflow.task.hooks.airflow.providers.standard.hooks.subprocess.SubprocessHook"}
{"timestamp":"2025-12-09T09:30:35.496836","level":"info","event":"\u001b[0m09:30:35  15 of 16 OK created sql table model FAN_marts.mart_daily_ticket_summary ........ [\u001b[32mSUCCESS 1\u001b[0m in 2.70s]","logger":"airflow.task.hooks.airflow.providers.standard.hooks.subprocess.SubprocessHook"}
{"timestamp":"2025-12-09T09:30:35.519875","level":"info","event":"\u001b[0m09:30:35","logger":"airflow.task.hooks.airflow.providers.standard.hooks.subprocess.SubprocessHook"}
{"timestamp":"2025-12-09T09:30:35.521484","level":"info","event":"\u001b[0m09:30:35  Finished running 1 incremental model, 13 table models, 2 view models in 0 hours 0 minutes and 24.79 seconds (24.79s).","logger":"airflow.task.hooks.airflow.providers.standard.hooks.subprocess.SubprocessHook"}
{"timestamp":"2025-12-09T09:30:35.647366","level":"info","event":"\u001b[0m09:30:35","logger":"airflow.task.hooks.airflow.providers.standard.hooks.subprocess.SubprocessHook"}
{"timestamp":"2025-12-09T09:30:35.648006","level":"info","event":"\u001b[0m09:30:35  \u001b[32mCompleted successfully\u001b[0m","logger":"airflow.task.hooks.airflow.providers.standard.hooks.subprocess.SubprocessHook"}
{"timestamp":"2025-12-09T09:30:35.648470","level":"info","event":"\u001b[0m09:30:35","logger":"airflow.task.hooks.airflow.providers.standard.hooks.subprocess.SubprocessHook"}
{"timestamp":"2025-12-09T09:30:35.649032","level":"info","event":"\u001b[0m09:30:35  Done. PASS=16 WARN=0 ERROR=0 SKIP=0 NO-OP=0 TOTAL=16","logger":"airflow.task.hooks.airflow.providers.standard.hooks.subprocess.SubprocessHook"}
{"timestamp":"2025-12-09T09:30:37.585303","level":"info","event":"Traceback (most recent call last):","logger":"airflow.task.hooks.airflow.providers.standard.hooks.subprocess.SubprocessHook"}
{"timestamp":"2025-12-09T09:30:37.585515","level":"info","event":"  File \"/usr/local/bin/dbt\", line 10, in <module>","logger":"airflow.task.hooks.airflow.providers.standard.hooks.subprocess.SubprocessHook"}
{"timestamp":"2025-12-09T09:30:37.586029","level":"info","event":"    sys.exit(cli())","logger":"airflow.task.hooks.airflow.providers.standard.hooks.subprocess.SubprocessHook"}
{"timestamp":"2025-12-09T09:30:37.586124","level":"info","event":"             ^^^^^","logger":"airflow.task.hooks.airflow.providers.standard.hooks.subprocess.SubprocessHook"}
{"timestamp":"2025-12-09T09:30:37.586196","level":"info","event":"  File \"/home/airflow/.local/lib/python3.12/site-packages/click/core.py\", line 1442, in __call__","logger":"airflow.task.hooks.airflow.providers.standard.hooks.subprocess.SubprocessHook"}
{"timestamp":"2025-12-09T09:30:37.586606","level":"info","event":"    return self.main(*args, **kwargs)","logger":"airflow.task.hooks.airflow.providers.standard.hooks.subprocess.SubprocessHook"}
{"timestamp":"2025-12-09T09:30:37.586704","level":"info","event":"           ^^^^^^^^^^^^^^^^^^^^^^^^^^","logger":"airflow.task.hooks.airflow.providers.standard.hooks.subprocess.SubprocessHook"}
{"timestamp":"2025-12-09T09:30:37.586761","level":"info","event":"  File \"/home/airflow/.local/lib/python3.12/site-packages/click/core.py\", line 1363, in main","logger":"airflow.task.hooks.airflow.providers.standard.hooks.subprocess.SubprocessHook"}
{"timestamp":"2025-12-09T09:30:37.586951","level":"info","event":"    rv = self.invoke(ctx)","logger":"airflow.task.hooks.airflow.providers.standard.hooks.subprocess.SubprocessHook"}
{"timestamp":"2025-12-09T09:30:37.587035","level":"info","event":"         ^^^^^^^^^^^^^^^^","logger":"airflow.task.hooks.airflow.providers.standard.hooks.subprocess.SubprocessHook"}
{"timestamp":"2025-12-09T09:30:37.587088","level":"info","event":"  File \"/home/airflow/.local/lib/python3.12/site-packages/click/core.py\", line 1830, in invoke","logger":"airflow.task.hooks.airflow.providers.standard.hooks.subprocess.SubprocessHook"}
{"timestamp":"2025-12-09T09:30:37.587491","level":"info","event":"    return _process_result(sub_ctx.command.invoke(sub_ctx))","logger":"airflow.task.hooks.airflow.providers.standard.hooks.subprocess.SubprocessHook"}
{"timestamp":"2025-12-09T09:30:37.587605","level":"info","event":"                           ^^^^^^^^^^^^^^^^^^^^^^^^^^^^^^^","logger":"airflow.task.hooks.airflow.providers.standard.hooks.subprocess.SubprocessHook"}
{"timestamp":"2025-12-09T09:30:37.587679","level":"info","event":"  File \"/home/airflow/.local/lib/python3.12/site-packages/click/core.py\", line 1226, in invoke","logger":"airflow.task.hooks.airflow.providers.standard.hooks.subprocess.SubprocessHook"}
{"timestamp":"2025-12-09T09:30:37.587956","level":"info","event":"    return ctx.invoke(self.callback, **ctx.params)","logger":"airflow.task.hooks.airflow.providers.standard.hooks.subprocess.SubprocessHook"}
{"timestamp":"2025-12-09T09:30:37.588031","level":"info","event":"           ^^^^^^^^^^^^^^^^^^^^^^^^^^^^^^^^^^^^^^^","logger":"airflow.task.hooks.airflow.providers.standard.hooks.subprocess.SubprocessHook"}
{"timestamp":"2025-12-09T09:30:37.588076","level":"info","event":"  File \"/home/airflow/.local/lib/python3.12/site-packages/click/core.py\", line 794, in invoke","logger":"airflow.task.hooks.airflow.providers.standard.hooks.subprocess.SubprocessHook"}
{"timestamp":"2025-12-09T09:30:37.588116","level":"info","event":"    return callback(*args, **kwargs)","logger":"airflow.task.hooks.airflow.providers.standard.hooks.subprocess.SubprocessHook"}
{"timestamp":"2025-12-09T09:30:37.588155","level":"info","event":"           ^^^^^^^^^^^^^^^^^^^^^^^^^","logger":"airflow.task.hooks.airflow.providers.standard.hooks.subprocess.SubprocessHook"}
{"timestamp":"2025-12-09T09:30:37.588256","level":"info","event":"  File \"/home/airflow/.local/lib/python3.12/site-packages/click/decorators.py\", line 34, in new_func","logger":"airflow.task.hooks.airflow.providers.standard.hooks.subprocess.SubprocessHook"}
{"timestamp":"2025-12-09T09:30:37.588304","level":"info","event":"    return f(get_current_context(), *args, **kwargs)","logger":"airflow.task.hooks.airflow.providers.standard.hooks.subprocess.SubprocessHook"}
{"timestamp":"2025-12-09T09:30:37.588348","level":"info","event":"           ^^^^^^^^^^^^^^^^^^^^^^^^^^^^^^^^^^^^^^^^^","logger":"airflow.task.hooks.airflow.providers.standard.hooks.subprocess.SubprocessHook"}
{"timestamp":"2025-12-09T09:30:37.588388","level":"info","event":"  File \"/usr/local/lib/python3.12/site-packages/dbt/cli/main.py\", line 149, in wrapper","logger":"airflow.task.hooks.airflow.providers.standard.hooks.subprocess.SubprocessHook"}
{"timestamp":"2025-12-09T09:30:37.588437","level":"info","event":"    return func(*args, **kwargs)","logger":"airflow.task.hooks.airflow.providers.standard.hooks.subprocess.SubprocessHook"}
{"timestamp":"2025-12-09T09:30:37.588485","level":"info","event":"           ^^^^^^^^^^^^^^^^^^^^^","logger":"airflow.task.hooks.airflow.providers.standard.hooks.subprocess.SubprocessHook"}
{"timestamp":"2025-12-09T09:30:37.588532","level":"info","event":"  File \"/usr/local/lib/python3.12/site-packages/dbt/cli/requires.py\", line 207, in wrapper","logger":"airflow.task.hooks.airflow.providers.standard.hooks.subprocess.SubprocessHook"}
{"timestamp":"2025-12-09T09:30:37.588582","level":"info","event":"    fire_event(","logger":"airflow.task.hooks.airflow.providers.standard.hooks.subprocess.SubprocessHook"}
{"timestamp":"2025-12-09T09:30:37.588630","level":"info","event":"  File \"/usr/local/lib/python3.12/site-packages/dbt_common/events/functions.py\", line 142, in fire_event","logger":"airflow.task.hooks.airflow.providers.standard.hooks.subprocess.SubprocessHook"}
{"timestamp":"2025-12-09T09:30:37.588681","level":"info","event":"    get_event_manager().fire_event(","logger":"airflow.task.hooks.airflow.providers.standard.hooks.subprocess.SubprocessHook"}
{"timestamp":"2025-12-09T09:30:37.588727","level":"info","event":"  File \"/usr/local/lib/python3.12/site-packages/dbt_common/events/event_manager.py\", line 56, in fire_event","logger":"airflow.task.hooks.airflow.providers.standard.hooks.subprocess.SubprocessHook"}
{"timestamp":"2025-12-09T09:30:37.588782","level":"info","event":"    msg = msg_from_base_event(e, level=level)","logger":"airflow.task.hooks.airflow.providers.standard.hooks.subprocess.SubprocessHook"}
{"timestamp":"2025-12-09T09:30:37.588829","level":"info","event":"          ^^^^^^^^^^^^^^^^^^^^^^^^^^^^^^^^^^^","logger":"airflow.task.hooks.airflow.providers.standard.hooks.subprocess.SubprocessHook"}
{"timestamp":"2025-12-09T09:30:37.588874","level":"info","event":"  File \"/usr/local/lib/python3.12/site-packages/dbt_common/events/base_types.py\", line 143, in msg_from_base_event","logger":"airflow.task.hooks.airflow.providers.standard.hooks.subprocess.SubprocessHook"}
{"timestamp":"2025-12-09T09:30:37.588922","level":"info","event":"    \"msg\": event.message(),","logger":"airflow.task.hooks.airflow.providers.standard.hooks.subprocess.SubprocessHook"}
{"timestamp":"2025-12-09T09:30:37.588999","level":"info","event":"           ^^^^^^^^^^^^^^^","logger":"airflow.task.hooks.airflow.providers.standard.hooks.subprocess.SubprocessHook"}
{"timestamp":"2025-12-09T09:30:37.589046","level":"info","event":"  File \"/usr/local/lib/python3.12/site-packages/dbt/events/types.py\", line 2464, in message","logger":"airflow.task.hooks.airflow.providers.standard.hooks.subprocess.SubprocessHook"}
{"timestamp":"2025-12-09T09:30:37.589460","level":"info","event":"    return f\"Resource report: {self.to_json()}\"","logger":"airflow.task.hooks.airflow.providers.standard.hooks.subprocess.SubprocessHook"}
{"timestamp":"2025-12-09T09:30:37.589534","level":"info","event":"                               ^^^^^^^^^^^^^^","logger":"airflow.task.hooks.airflow.providers.standard.hooks.subprocess.SubprocessHook"}
{"timestamp":"2025-12-09T09:30:37.589575","level":"info","event":"  File \"/usr/local/lib/python3.12/site-packages/dbt_common/events/base_types.py\", line 98, in to_json","logger":"airflow.task.hooks.airflow.providers.standard.hooks.subprocess.SubprocessHook"}
{"timestamp":"2025-12-09T09:30:37.589615","level":"info","event":"    return MessageToJson(","logger":"airflow.task.hooks.airflow.providers.standard.hooks.subprocess.SubprocessHook"}
{"timestamp":"2025-12-09T09:30:37.589654","level":"info","event":"           ^^^^^^^^^^^^^^","logger":"airflow.task.hooks.airflow.providers.standard.hooks.subprocess.SubprocessHook"}
{"timestamp":"2025-12-09T09:30:37.589718","level":"info","event":"TypeError: MessageToJson() got an unexpected keyword argument 'always_print_fields_with_no_presence'","logger":"airflow.task.hooks.airflow.providers.standard.hooks.subprocess.SubprocessHook"}
{"timestamp":"2025-12-09T09:30:38.203474","level":"info","event":"dbt models completed successfully (protobuf reporting error ignored)","logger":"airflow.task.hooks.airflow.providers.standard.hooks.subprocess.SubprocessHook"}
{"timestamp":"2025-12-09T09:30:38.203716","level":"info","event":"Command exited with return code 0","logger":"airflow.task.hooks.airflow.providers.standard.hooks.subprocess.SubprocessHook"}
{"timestamp":"2025-12-09T09:30:38.204788","level":"info","event":"Pushing xcom","ti":"RuntimeTaskInstance(id=UUID('019b0272-41fc-73f2-8621-201f63f1e5bd'), task_id='dbt_run', dag_id='pipeline_streaming', run_id='scheduled__2025-12-09T09:30:00+00:00', try_number=1, map_index=-1, hostname='6bf93f468c0d', context_carrier={}, task=<Task(_BashDecoratedOperator): dbt_run>, bundle_instance=LocalDagBundle(name=dags-folder), max_tries=2, start_date=datetime.datetime(2025, 12, 9, 9, 30, 4, 745633, tzinfo=datetime.timezone.utc), end_date=None, state=<TaskInstanceState.RUNNING: 'running'>, is_mapped=False, rendered_map_index=None, log_url='http://localhost:8080/dags/pipeline_streaming/runs/scheduled__2025-12-09T09%3A30%3A00%2B00%3A00/tasks/dbt_run?try_number=1')","logger":"task"}
