{"timestamp":"2025-12-10T11:15:07.405980","level":"info","event":"DAG bundles loaded: dags-folder","logger":"airflow.dag_processing.bundles.manager.DagBundlesManager"}
{"timestamp":"2025-12-10T11:15:07.407045","level":"info","event":"Filling up the DagBag from /opt/airflow/dags/pipeline_streaming.py","logger":"airflow.models.dagbag.DagBag"}
{"timestamp":"2025-12-10T11:15:07.598072","level":"info","event":"Tmp dir root location: /tmp","logger":"airflow.task.hooks.airflow.providers.standard.hooks.subprocess.SubprocessHook"}
{"timestamp":"2025-12-10T11:15:07.601254","level":"info","event":"Running command: ['/usr/bin/bash', '-c', '\\n        cd /opt/airflow/dbt &&         dbt run --profiles-dir /opt/airflow/.dbt 2>&1 | tee /tmp/dbt_output.log;         exit_code=${PIPESTATUS[0]};         if [ $exit_code -eq 1 ]; then           if grep -q \"Done. PASS=\" /tmp/dbt_output.log; then             echo \"dbt models completed successfully (protobuf reporting error ignored)\";             exit 0;           fi;         fi;         exit $exit_code\\n        ']","logger":"airflow.task.hooks.airflow.providers.standard.hooks.subprocess.SubprocessHook"}
{"timestamp":"2025-12-10T11:15:07.624000","level":"info","event":"Output:","logger":"airflow.task.hooks.airflow.providers.standard.hooks.subprocess.SubprocessHook"}
{"timestamp":"2025-12-10T11:15:12.010111","level":"info","event":"\u001b[0m11:15:12  Running with dbt=1.10.15","logger":"airflow.task.hooks.airflow.providers.standard.hooks.subprocess.SubprocessHook"}
{"timestamp":"2025-12-10T11:15:13.507752","level":"info","event":"\u001b[0m11:15:13  Registered adapter: snowflake=1.10.3","logger":"airflow.task.hooks.airflow.providers.standard.hooks.subprocess.SubprocessHook"}
{"timestamp":"2025-12-10T11:15:15.053019","level":"info","event":"\u001b[0m11:15:15  Found 16 models, 78 data tests, 3 sources, 627 macros","logger":"airflow.task.hooks.airflow.providers.standard.hooks.subprocess.SubprocessHook"}
{"timestamp":"2025-12-10T11:15:15.059467","level":"info","event":"\u001b[0m11:15:15","logger":"airflow.task.hooks.airflow.providers.standard.hooks.subprocess.SubprocessHook"}
{"timestamp":"2025-12-10T11:15:15.060264","level":"info","event":"\u001b[0m11:15:15  Concurrency: 4 threads (target='dev')","logger":"airflow.task.hooks.airflow.providers.standard.hooks.subprocess.SubprocessHook"}
{"timestamp":"2025-12-10T11:15:15.060961","level":"info","event":"\u001b[0m11:15:15","logger":"airflow.task.hooks.airflow.providers.standard.hooks.subprocess.SubprocessHook"}
{"timestamp":"2025-12-10T11:15:21.850182","level":"info","event":"\u001b[0m11:15:21  1 of 16 START sql view model FAN_staging.stg_shows_future ...................... [RUN]","logger":"airflow.task.hooks.airflow.providers.standard.hooks.subprocess.SubprocessHook"}
{"timestamp":"2025-12-10T11:15:21.851707","level":"info","event":"\u001b[0m11:15:21  2 of 16 START sql view model FAN_staging.stg_shows_his ......................... [RUN]","logger":"airflow.task.hooks.airflow.providers.standard.hooks.subprocess.SubprocessHook"}
{"timestamp":"2025-12-10T11:15:21.853021","level":"info","event":"\u001b[0m11:15:21  3 of 16 START sql table model FAN_staging.stg_ticket_sales ..................... [RUN]","logger":"airflow.task.hooks.airflow.providers.standard.hooks.subprocess.SubprocessHook"}
{"timestamp":"2025-12-10T11:15:24.214328","level":"info","event":"\u001b[0m11:15:24  1 of 16 OK created sql view model FAN_staging.stg_shows_future ................. [\u001b[32mSUCCESS 1\u001b[0m in 2.35s]","logger":"airflow.task.hooks.airflow.providers.standard.hooks.subprocess.SubprocessHook"}
{"timestamp":"2025-12-10T11:15:24.551448","level":"info","event":"\u001b[0m11:15:24  2 of 16 OK created sql view model FAN_staging.stg_shows_his .................... [\u001b[32mSUCCESS 1\u001b[0m in 2.69s]","logger":"airflow.task.hooks.airflow.providers.standard.hooks.subprocess.SubprocessHook"}
{"timestamp":"2025-12-10T11:15:24.555461","level":"info","event":"\u001b[0m11:15:24  4 of 16 START sql table model FAN_intermediate.int_artists ..................... [RUN]","logger":"airflow.task.hooks.airflow.providers.standard.hooks.subprocess.SubprocessHook"}
{"timestamp":"2025-12-10T11:15:24.556324","level":"info","event":"\u001b[0m11:15:24  5 of 16 START sql table model FAN_intermediate.int_show_lifecycle .............. [RUN]","logger":"airflow.task.hooks.airflow.providers.standard.hooks.subprocess.SubprocessHook"}
{"timestamp":"2025-12-10T11:15:24.557060","level":"info","event":"\u001b[0m11:15:24  6 of 16 START sql table model FAN_intermediate.int_shows ....................... [RUN]","logger":"airflow.task.hooks.airflow.providers.standard.hooks.subprocess.SubprocessHook"}
{"timestamp":"2025-12-10T11:15:25.565783","level":"info","event":"\u001b[0m11:15:25  3 of 16 OK created sql table model FAN_staging.stg_ticket_sales ................ [\u001b[32mSUCCESS 1\u001b[0m in 3.71s]","logger":"airflow.task.hooks.airflow.providers.standard.hooks.subprocess.SubprocessHook"}
{"timestamp":"2025-12-10T11:15:25.577765","level":"info","event":"\u001b[0m11:15:25  7 of 16 START sql table model FAN_intermediate.int_venues ...................... [RUN]","logger":"airflow.task.hooks.airflow.providers.standard.hooks.subprocess.SubprocessHook"}
{"timestamp":"2025-12-10T11:15:28.004487","level":"info","event":"\u001b[0m11:15:28  6 of 16 OK created sql table model FAN_intermediate.int_shows .................. [\u001b[32mSUCCESS 1\u001b[0m in 3.44s]","logger":"airflow.task.hooks.airflow.providers.standard.hooks.subprocess.SubprocessHook"}
{"timestamp":"2025-12-10T11:15:28.016257","level":"info","event":"\u001b[0m11:15:28  8 of 16 START sql table model FAN_intermediate.int_ticket_sales_dedup .......... [RUN]","logger":"airflow.task.hooks.airflow.providers.standard.hooks.subprocess.SubprocessHook"}
{"timestamp":"2025-12-10T11:15:28.135280","level":"info","event":"\u001b[0m11:15:28  4 of 16 OK created sql table model FAN_intermediate.int_artists ................ [\u001b[32mSUCCESS 1\u001b[0m in 3.57s]","logger":"airflow.task.hooks.airflow.providers.standard.hooks.subprocess.SubprocessHook"}
{"timestamp":"2025-12-10T11:15:28.243776","level":"info","event":"\u001b[0m11:15:28  9 of 16 START sql table model FAN_marts.fact_shows ............................. [RUN]","logger":"airflow.task.hooks.airflow.providers.standard.hooks.subprocess.SubprocessHook"}
{"timestamp":"2025-12-10T11:15:28.287304","level":"info","event":"\u001b[0m11:15:28  5 of 16 OK created sql table model FAN_intermediate.int_show_lifecycle ......... [\u001b[32mSUCCESS 1\u001b[0m in 3.73s]","logger":"airflow.task.hooks.airflow.providers.standard.hooks.subprocess.SubprocessHook"}
{"timestamp":"2025-12-10T11:15:28.289072","level":"info","event":"\u001b[0m11:15:28  10 of 16 START sql table model FAN_marts.dim_artists ........................... [RUN]","logger":"airflow.task.hooks.airflow.providers.standard.hooks.subprocess.SubprocessHook"}
{"timestamp":"2025-12-10T11:15:29.385508","level":"info","event":"\u001b[0m11:15:29  7 of 16 OK created sql table model FAN_intermediate.int_venues ................. [\u001b[32mSUCCESS 1\u001b[0m in 3.80s]","logger":"airflow.task.hooks.airflow.providers.standard.hooks.subprocess.SubprocessHook"}
{"timestamp":"2025-12-10T11:15:29.392333","level":"info","event":"\u001b[0m11:15:29  11 of 16 START sql table model FAN_marts.dim_venues ............................ [RUN]","logger":"airflow.task.hooks.airflow.providers.standard.hooks.subprocess.SubprocessHook"}
{"timestamp":"2025-12-10T11:15:30.896402","level":"info","event":"\u001b[0m11:15:30  9 of 16 OK created sql table model FAN_marts.fact_shows ........................ [\u001b[32mSUCCESS 1\u001b[0m in 2.64s]","logger":"airflow.task.hooks.airflow.providers.standard.hooks.subprocess.SubprocessHook"}
{"timestamp":"2025-12-10T11:15:31.060490","level":"info","event":"\u001b[0m11:15:31  8 of 16 OK created sql table model FAN_intermediate.int_ticket_sales_dedup ..... [\u001b[32mSUCCESS 1\u001b[0m in 3.04s]","logger":"airflow.task.hooks.airflow.providers.standard.hooks.subprocess.SubprocessHook"}
{"timestamp":"2025-12-10T11:15:31.064572","level":"info","event":"\u001b[0m11:15:31  12 of 16 START sql incremental model FAN_marts.fact_ticket_sales ............... [RUN]","logger":"airflow.task.hooks.airflow.providers.standard.hooks.subprocess.SubprocessHook"}
{"timestamp":"2025-12-10T11:15:31.263650","level":"info","event":"\u001b[0m11:15:31  10 of 16 OK created sql table model FAN_marts.dim_artists ...................... [\u001b[32mSUCCESS 1\u001b[0m in 2.97s]","logger":"airflow.task.hooks.airflow.providers.standard.hooks.subprocess.SubprocessHook"}
{"timestamp":"2025-12-10T11:15:31.270838","level":"info","event":"\u001b[0m11:15:31  13 of 16 START sql table model FAN_marts.mart_artist_performance ............... [RUN]","logger":"airflow.task.hooks.airflow.providers.standard.hooks.subprocess.SubprocessHook"}
{"timestamp":"2025-12-10T11:15:31.272332","level":"info","event":"\u001b[0m11:15:31  14 of 16 START sql table model FAN_marts.mart_show_lifecycle ................... [RUN]","logger":"airflow.task.hooks.airflow.providers.standard.hooks.subprocess.SubprocessHook"}
{"timestamp":"2025-12-10T11:15:32.153093","level":"info","event":"\u001b[0m11:15:32  11 of 16 OK created sql table model FAN_marts.dim_venues ....................... [\u001b[32mSUCCESS 1\u001b[0m in 2.76s]","logger":"airflow.task.hooks.airflow.providers.standard.hooks.subprocess.SubprocessHook"}
{"timestamp":"2025-12-10T11:15:34.196241","level":"info","event":"\u001b[0m11:15:34  14 of 16 OK created sql table model FAN_marts.mart_show_lifecycle .............. [\u001b[32mSUCCESS 1\u001b[0m in 2.92s]","logger":"airflow.task.hooks.airflow.providers.standard.hooks.subprocess.SubprocessHook"}
{"timestamp":"2025-12-10T11:15:34.249689","level":"info","event":"\u001b[0m11:15:34  13 of 16 OK created sql table model FAN_marts.mart_artist_performance .......... [\u001b[32mSUCCESS 1\u001b[0m in 2.97s]","logger":"airflow.task.hooks.airflow.providers.standard.hooks.subprocess.SubprocessHook"}
{"timestamp":"2025-12-10T11:15:38.226862","level":"info","event":"\u001b[0m11:15:38  12 of 16 OK created sql incremental model FAN_marts.fact_ticket_sales .......... [\u001b[32mSUCCESS 1\u001b[0m in 7.16s]","logger":"airflow.task.hooks.airflow.providers.standard.hooks.subprocess.SubprocessHook"}
{"timestamp":"2025-12-10T11:15:38.233301","level":"info","event":"\u001b[0m11:15:38  15 of 16 START sql table model FAN_marts.mart_daily_ticket_summary ............. [RUN]","logger":"airflow.task.hooks.airflow.providers.standard.hooks.subprocess.SubprocessHook"}
{"timestamp":"2025-12-10T11:15:38.234674","level":"info","event":"\u001b[0m11:15:38  16 of 16 START sql table model FAN_marts.mart_ticket_performance ............... [RUN]","logger":"airflow.task.hooks.airflow.providers.standard.hooks.subprocess.SubprocessHook"}
{"timestamp":"2025-12-10T11:15:41.256553","level":"info","event":"\u001b[0m11:15:41  15 of 16 OK created sql table model FAN_marts.mart_daily_ticket_summary ........ [\u001b[32mSUCCESS 1\u001b[0m in 3.02s]","logger":"airflow.task.hooks.airflow.providers.standard.hooks.subprocess.SubprocessHook"}
{"timestamp":"2025-12-10T11:15:41.362827","level":"info","event":"\u001b[0m11:15:41  16 of 16 OK created sql table model FAN_marts.mart_ticket_performance .......... [\u001b[32mSUCCESS 1\u001b[0m in 3.12s]","logger":"airflow.task.hooks.airflow.providers.standard.hooks.subprocess.SubprocessHook"}
{"timestamp":"2025-12-10T11:15:41.374454","level":"info","event":"\u001b[0m11:15:41","logger":"airflow.task.hooks.airflow.providers.standard.hooks.subprocess.SubprocessHook"}
{"timestamp":"2025-12-10T11:15:41.375445","level":"info","event":"\u001b[0m11:15:41  Finished running 1 incremental model, 13 table models, 2 view models in 0 hours 0 minutes and 26.31 seconds (26.31s).","logger":"airflow.task.hooks.airflow.providers.standard.hooks.subprocess.SubprocessHook"}
{"timestamp":"2025-12-10T11:15:41.566151","level":"info","event":"\u001b[0m11:15:41","logger":"airflow.task.hooks.airflow.providers.standard.hooks.subprocess.SubprocessHook"}
{"timestamp":"2025-12-10T11:15:41.566834","level":"info","event":"\u001b[0m11:15:41  \u001b[32mCompleted successfully\u001b[0m","logger":"airflow.task.hooks.airflow.providers.standard.hooks.subprocess.SubprocessHook"}
{"timestamp":"2025-12-10T11:15:41.567500","level":"info","event":"\u001b[0m11:15:41","logger":"airflow.task.hooks.airflow.providers.standard.hooks.subprocess.SubprocessHook"}
{"timestamp":"2025-12-10T11:15:41.568527","level":"info","event":"\u001b[0m11:15:41  Done. PASS=16 WARN=0 ERROR=0 SKIP=0 NO-OP=0 TOTAL=16","logger":"airflow.task.hooks.airflow.providers.standard.hooks.subprocess.SubprocessHook"}
{"timestamp":"2025-12-10T11:15:43.342413","level":"info","event":"Traceback (most recent call last):","logger":"airflow.task.hooks.airflow.providers.standard.hooks.subprocess.SubprocessHook"}
{"timestamp":"2025-12-10T11:15:43.342850","level":"info","event":"  File \"/usr/local/bin/dbt\", line 10, in <module>","logger":"airflow.task.hooks.airflow.providers.standard.hooks.subprocess.SubprocessHook"}
{"timestamp":"2025-12-10T11:15:43.343447","level":"info","event":"    sys.exit(cli())","logger":"airflow.task.hooks.airflow.providers.standard.hooks.subprocess.SubprocessHook"}
{"timestamp":"2025-12-10T11:15:43.343675","level":"info","event":"             ^^^^^","logger":"airflow.task.hooks.airflow.providers.standard.hooks.subprocess.SubprocessHook"}
{"timestamp":"2025-12-10T11:15:43.343855","level":"info","event":"  File \"/home/airflow/.local/lib/python3.12/site-packages/click/core.py\", line 1442, in __call__","logger":"airflow.task.hooks.airflow.providers.standard.hooks.subprocess.SubprocessHook"}
{"timestamp":"2025-12-10T11:15:43.344513","level":"info","event":"    return self.main(*args, **kwargs)","logger":"airflow.task.hooks.airflow.providers.standard.hooks.subprocess.SubprocessHook"}
{"timestamp":"2025-12-10T11:15:43.344887","level":"info","event":"           ^^^^^^^^^^^^^^^^^^^^^^^^^^","logger":"airflow.task.hooks.airflow.providers.standard.hooks.subprocess.SubprocessHook"}
{"timestamp":"2025-12-10T11:15:43.345106","level":"info","event":"  File \"/home/airflow/.local/lib/python3.12/site-packages/click/core.py\", line 1363, in main","logger":"airflow.task.hooks.airflow.providers.standard.hooks.subprocess.SubprocessHook"}
{"timestamp":"2025-12-10T11:15:43.345546","level":"info","event":"    rv = self.invoke(ctx)","logger":"airflow.task.hooks.airflow.providers.standard.hooks.subprocess.SubprocessHook"}
{"timestamp":"2025-12-10T11:15:43.345805","level":"info","event":"         ^^^^^^^^^^^^^^^^","logger":"airflow.task.hooks.airflow.providers.standard.hooks.subprocess.SubprocessHook"}
{"timestamp":"2025-12-10T11:15:43.346003","level":"info","event":"  File \"/home/airflow/.local/lib/python3.12/site-packages/click/core.py\", line 1830, in invoke","logger":"airflow.task.hooks.airflow.providers.standard.hooks.subprocess.SubprocessHook"}
{"timestamp":"2025-12-10T11:15:43.346720","level":"info","event":"    return _process_result(sub_ctx.command.invoke(sub_ctx))","logger":"airflow.task.hooks.airflow.providers.standard.hooks.subprocess.SubprocessHook"}
{"timestamp":"2025-12-10T11:15:43.347003","level":"info","event":"                           ^^^^^^^^^^^^^^^^^^^^^^^^^^^^^^^","logger":"airflow.task.hooks.airflow.providers.standard.hooks.subprocess.SubprocessHook"}
{"timestamp":"2025-12-10T11:15:43.347198","level":"info","event":"  File \"/home/airflow/.local/lib/python3.12/site-packages/click/core.py\", line 1226, in invoke","logger":"airflow.task.hooks.airflow.providers.standard.hooks.subprocess.SubprocessHook"}
{"timestamp":"2025-12-10T11:15:43.347716","level":"info","event":"    return ctx.invoke(self.callback, **ctx.params)","logger":"airflow.task.hooks.airflow.providers.standard.hooks.subprocess.SubprocessHook"}
{"timestamp":"2025-12-10T11:15:43.348074","level":"info","event":"           ^^^^^^^^^^^^^^^^^^^^^^^^^^^^^^^^^^^^^^^","logger":"airflow.task.hooks.airflow.providers.standard.hooks.subprocess.SubprocessHook"}
{"timestamp":"2025-12-10T11:15:43.349123","level":"info","event":"  File \"/home/airflow/.local/lib/python3.12/site-packages/click/core.py\", line 794, in invoke","logger":"airflow.task.hooks.airflow.providers.standard.hooks.subprocess.SubprocessHook"}
{"timestamp":"2025-12-10T11:15:43.349845","level":"info","event":"    return callback(*args, **kwargs)","logger":"airflow.task.hooks.airflow.providers.standard.hooks.subprocess.SubprocessHook"}
{"timestamp":"2025-12-10T11:15:43.350090","level":"info","event":"           ^^^^^^^^^^^^^^^^^^^^^^^^^","logger":"airflow.task.hooks.airflow.providers.standard.hooks.subprocess.SubprocessHook"}
{"timestamp":"2025-12-10T11:15:43.350282","level":"info","event":"  File \"/home/airflow/.local/lib/python3.12/site-packages/click/decorators.py\", line 34, in new_func","logger":"airflow.task.hooks.airflow.providers.standard.hooks.subprocess.SubprocessHook"}
{"timestamp":"2025-12-10T11:15:43.350605","level":"info","event":"    return f(get_current_context(), *args, **kwargs)","logger":"airflow.task.hooks.airflow.providers.standard.hooks.subprocess.SubprocessHook"}
{"timestamp":"2025-12-10T11:15:43.350858","level":"info","event":"           ^^^^^^^^^^^^^^^^^^^^^^^^^^^^^^^^^^^^^^^^^","logger":"airflow.task.hooks.airflow.providers.standard.hooks.subprocess.SubprocessHook"}
{"timestamp":"2025-12-10T11:15:43.351018","level":"info","event":"  File \"/usr/local/lib/python3.12/site-packages/dbt/cli/main.py\", line 149, in wrapper","logger":"airflow.task.hooks.airflow.providers.standard.hooks.subprocess.SubprocessHook"}
{"timestamp":"2025-12-10T11:15:43.351184","level":"info","event":"    return func(*args, **kwargs)","logger":"airflow.task.hooks.airflow.providers.standard.hooks.subprocess.SubprocessHook"}
{"timestamp":"2025-12-10T11:15:43.351331","level":"info","event":"           ^^^^^^^^^^^^^^^^^^^^^","logger":"airflow.task.hooks.airflow.providers.standard.hooks.subprocess.SubprocessHook"}
{"timestamp":"2025-12-10T11:15:43.351471","level":"info","event":"  File \"/usr/local/lib/python3.12/site-packages/dbt/cli/requires.py\", line 207, in wrapper","logger":"airflow.task.hooks.airflow.providers.standard.hooks.subprocess.SubprocessHook"}
{"timestamp":"2025-12-10T11:15:43.351627","level":"info","event":"    fire_event(","logger":"airflow.task.hooks.airflow.providers.standard.hooks.subprocess.SubprocessHook"}
{"timestamp":"2025-12-10T11:15:43.352139","level":"info","event":"  File \"/usr/local/lib/python3.12/site-packages/dbt_common/events/functions.py\", line 142, in fire_event","logger":"airflow.task.hooks.airflow.providers.standard.hooks.subprocess.SubprocessHook"}
{"timestamp":"2025-12-10T11:15:43.352434","level":"info","event":"    get_event_manager().fire_event(","logger":"airflow.task.hooks.airflow.providers.standard.hooks.subprocess.SubprocessHook"}
{"timestamp":"2025-12-10T11:15:43.352588","level":"info","event":"  File \"/usr/local/lib/python3.12/site-packages/dbt_common/events/event_manager.py\", line 56, in fire_event","logger":"airflow.task.hooks.airflow.providers.standard.hooks.subprocess.SubprocessHook"}
{"timestamp":"2025-12-10T11:15:43.354319","level":"info","event":"    msg = msg_from_base_event(e, level=level)","logger":"airflow.task.hooks.airflow.providers.standard.hooks.subprocess.SubprocessHook"}
{"timestamp":"2025-12-10T11:15:43.355033","level":"info","event":"          ^^^^^^^^^^^^^^^^^^^^^^^^^^^^^^^^^^^","logger":"airflow.task.hooks.airflow.providers.standard.hooks.subprocess.SubprocessHook"}
{"timestamp":"2025-12-10T11:15:43.355365","level":"info","event":"  File \"/usr/local/lib/python3.12/site-packages/dbt_common/events/base_types.py\", line 143, in msg_from_base_event","logger":"airflow.task.hooks.airflow.providers.standard.hooks.subprocess.SubprocessHook"}
{"timestamp":"2025-12-10T11:15:43.355634","level":"info","event":"    \"msg\": event.message(),","logger":"airflow.task.hooks.airflow.providers.standard.hooks.subprocess.SubprocessHook"}
{"timestamp":"2025-12-10T11:15:43.355779","level":"info","event":"           ^^^^^^^^^^^^^^^","logger":"airflow.task.hooks.airflow.providers.standard.hooks.subprocess.SubprocessHook"}
{"timestamp":"2025-12-10T11:15:43.355886","level":"info","event":"  File \"/usr/local/lib/python3.12/site-packages/dbt/events/types.py\", line 2464, in message","logger":"airflow.task.hooks.airflow.providers.standard.hooks.subprocess.SubprocessHook"}
{"timestamp":"2025-12-10T11:15:43.356556","level":"info","event":"    return f\"Resource report: {self.to_json()}\"","logger":"airflow.task.hooks.airflow.providers.standard.hooks.subprocess.SubprocessHook"}
{"timestamp":"2025-12-10T11:15:43.356739","level":"info","event":"                               ^^^^^^^^^^^^^^","logger":"airflow.task.hooks.airflow.providers.standard.hooks.subprocess.SubprocessHook"}
{"timestamp":"2025-12-10T11:15:43.357529","level":"info","event":"  File \"/usr/local/lib/python3.12/site-packages/dbt_common/events/base_types.py\", line 98, in to_json","logger":"airflow.task.hooks.airflow.providers.standard.hooks.subprocess.SubprocessHook"}
{"timestamp":"2025-12-10T11:15:43.357647","level":"info","event":"    return MessageToJson(","logger":"airflow.task.hooks.airflow.providers.standard.hooks.subprocess.SubprocessHook"}
{"timestamp":"2025-12-10T11:15:43.357729","level":"info","event":"           ^^^^^^^^^^^^^^","logger":"airflow.task.hooks.airflow.providers.standard.hooks.subprocess.SubprocessHook"}
{"timestamp":"2025-12-10T11:15:43.357875","level":"info","event":"TypeError: MessageToJson() got an unexpected keyword argument 'always_print_fields_with_no_presence'","logger":"airflow.task.hooks.airflow.providers.standard.hooks.subprocess.SubprocessHook"}
{"timestamp":"2025-12-10T11:15:44.108562","level":"info","event":"dbt models completed successfully (protobuf reporting error ignored)","logger":"airflow.task.hooks.airflow.providers.standard.hooks.subprocess.SubprocessHook"}
{"timestamp":"2025-12-10T11:15:44.108929","level":"info","event":"Command exited with return code 0","logger":"airflow.task.hooks.airflow.providers.standard.hooks.subprocess.SubprocessHook"}
{"timestamp":"2025-12-10T11:15:44.110046","level":"info","event":"Pushing xcom","ti":"RuntimeTaskInstance(id=UUID('019b07f8-bc8e-73d7-865f-7398301aecdc'), task_id='dbt_run', dag_id='pipeline_streaming', run_id='scheduled__2025-12-10T11:15:00+00:00', try_number=1, map_index=-1, hostname='6bf93f468c0d', context_carrier={}, task=<Task(_BashDecoratedOperator): dbt_run>, bundle_instance=LocalDagBundle(name=dags-folder), max_tries=2, start_date=datetime.datetime(2025, 12, 10, 11, 15, 7, 233559, tzinfo=datetime.timezone.utc), end_date=None, state=<TaskInstanceState.RUNNING: 'running'>, is_mapped=False, rendered_map_index=None, log_url='http://localhost:8080/dags/pipeline_streaming/runs/scheduled__2025-12-10T11%3A15%3A00%2B00%3A00/tasks/dbt_run?try_number=1')","logger":"task"}
