{"timestamp":"2025-12-08T14:45:27.831818","level":"info","event":"DAG bundles loaded: dags-folder","logger":"airflow.dag_processing.bundles.manager.DagBundlesManager"}
{"timestamp":"2025-12-08T14:45:27.832549","level":"info","event":"Filling up the DagBag from /opt/airflow/dags/pipeline_batch.py","logger":"airflow.models.dagbag.DagBag"}
{"timestamp":"2025-12-08T14:45:27.883578","level":"info","event":"Tmp dir root location: /tmp","logger":"airflow.task.hooks.airflow.providers.standard.hooks.subprocess.SubprocessHook"}
{"timestamp":"2025-12-08T14:45:27.884938","level":"info","event":"Running command: ['/usr/bin/bash', '-c', '\\n        cd /opt/airflow &&         python -m scripts.ingest_csv_shows__snowflake\\n        ']","logger":"airflow.task.hooks.airflow.providers.standard.hooks.subprocess.SubprocessHook"}
{"timestamp":"2025-12-08T14:45:27.897706","level":"info","event":"Output:","logger":"airflow.task.hooks.airflow.providers.standard.hooks.subprocess.SubprocessHook"}
{"timestamp":"2025-12-08T14:45:29.089562","level":"info","event":"2025-12-08 21:45:29,089 - INFO - Processing shows_history.csv -> SHOWS_HIS","logger":"airflow.task.hooks.airflow.providers.standard.hooks.subprocess.SubprocessHook"}
{"timestamp":"2025-12-08T14:45:29.089963","level":"info","event":"2025-12-08 21:45:29,089 - INFO - Reading CSV file: /opt/airflow/data/raw/csv/shows_history.csv","logger":"airflow.task.hooks.airflow.providers.standard.hooks.subprocess.SubprocessHook"}
{"timestamp":"2025-12-08T14:45:29.114101","level":"info","event":"2025-12-08 21:45:29,113 - INFO - CSV loaded with 366 rows and 23 columns","logger":"airflow.task.hooks.airflow.providers.standard.hooks.subprocess.SubprocessHook"}
{"timestamp":"2025-12-08T14:45:29.155745","level":"info","event":"2025-12-08 21:45:29,155 - INFO - Snowflake Connector for Python Version: 3.17.2, Python Version: 3.12.11, Platform: Linux-5.15.167.4-microsoft-standard-WSL2-x86_64-with-glibc2.36","logger":"airflow.task.hooks.airflow.providers.standard.hooks.subprocess.SubprocessHook"}
{"timestamp":"2025-12-08T14:45:29.155923","level":"info","event":"2025-12-08 21:45:29,155 - INFO - Connecting to GLOBAL Snowflake domain","logger":"airflow.task.hooks.airflow.providers.standard.hooks.subprocess.SubprocessHook"}
{"timestamp":"2025-12-08T14:45:35.173584","level":"info","event":"2025-12-08 21:45:35,172 - INFO - Connected to Snowflake successfully","logger":"airflow.task.hooks.airflow.providers.standard.hooks.subprocess.SubprocessHook"}
{"timestamp":"2025-12-08T14:45:35.877939","level":"info","event":"2025-12-08 21:45:35,876 - INFO - Table FAN_RAW.SHOWS_HIS created or already exists","logger":"airflow.task.hooks.airflow.providers.standard.hooks.subprocess.SubprocessHook"}
{"timestamp":"2025-12-08T14:45:35.902231","level":"info","event":"2025-12-08 21:45:35,901 - INFO - Writing 366 rows to FAN_RAW.SHOWS_HIS","logger":"airflow.task.hooks.airflow.providers.standard.hooks.subprocess.SubprocessHook"}
{"timestamp":"2025-12-08T14:45:37.985064","level":"info","event":"2025-12-08 21:45:37,984 - INFO - Successfully ingested 366 rows into FAN_RAW.SHOWS_HIS","logger":"airflow.task.hooks.airflow.providers.standard.hooks.subprocess.SubprocessHook"}
{"timestamp":"2025-12-08T14:45:38.495234","level":"info","event":"2025-12-08 21:45:38,494 - INFO - ✅ Successfully processed shows_history.csv","logger":"airflow.task.hooks.airflow.providers.standard.hooks.subprocess.SubprocessHook"}
{"timestamp":"2025-12-08T14:45:38.504112","level":"info","event":"2025-12-08 21:45:38,503 - INFO - Processing shows_future.csv -> SHOWS_FUTURE","logger":"airflow.task.hooks.airflow.providers.standard.hooks.subprocess.SubprocessHook"}
{"timestamp":"2025-12-08T14:45:38.504508","level":"info","event":"2025-12-08 21:45:38,503 - INFO - Reading CSV file: /opt/airflow/data/raw/csv/shows_future.csv","logger":"airflow.task.hooks.airflow.providers.standard.hooks.subprocess.SubprocessHook"}
{"timestamp":"2025-12-08T14:45:38.525124","level":"info","event":"2025-12-08 21:45:38,524 - INFO - CSV loaded with 70 rows and 21 columns","logger":"airflow.task.hooks.airflow.providers.standard.hooks.subprocess.SubprocessHook"}
{"timestamp":"2025-12-08T14:45:38.615063","level":"info","event":"2025-12-08 21:45:38,614 - INFO - Snowflake Connector for Python Version: 3.17.2, Python Version: 3.12.11, Platform: Linux-5.15.167.4-microsoft-standard-WSL2-x86_64-with-glibc2.36","logger":"airflow.task.hooks.airflow.providers.standard.hooks.subprocess.SubprocessHook"}
{"timestamp":"2025-12-08T14:45:38.615402","level":"info","event":"2025-12-08 21:45:38,615 - INFO - Connecting to GLOBAL Snowflake domain","logger":"airflow.task.hooks.airflow.providers.standard.hooks.subprocess.SubprocessHook"}
{"timestamp":"2025-12-08T14:45:43.516892","level":"info","event":"2025-12-08 21:45:43,516 - INFO - Connected to Snowflake successfully","logger":"airflow.task.hooks.airflow.providers.standard.hooks.subprocess.SubprocessHook"}
{"timestamp":"2025-12-08T14:45:43.826701","level":"info","event":"2025-12-08 21:45:43,826 - INFO - Table FAN_RAW.SHOWS_FUTURE created or already exists","logger":"airflow.task.hooks.airflow.providers.standard.hooks.subprocess.SubprocessHook"}
{"timestamp":"2025-12-08T14:45:43.829110","level":"info","event":"2025-12-08 21:45:43,828 - INFO - Writing 70 rows to FAN_RAW.SHOWS_FUTURE","logger":"airflow.task.hooks.airflow.providers.standard.hooks.subprocess.SubprocessHook"}
{"timestamp":"2025-12-08T14:45:45.233452","level":"info","event":"2025-12-08 21:45:45,233 - INFO - Successfully ingested 70 rows into FAN_RAW.SHOWS_FUTURE","logger":"airflow.task.hooks.airflow.providers.standard.hooks.subprocess.SubprocessHook"}
{"timestamp":"2025-12-08T14:45:45.718594","level":"info","event":"2025-12-08 21:45:45,716 - INFO - ✅ Successfully processed shows_future.csv","logger":"airflow.task.hooks.airflow.providers.standard.hooks.subprocess.SubprocessHook"}
{"timestamp":"2025-12-08T14:45:45.719264","level":"info","event":"2025-12-08 21:45:45,718 - INFO - 📊 Ingestion Summary: 2/2 files processed successfully","logger":"airflow.task.hooks.airflow.providers.standard.hooks.subprocess.SubprocessHook"}
{"timestamp":"2025-12-08T14:45:45.719662","level":"info","event":"2025-12-08 21:45:45,718 - INFO - 🎉 All CSV files ingested successfully!","logger":"airflow.task.hooks.airflow.providers.standard.hooks.subprocess.SubprocessHook"}
{"timestamp":"2025-12-08T14:45:45.978473","level":"info","event":"Command exited with return code 0","logger":"airflow.task.hooks.airflow.providers.standard.hooks.subprocess.SubprocessHook"}
{"timestamp":"2025-12-08T14:45:45.979299","level":"info","event":"Pushing xcom","ti":"RuntimeTaskInstance(id=UUID('019afe6c-affa-7665-9463-5368860fcc67'), task_id='ingest_csv_to_snowflake', dag_id='pipeline_batch', run_id='manual__2025-12-08T14:45:27.127166+00:00', try_number=1, map_index=-1, hostname='4c50e9cddad1', context_carrier={}, task=<Task(_BashDecoratedOperator): ingest_csv_to_snowflake>, bundle_instance=LocalDagBundle(name=dags-folder), max_tries=2, start_date=datetime.datetime(2025, 12, 8, 14, 45, 27, 659139, tzinfo=datetime.timezone.utc), end_date=None, state=<TaskInstanceState.RUNNING: 'running'>, is_mapped=False, rendered_map_index=None, log_url='http://localhost:8080/dags/pipeline_batch/runs/manual__2025-12-08T14%3A45%3A27.127166%2B00%3A00/tasks/ingest_csv_to_snowflake?try_number=1')","logger":"task"}
