[0m10:12:37.099136 [debug] [MainThread]: Sending event: {'category': 'dbt', 'action': 'invocation', 'label': 'start', 'context': [<snowplow_tracker.self_describing_json.SelfDescribingJson object at 0x0000021B78E146E0>, <snowplow_tracker.self_describing_json.SelfDescribingJson object at 0x0000021B79890A50>, <snowplow_tracker.self_describing_json.SelfDescribingJson object at 0x0000021B79ED0A50>]}


============================== 10:12:37.108441 | fde7d168-d716-47a4-ab16-f1f1a78e7d51 ==============================
[0m10:12:37.108441 [info ] [MainThread]: Running with dbt=1.10.13
[0m10:12:37.109889 [debug] [MainThread]: running dbt with arguments {'partial_parse': 'True', 'write_json': 'True', 'send_anonymous_usage_stats': 'True', 'version_check': 'True', 'cache_selected_only': 'False', 'target_path': 'None', 'warn_error': 'None', 'invocation_command': 'dbt ', 'log_format': 'default', 'use_colors': 'True', 'introspect': 'True', 'debug': 'False', 'printer_width': '80', 'fail_fast': 'False', 'no_print': 'None', 'empty': 'None', 'use_experimental_parser': 'False', 'quiet': 'False', 'log_cache_events': 'False', 'indirect_selection': 'eager', 'log_path': 'c:\\VSCode\\FANalyze_v2.0\\dbt\\logs', 'profiles_dir': 'C:\\Users\\jacqu\\.dbt', 'warn_error_options': 'WarnErrorOptionsV2(error=[], warn=[], silence=[])', 'static_parser': 'True'}
[0m10:12:38.320357 [debug] [MainThread]: Sending event: {'category': 'dbt', 'action': 'project_id', 'label': 'fde7d168-d716-47a4-ab16-f1f1a78e7d51', 'context': [<snowplow_tracker.self_describing_json.SelfDescribingJson object at 0x0000021B79241350>]}
[0m10:12:42.143099 [debug] [MainThread]: Set downloads directory='C:\Users\jacqu\AppData\Local\Temp\dbt-downloads-1pq2qgqg'
[0m10:12:42.144075 [debug] [MainThread]: Making package index registry request: GET https://hub.getdbt.com/api/v1/index.json
[0m10:12:48.761529 [debug] [MainThread]: Response from registry index: GET https://hub.getdbt.com/api/v1/index.json 200
[0m10:12:48.766179 [debug] [MainThread]: Making package registry request: GET https://hub.getdbt.com/api/v1/dbt-labs/dbt_utils.json
[0m10:12:53.801345 [debug] [MainThread]: Response from registry: GET https://hub.getdbt.com/api/v1/dbt-labs/dbt_utils.json 200
[0m10:12:53.813558 [info ] [MainThread]: Installing dbt-labs/dbt_utils
[0m10:13:01.565389 [info ] [MainThread]: Installed from version 1.3.1
[0m10:13:01.566442 [info ] [MainThread]: Updated version available: 1.3.2
[0m10:13:01.567409 [debug] [MainThread]: Sending event: {'category': 'dbt', 'action': 'package', 'label': 'fde7d168-d716-47a4-ab16-f1f1a78e7d51', 'property_': 'install', 'context': [<snowplow_tracker.self_describing_json.SelfDescribingJson object at 0x0000021B79D7FCE0>, <snowplow_tracker.self_describing_json.SelfDescribingJson object at 0x0000021B79D7F350>]}
[0m10:13:01.568343 [info ] [MainThread]: 
[0m10:13:01.569150 [info ] [MainThread]: Updates available for packages: ['dbt-labs/dbt_utils']                 
Update your versions in packages.yml, then run dbt deps
[0m10:13:01.573158 [debug] [MainThread]: Command `cli deps` succeeded at 10:13:01.572787 after 27.71 seconds
[0m10:13:01.574064 [debug] [MainThread]: Sending event: {'category': 'dbt', 'action': 'invocation', 'label': 'end', 'context': [<snowplow_tracker.self_describing_json.SelfDescribingJson object at 0x0000021B79E57E50>, <snowplow_tracker.self_describing_json.SelfDescribingJson object at 0x0000021B79D83A70>, <snowplow_tracker.self_describing_json.SelfDescribingJson object at 0x0000021B79D81400>]}
[0m10:13:01.574872 [debug] [MainThread]: Flushing usage events
[0m10:13:04.442964 [debug] [MainThread]: An error was encountered while trying to flush usage events
[0m10:24:38.667298 [debug] [MainThread]: Sending event: {'category': 'dbt', 'action': 'invocation', 'label': 'start', 'context': [<snowplow_tracker.self_describing_json.SelfDescribingJson object at 0x000001ED736806E0>, <snowplow_tracker.self_describing_json.SelfDescribingJson object at 0x000001ED74100A50>, <snowplow_tracker.self_describing_json.SelfDescribingJson object at 0x000001ED74740A50>]}


============================== 10:24:38.679129 | 8a51acad-6fca-4331-a3a0-3392c871eca3 ==============================
[0m10:24:38.679129 [info ] [MainThread]: Running with dbt=1.10.13
[0m10:24:38.680789 [debug] [MainThread]: running dbt with arguments {'partial_parse': 'True', 'profiles_dir': 'C:\\Users\\jacqu\\.dbt', 'send_anonymous_usage_stats': 'True', 'use_colors': 'True', 'cache_selected_only': 'False', 'target_path': 'None', 'version_check': 'True', 'invocation_command': 'dbt ', 'log_format': 'default', 'warn_error': 'None', 'introspect': 'True', 'debug': 'False', 'log_cache_events': 'False', 'fail_fast': 'False', 'no_print': 'None', 'empty': 'None', 'quiet': 'False', 'use_experimental_parser': 'False', 'printer_width': '80', 'log_path': 'c:\\VSCode\\FANalyze_v2.0\\dbt\\logs', 'indirect_selection': 'eager', 'write_json': 'True', 'static_parser': 'True', 'warn_error_options': 'WarnErrorOptionsV2(error=[], warn=[], silence=[])'}
[0m10:24:39.520255 [debug] [MainThread]: Sending event: {'category': 'dbt', 'action': 'project_id', 'label': '8a51acad-6fca-4331-a3a0-3392c871eca3', 'context': [<snowplow_tracker.self_describing_json.SelfDescribingJson object at 0x000001ED73AB1350>]}
[0m10:24:40.019388 [debug] [MainThread]: Set downloads directory='C:\Users\jacqu\AppData\Local\Temp\dbt-downloads-nz6r221a'
[0m10:24:40.020860 [debug] [MainThread]: Making package index registry request: GET https://hub.getdbt.com/api/v1/index.json
[0m10:24:42.138715 [debug] [MainThread]: Response from registry index: GET https://hub.getdbt.com/api/v1/index.json 200
[0m10:24:42.142089 [debug] [MainThread]: Making package registry request: GET https://hub.getdbt.com/api/v1/dbt-labs/dbt_utils.json
[0m10:24:44.197738 [debug] [MainThread]: Response from registry: GET https://hub.getdbt.com/api/v1/dbt-labs/dbt_utils.json 200
[0m10:24:44.209328 [info ] [MainThread]: Installing dbt-labs/dbt_utils
[0m10:24:48.008488 [info ] [MainThread]: Installed from version 1.3.1
[0m10:24:48.009859 [info ] [MainThread]: Updated version available: 1.3.2
[0m10:24:48.010777 [debug] [MainThread]: Sending event: {'category': 'dbt', 'action': 'package', 'label': '8a51acad-6fca-4331-a3a0-3392c871eca3', 'property_': 'install', 'context': [<snowplow_tracker.self_describing_json.SelfDescribingJson object at 0x000001ED745EFCE0>, <snowplow_tracker.self_describing_json.SelfDescribingJson object at 0x000001ED745EF350>]}
[0m10:24:48.012610 [info ] [MainThread]: 
[0m10:24:48.013348 [info ] [MainThread]: Updates available for packages: ['dbt-labs/dbt_utils']                 
Update your versions in packages.yml, then run dbt deps
[0m10:24:48.018736 [debug] [MainThread]: Command `cli deps` succeeded at 10:24:48.018352 after 10.45 seconds
[0m10:24:48.019639 [debug] [MainThread]: Sending event: {'category': 'dbt', 'action': 'invocation', 'label': 'end', 'context': [<snowplow_tracker.self_describing_json.SelfDescribingJson object at 0x000001ED746C7E50>, <snowplow_tracker.self_describing_json.SelfDescribingJson object at 0x000001ED745F3A70>, <snowplow_tracker.self_describing_json.SelfDescribingJson object at 0x000001ED745F1400>]}
[0m10:24:48.020446 [debug] [MainThread]: Flushing usage events
[0m10:24:50.523744 [debug] [MainThread]: An error was encountered while trying to flush usage events
[0m14:31:09.331790 [debug] [MainThread]: Sending event: {'category': 'dbt', 'action': 'invocation', 'label': 'start', 'context': [<snowplow_tracker.self_describing_json.SelfDescribingJson object at 0x000001667A1D06E0>, <snowplow_tracker.self_describing_json.SelfDescribingJson object at 0x000001667AC50A50>, <snowplow_tracker.self_describing_json.SelfDescribingJson object at 0x000001667B28CA50>]}


============================== 14:31:09.345912 | 14b07363-0018-427f-9e0d-7ca1947ae904 ==============================
[0m14:31:09.345912 [info ] [MainThread]: Running with dbt=1.10.13
[0m14:31:09.347244 [debug] [MainThread]: running dbt with arguments {'partial_parse': 'True', 'warn_error_options': 'WarnErrorOptionsV2(error=[], warn=[], silence=[])', 'send_anonymous_usage_stats': 'True', 'version_check': 'True', 'cache_selected_only': 'False', 'target_path': 'None', 'warn_error': 'None', 'invocation_command': 'dbt ', 'log_format': 'default', 'use_colors': 'True', 'introspect': 'True', 'debug': 'False', 'log_cache_events': 'False', 'fail_fast': 'False', 'no_print': 'None', 'empty': 'None', 'use_experimental_parser': 'False', 'quiet': 'False', 'printer_width': '80', 'log_path': 'c:\\VSCode\\FANalyze_v2.0\\dbt\\logs', 'indirect_selection': 'eager', 'profiles_dir': 'C:\\Users\\jacqu\\.dbt', 'static_parser': 'True', 'write_json': 'True'}
[0m14:31:09.928105 [debug] [MainThread]: Sending event: {'category': 'dbt', 'action': 'project_id', 'label': '14b07363-0018-427f-9e0d-7ca1947ae904', 'context': [<snowplow_tracker.self_describing_json.SelfDescribingJson object at 0x000001667A601350>]}
[0m14:31:13.009627 [debug] [MainThread]: Set downloads directory='C:\Users\jacqu\AppData\Local\Temp\dbt-downloads-hc7cbiby'
[0m14:31:13.010745 [debug] [MainThread]: Making package index registry request: GET https://hub.getdbt.com/api/v1/index.json
[0m14:31:16.202579 [debug] [MainThread]: Response from registry index: GET https://hub.getdbt.com/api/v1/index.json 200
[0m14:31:16.207346 [debug] [MainThread]: Making package registry request: GET https://hub.getdbt.com/api/v1/dbt-labs/dbt_utils.json
[0m14:31:22.110426 [debug] [MainThread]: Response from registry: GET https://hub.getdbt.com/api/v1/dbt-labs/dbt_utils.json 200
[0m14:31:22.122965 [info ] [MainThread]: Installing dbt-labs/dbt_utils
[0m14:31:28.827653 [info ] [MainThread]: Installed from version 1.3.1
[0m14:31:28.828761 [info ] [MainThread]: Updated version available: 1.3.2
[0m14:31:28.829709 [debug] [MainThread]: Sending event: {'category': 'dbt', 'action': 'package', 'label': '14b07363-0018-427f-9e0d-7ca1947ae904', 'property_': 'install', 'context': [<snowplow_tracker.self_describing_json.SelfDescribingJson object at 0x000001667B13FCE0>, <snowplow_tracker.self_describing_json.SelfDescribingJson object at 0x000001667B13F350>]}
[0m14:31:28.830778 [info ] [MainThread]: 
[0m14:31:28.837956 [info ] [MainThread]: Updates available for packages: ['dbt-labs/dbt_utils']                 
Update your versions in packages.yml, then run dbt deps
[0m14:31:28.842324 [debug] [MainThread]: Command `cli deps` succeeded at 14:31:28.841942 after 23.55 seconds
[0m14:31:28.930160 [debug] [MainThread]: Sending event: {'category': 'dbt', 'action': 'invocation', 'label': 'end', 'context': [<snowplow_tracker.self_describing_json.SelfDescribingJson object at 0x000001667B217E50>, <snowplow_tracker.self_describing_json.SelfDescribingJson object at 0x000001667B143A70>, <snowplow_tracker.self_describing_json.SelfDescribingJson object at 0x000001667B141400>]}
[0m14:31:28.938819 [debug] [MainThread]: Flushing usage events
[0m14:31:32.635016 [debug] [MainThread]: An error was encountered while trying to flush usage events
[0m12:44:58.537512 [debug] [MainThread]: Sending event: {'category': 'dbt', 'action': 'invocation', 'label': 'start', 'context': [<snowplow_tracker.self_describing_json.SelfDescribingJson object at 0x000002BAD26EC6E0>, <snowplow_tracker.self_describing_json.SelfDescribingJson object at 0x000002BAD3170A50>, <snowplow_tracker.self_describing_json.SelfDescribingJson object at 0x000002BAD37B0A50>]}


============================== 12:44:58.547091 | 397610f5-ec99-4ef5-8261-3e535c1542f3 ==============================
[0m12:44:58.547091 [info ] [MainThread]: Running with dbt=1.10.13
[0m12:44:58.548466 [debug] [MainThread]: running dbt with arguments {'partial_parse': 'True', 'write_json': 'True', 'send_anonymous_usage_stats': 'True', 'warn_error': 'None', 'cache_selected_only': 'False', 'target_path': 'None', 'use_colors': 'True', 'invocation_command': 'dbt ', 'log_format': 'default', 'version_check': 'True', 'introspect': 'True', 'debug': 'False', 'log_cache_events': 'False', 'fail_fast': 'False', 'no_print': 'None', 'quiet': 'False', 'empty': 'None', 'use_experimental_parser': 'False', 'printer_width': '80', 'log_path': 'c:\\VSCode\\FANalyze_v2.0\\dbt\\logs', 'indirect_selection': 'eager', 'profiles_dir': 'C:\\Users\\jacqu\\.dbt', 'static_parser': 'True', 'warn_error_options': 'WarnErrorOptionsV2(error=[], warn=[], silence=[])'}
[0m12:44:58.935203 [debug] [MainThread]: Sending event: {'category': 'dbt', 'action': 'project_id', 'label': '397610f5-ec99-4ef5-8261-3e535c1542f3', 'context': [<snowplow_tracker.self_describing_json.SelfDescribingJson object at 0x000002BAD2B21350>]}
[0m12:44:59.570314 [debug] [MainThread]: Set downloads directory='C:\Users\jacqu\AppData\Local\Temp\dbt-downloads-agfn0jf5'
[0m12:44:59.571250 [debug] [MainThread]: Making package index registry request: GET https://hub.getdbt.com/api/v1/index.json
[0m12:45:02.921317 [debug] [MainThread]: Response from registry index: GET https://hub.getdbt.com/api/v1/index.json 200
[0m12:45:02.924816 [debug] [MainThread]: Making package registry request: GET https://hub.getdbt.com/api/v1/dbt-labs/dbt_utils.json
[0m12:45:05.460664 [debug] [MainThread]: Response from registry: GET https://hub.getdbt.com/api/v1/dbt-labs/dbt_utils.json 200
[0m12:45:05.474330 [info ] [MainThread]: Installing dbt-labs/dbt_utils
[0m12:45:09.434761 [info ] [MainThread]: Installed from version 1.3.1
[0m12:45:09.435837 [info ] [MainThread]: Updated version available: 1.3.2
[0m12:45:09.436694 [debug] [MainThread]: Sending event: {'category': 'dbt', 'action': 'package', 'label': '397610f5-ec99-4ef5-8261-3e535c1542f3', 'property_': 'install', 'context': [<snowplow_tracker.self_describing_json.SelfDescribingJson object at 0x000002BAD365FCE0>, <snowplow_tracker.self_describing_json.SelfDescribingJson object at 0x000002BAD365F350>]}
[0m12:45:09.437645 [info ] [MainThread]: 
[0m12:45:09.438393 [info ] [MainThread]: Updates available for packages: ['dbt-labs/dbt_utils']                 
Update your versions in packages.yml, then run dbt deps
[0m12:45:09.441626 [debug] [MainThread]: Command `cli deps` succeeded at 12:45:09.441338 after 12.15 seconds
[0m12:45:09.442389 [debug] [MainThread]: Sending event: {'category': 'dbt', 'action': 'invocation', 'label': 'end', 'context': [<snowplow_tracker.self_describing_json.SelfDescribingJson object at 0x000002BAD3737E50>, <snowplow_tracker.self_describing_json.SelfDescribingJson object at 0x000002BAD3663A70>, <snowplow_tracker.self_describing_json.SelfDescribingJson object at 0x000002BAD3661400>]}
[0m12:45:09.453078 [debug] [MainThread]: Flushing usage events
[0m12:45:11.660360 [debug] [MainThread]: An error was encountered while trying to flush usage events
[0m13:08:05.440367 [debug] [MainThread]: Sending event: {'category': 'dbt', 'action': 'invocation', 'label': 'start', 'context': [<snowplow_tracker.self_describing_json.SelfDescribingJson object at 0x0000022F508346E0>, <snowplow_tracker.self_describing_json.SelfDescribingJson object at 0x0000022F512B0A50>, <snowplow_tracker.self_describing_json.SelfDescribingJson object at 0x0000022F518F0A50>]}


============================== 13:08:05.449804 | 3cd01eb1-b463-4646-a050-db692a450433 ==============================
[0m13:08:05.449804 [info ] [MainThread]: Running with dbt=1.10.13
[0m13:08:05.451058 [debug] [MainThread]: running dbt with arguments {'partial_parse': 'True', 'warn_error_options': 'WarnErrorOptionsV2(error=[], warn=[], silence=[])', 'send_anonymous_usage_stats': 'True', 'use_colors': 'True', 'cache_selected_only': 'False', 'target_path': 'None', 'warn_error': 'None', 'invocation_command': 'dbt ', 'log_format': 'default', 'version_check': 'True', 'introspect': 'True', 'debug': 'False', 'printer_width': '80', 'fail_fast': 'False', 'no_print': 'None', 'use_experimental_parser': 'False', 'empty': 'None', 'quiet': 'False', 'log_cache_events': 'False', 'log_path': 'c:\\VSCode\\FANalyze_v2.0\\dbt\\logs', 'indirect_selection': 'eager', 'profiles_dir': 'C:\\Users\\jacqu\\.dbt', 'static_parser': 'True', 'write_json': 'True'}
[0m13:08:06.160220 [debug] [MainThread]: Sending event: {'category': 'dbt', 'action': 'project_id', 'label': '3cd01eb1-b463-4646-a050-db692a450433', 'context': [<snowplow_tracker.self_describing_json.SelfDescribingJson object at 0x0000022F50C61350>]}
[0m13:08:07.821060 [debug] [MainThread]: Set downloads directory='C:\Users\jacqu\AppData\Local\Temp\dbt-downloads-km4m3swo'
[0m13:08:07.822287 [debug] [MainThread]: Making package index registry request: GET https://hub.getdbt.com/api/v1/index.json
[0m13:08:10.023754 [debug] [MainThread]: Response from registry index: GET https://hub.getdbt.com/api/v1/index.json 200
[0m13:08:10.027087 [debug] [MainThread]: Making package registry request: GET https://hub.getdbt.com/api/v1/dbt-labs/dbt_utils.json
[0m13:08:11.909930 [debug] [MainThread]: Response from registry: GET https://hub.getdbt.com/api/v1/dbt-labs/dbt_utils.json 200
[0m13:08:11.921954 [info ] [MainThread]: Installing dbt-labs/dbt_utils
[0m13:08:16.384679 [info ] [MainThread]: Installed from version 1.3.1
[0m13:08:16.385599 [info ] [MainThread]: Updated version available: 1.3.2
[0m13:08:16.386395 [debug] [MainThread]: Sending event: {'category': 'dbt', 'action': 'package', 'label': '3cd01eb1-b463-4646-a050-db692a450433', 'property_': 'install', 'context': [<snowplow_tracker.self_describing_json.SelfDescribingJson object at 0x0000022F5179FCE0>, <snowplow_tracker.self_describing_json.SelfDescribingJson object at 0x0000022F5179F350>]}
[0m13:08:16.387601 [info ] [MainThread]: 
[0m13:08:16.388304 [info ] [MainThread]: Updates available for packages: ['dbt-labs/dbt_utils']                 
Update your versions in packages.yml, then run dbt deps
[0m13:08:16.391517 [debug] [MainThread]: Command `cli deps` succeeded at 13:08:16.391237 after 12.71 seconds
[0m13:08:16.392314 [debug] [MainThread]: Sending event: {'category': 'dbt', 'action': 'invocation', 'label': 'end', 'context': [<snowplow_tracker.self_describing_json.SelfDescribingJson object at 0x0000022F51877E50>, <snowplow_tracker.self_describing_json.SelfDescribingJson object at 0x0000022F517A3A70>, <snowplow_tracker.self_describing_json.SelfDescribingJson object at 0x0000022F517A1400>]}
[0m13:08:16.393091 [debug] [MainThread]: Flushing usage events
[0m13:08:19.526364 [debug] [MainThread]: An error was encountered while trying to flush usage events
