{"timestamp":"2025-12-10T07:00:05.125368","level":"info","event":"DAG bundles loaded: dags-folder","logger":"airflow.dag_processing.bundles.manager.DagBundlesManager"}
{"timestamp":"2025-12-10T07:00:05.125918","level":"info","event":"Filling up the DagBag from /opt/airflow/dags/pipeline_streaming.py","logger":"airflow.models.dagbag.DagBag"}
{"timestamp":"2025-12-10T07:00:05.372735","level":"info","event":"Tmp dir root location: /tmp","logger":"airflow.task.hooks.airflow.providers.standard.hooks.subprocess.SubprocessHook"}
{"timestamp":"2025-12-10T07:00:05.375066","level":"info","event":"Running command: ['/usr/bin/bash', '-c', '\\n        cd /opt/airflow/dbt &&         dbt run --profiles-dir /opt/airflow/.dbt 2>&1 | tee /tmp/dbt_output.log;         exit_code=${PIPESTATUS[0]};         if [ $exit_code -eq 1 ]; then           if grep -q \"Done. PASS=\" /tmp/dbt_output.log; then             echo \"dbt models completed successfully (protobuf reporting error ignored)\";             exit 0;           fi;         fi;         exit $exit_code\\n        ']","logger":"airflow.task.hooks.airflow.providers.standard.hooks.subprocess.SubprocessHook"}
{"timestamp":"2025-12-10T07:00:05.395391","level":"info","event":"Output:","logger":"airflow.task.hooks.airflow.providers.standard.hooks.subprocess.SubprocessHook"}
{"timestamp":"2025-12-10T07:00:08.659520","level":"info","event":"\u001b[0m07:00:08  Running with dbt=1.10.15","logger":"airflow.task.hooks.airflow.providers.standard.hooks.subprocess.SubprocessHook"}
{"timestamp":"2025-12-10T07:00:09.798952","level":"info","event":"\u001b[0m07:00:09  Registered adapter: snowflake=1.10.3","logger":"airflow.task.hooks.airflow.providers.standard.hooks.subprocess.SubprocessHook"}
{"timestamp":"2025-12-10T07:00:11.132175","level":"info","event":"\u001b[0m07:00:11  Found 16 models, 78 data tests, 3 sources, 627 macros","logger":"airflow.task.hooks.airflow.providers.standard.hooks.subprocess.SubprocessHook"}
{"timestamp":"2025-12-10T07:00:11.147248","level":"info","event":"\u001b[0m07:00:11","logger":"airflow.task.hooks.airflow.providers.standard.hooks.subprocess.SubprocessHook"}
{"timestamp":"2025-12-10T07:00:11.148698","level":"info","event":"\u001b[0m07:00:11  Concurrency: 4 threads (target='dev')","logger":"airflow.task.hooks.airflow.providers.standard.hooks.subprocess.SubprocessHook"}
{"timestamp":"2025-12-10T07:00:11.149598","level":"info","event":"\u001b[0m07:00:11","logger":"airflow.task.hooks.airflow.providers.standard.hooks.subprocess.SubprocessHook"}
{"timestamp":"2025-12-10T07:00:17.876202","level":"info","event":"\u001b[0m07:00:17  1 of 16 START sql view model FAN_staging.stg_shows_future ...................... [RUN]","logger":"airflow.task.hooks.airflow.providers.standard.hooks.subprocess.SubprocessHook"}
{"timestamp":"2025-12-10T07:00:17.878050","level":"info","event":"\u001b[0m07:00:17  2 of 16 START sql view model FAN_staging.stg_shows_his ......................... [RUN]","logger":"airflow.task.hooks.airflow.providers.standard.hooks.subprocess.SubprocessHook"}
{"timestamp":"2025-12-10T07:00:17.880504","level":"info","event":"\u001b[0m07:00:17  3 of 16 START sql table model FAN_staging.stg_ticket_sales ..................... [RUN]","logger":"airflow.task.hooks.airflow.providers.standard.hooks.subprocess.SubprocessHook"}
{"timestamp":"2025-12-10T07:00:20.640855","level":"info","event":"\u001b[0m07:00:20  1 of 16 OK created sql view model FAN_staging.stg_shows_future ................. [\u001b[32mSUCCESS 1\u001b[0m in 2.75s]","logger":"airflow.task.hooks.airflow.providers.standard.hooks.subprocess.SubprocessHook"}
{"timestamp":"2025-12-10T07:00:20.989574","level":"info","event":"\u001b[0m07:00:20  2 of 16 OK created sql view model FAN_staging.stg_shows_his .................... [\u001b[32mSUCCESS 1\u001b[0m in 3.10s]","logger":"airflow.task.hooks.airflow.providers.standard.hooks.subprocess.SubprocessHook"}
{"timestamp":"2025-12-10T07:00:20.993468","level":"info","event":"\u001b[0m07:00:20  4 of 16 START sql table model FAN_intermediate.int_artists ..................... [RUN]","logger":"airflow.task.hooks.airflow.providers.standard.hooks.subprocess.SubprocessHook"}
{"timestamp":"2025-12-10T07:00:20.994433","level":"info","event":"\u001b[0m07:00:20  5 of 16 START sql table model FAN_intermediate.int_show_lifecycle .............. [RUN]","logger":"airflow.task.hooks.airflow.providers.standard.hooks.subprocess.SubprocessHook"}
{"timestamp":"2025-12-10T07:00:20.995329","level":"info","event":"\u001b[0m07:00:20  6 of 16 START sql table model FAN_intermediate.int_shows ....................... [RUN]","logger":"airflow.task.hooks.airflow.providers.standard.hooks.subprocess.SubprocessHook"}
{"timestamp":"2025-12-10T07:00:21.951674","level":"info","event":"\u001b[0m07:00:21  3 of 16 OK created sql table model FAN_staging.stg_ticket_sales ................ [\u001b[32mSUCCESS 1\u001b[0m in 4.06s]","logger":"airflow.task.hooks.airflow.providers.standard.hooks.subprocess.SubprocessHook"}
{"timestamp":"2025-12-10T07:00:21.954539","level":"info","event":"\u001b[0m07:00:21  7 of 16 START sql table model FAN_intermediate.int_venues ...................... [RUN]","logger":"airflow.task.hooks.airflow.providers.standard.hooks.subprocess.SubprocessHook"}
{"timestamp":"2025-12-10T07:00:25.256420","level":"info","event":"\u001b[0m07:00:25  4 of 16 OK created sql table model FAN_intermediate.int_artists ................ [\u001b[32mSUCCESS 1\u001b[0m in 4.26s]","logger":"airflow.task.hooks.airflow.providers.standard.hooks.subprocess.SubprocessHook"}
{"timestamp":"2025-12-10T07:00:25.264653","level":"info","event":"\u001b[0m07:00:25  6 of 16 OK created sql table model FAN_intermediate.int_shows .................. [\u001b[32mSUCCESS 1\u001b[0m in 4.26s]","logger":"airflow.task.hooks.airflow.providers.standard.hooks.subprocess.SubprocessHook"}
{"timestamp":"2025-12-10T07:00:25.271662","level":"info","event":"\u001b[0m07:00:25  8 of 16 START sql table model FAN_intermediate.int_ticket_sales_dedup .......... [RUN]","logger":"airflow.task.hooks.airflow.providers.standard.hooks.subprocess.SubprocessHook"}
{"timestamp":"2025-12-10T07:00:25.279852","level":"info","event":"\u001b[0m07:00:25  9 of 16 START sql table model FAN_marts.dim_artists ............................ [RUN]","logger":"airflow.task.hooks.airflow.providers.standard.hooks.subprocess.SubprocessHook"}
{"timestamp":"2025-12-10T07:00:25.386626","level":"info","event":"\u001b[0m07:00:25  7 of 16 OK created sql table model FAN_intermediate.int_venues ................. [\u001b[32mSUCCESS 1\u001b[0m in 3.42s]","logger":"airflow.task.hooks.airflow.providers.standard.hooks.subprocess.SubprocessHook"}
{"timestamp":"2025-12-10T07:00:25.580414","level":"info","event":"\u001b[0m07:00:25  10 of 16 START sql table model FAN_marts.fact_shows ............................ [RUN]","logger":"airflow.task.hooks.airflow.providers.standard.hooks.subprocess.SubprocessHook"}
{"timestamp":"2025-12-10T07:00:25.655727","level":"info","event":"\u001b[0m07:00:25  5 of 16 OK created sql table model FAN_intermediate.int_show_lifecycle ......... [\u001b[32mSUCCESS 1\u001b[0m in 4.61s]","logger":"airflow.task.hooks.airflow.providers.standard.hooks.subprocess.SubprocessHook"}
{"timestamp":"2025-12-10T07:00:25.695218","level":"info","event":"\u001b[0m07:00:25  11 of 16 START sql table model FAN_marts.dim_venues ............................ [RUN]","logger":"airflow.task.hooks.airflow.providers.standard.hooks.subprocess.SubprocessHook"}
{"timestamp":"2025-12-10T07:00:28.920363","level":"info","event":"\u001b[0m07:00:28  10 of 16 OK created sql table model FAN_marts.fact_shows ....................... [\u001b[32mSUCCESS 1\u001b[0m in 3.33s]","logger":"airflow.task.hooks.airflow.providers.standard.hooks.subprocess.SubprocessHook"}
{"timestamp":"2025-12-10T07:00:28.920795","level":"info","event":"\u001b[0m07:00:28  11 of 16 OK created sql table model FAN_marts.dim_venues ....................... [\u001b[32mSUCCESS 1\u001b[0m in 3.22s]","logger":"airflow.task.hooks.airflow.providers.standard.hooks.subprocess.SubprocessHook"}
{"timestamp":"2025-12-10T07:00:29.233961","level":"info","event":"\u001b[0m07:00:29  8 of 16 OK created sql table model FAN_intermediate.int_ticket_sales_dedup ..... [\u001b[32mSUCCESS 1\u001b[0m in 3.95s]","logger":"airflow.task.hooks.airflow.providers.standard.hooks.subprocess.SubprocessHook"}
{"timestamp":"2025-12-10T07:00:29.242517","level":"info","event":"\u001b[0m07:00:29  12 of 16 START sql incremental model FAN_marts.fact_ticket_sales ............... [RUN]","logger":"airflow.task.hooks.airflow.providers.standard.hooks.subprocess.SubprocessHook"}
{"timestamp":"2025-12-10T07:00:29.410600","level":"info","event":"\u001b[0m07:00:29  9 of 16 OK created sql table model FAN_marts.dim_artists ....................... [\u001b[32mSUCCESS 1\u001b[0m in 4.12s]","logger":"airflow.task.hooks.airflow.providers.standard.hooks.subprocess.SubprocessHook"}
{"timestamp":"2025-12-10T07:00:29.421854","level":"info","event":"\u001b[0m07:00:29  13 of 16 START sql table model FAN_marts.mart_artist_performance ............... [RUN]","logger":"airflow.task.hooks.airflow.providers.standard.hooks.subprocess.SubprocessHook"}
{"timestamp":"2025-12-10T07:00:29.426465","level":"info","event":"\u001b[0m07:00:29  14 of 16 START sql table model FAN_marts.mart_show_lifecycle ................... [RUN]","logger":"airflow.task.hooks.airflow.providers.standard.hooks.subprocess.SubprocessHook"}
{"timestamp":"2025-12-10T07:00:32.318045","level":"info","event":"\u001b[0m07:00:32  14 of 16 OK created sql table model FAN_marts.mart_show_lifecycle .............. [\u001b[32mSUCCESS 1\u001b[0m in 2.88s]","logger":"airflow.task.hooks.airflow.providers.standard.hooks.subprocess.SubprocessHook"}
{"timestamp":"2025-12-10T07:00:33.445597","level":"info","event":"\u001b[0m07:00:33  13 of 16 OK created sql table model FAN_marts.mart_artist_performance .......... [\u001b[32mSUCCESS 1\u001b[0m in 4.01s]","logger":"airflow.task.hooks.airflow.providers.standard.hooks.subprocess.SubprocessHook"}
{"timestamp":"2025-12-10T07:00:35.564786","level":"info","event":"\u001b[0m07:00:35  12 of 16 OK created sql incremental model FAN_marts.fact_ticket_sales .......... [\u001b[32mSUCCESS 1\u001b[0m in 6.32s]","logger":"airflow.task.hooks.airflow.providers.standard.hooks.subprocess.SubprocessHook"}
{"timestamp":"2025-12-10T07:00:35.573127","level":"info","event":"\u001b[0m07:00:35  15 of 16 START sql table model FAN_marts.mart_daily_ticket_summary ............. [RUN]","logger":"airflow.task.hooks.airflow.providers.standard.hooks.subprocess.SubprocessHook"}
{"timestamp":"2025-12-10T07:00:35.574440","level":"info","event":"\u001b[0m07:00:35  16 of 16 START sql table model FAN_marts.mart_ticket_performance ............... [RUN]","logger":"airflow.task.hooks.airflow.providers.standard.hooks.subprocess.SubprocessHook"}
{"timestamp":"2025-12-10T07:00:38.471687","level":"info","event":"\u001b[0m07:00:38  15 of 16 OK created sql table model FAN_marts.mart_daily_ticket_summary ........ [\u001b[32mSUCCESS 1\u001b[0m in 2.89s]","logger":"airflow.task.hooks.airflow.providers.standard.hooks.subprocess.SubprocessHook"}
{"timestamp":"2025-12-10T07:00:38.865455","level":"info","event":"\u001b[0m07:00:38  16 of 16 OK created sql table model FAN_marts.mart_ticket_performance .......... [\u001b[32mSUCCESS 1\u001b[0m in 3.28s]","logger":"airflow.task.hooks.airflow.providers.standard.hooks.subprocess.SubprocessHook"}
{"timestamp":"2025-12-10T07:00:38.872598","level":"info","event":"\u001b[0m07:00:38","logger":"airflow.task.hooks.airflow.providers.standard.hooks.subprocess.SubprocessHook"}
{"timestamp":"2025-12-10T07:00:38.873173","level":"info","event":"\u001b[0m07:00:38  Finished running 1 incremental model, 13 table models, 2 view models in 0 hours 0 minutes and 27.72 seconds (27.72s).","logger":"airflow.task.hooks.airflow.providers.standard.hooks.subprocess.SubprocessHook"}
{"timestamp":"2025-12-10T07:00:38.969371","level":"info","event":"\u001b[0m07:00:38","logger":"airflow.task.hooks.airflow.providers.standard.hooks.subprocess.SubprocessHook"}
{"timestamp":"2025-12-10T07:00:38.969809","level":"info","event":"\u001b[0m07:00:38  \u001b[32mCompleted successfully\u001b[0m","logger":"airflow.task.hooks.airflow.providers.standard.hooks.subprocess.SubprocessHook"}
{"timestamp":"2025-12-10T07:00:38.970490","level":"info","event":"\u001b[0m07:00:38","logger":"airflow.task.hooks.airflow.providers.standard.hooks.subprocess.SubprocessHook"}
{"timestamp":"2025-12-10T07:00:38.971162","level":"info","event":"\u001b[0m07:00:38  Done. PASS=16 WARN=0 ERROR=0 SKIP=0 NO-OP=0 TOTAL=16","logger":"airflow.task.hooks.airflow.providers.standard.hooks.subprocess.SubprocessHook"}
{"timestamp":"2025-12-10T07:00:40.579991","level":"info","event":"Traceback (most recent call last):","logger":"airflow.task.hooks.airflow.providers.standard.hooks.subprocess.SubprocessHook"}
{"timestamp":"2025-12-10T07:00:40.580241","level":"info","event":"  File \"/usr/local/bin/dbt\", line 10, in <module>","logger":"airflow.task.hooks.airflow.providers.standard.hooks.subprocess.SubprocessHook"}
{"timestamp":"2025-12-10T07:00:40.581028","level":"info","event":"    sys.exit(cli())","logger":"airflow.task.hooks.airflow.providers.standard.hooks.subprocess.SubprocessHook"}
{"timestamp":"2025-12-10T07:00:40.581184","level":"info","event":"             ^^^^^","logger":"airflow.task.hooks.airflow.providers.standard.hooks.subprocess.SubprocessHook"}
{"timestamp":"2025-12-10T07:00:40.581327","level":"info","event":"  File \"/home/airflow/.local/lib/python3.12/site-packages/click/core.py\", line 1442, in __call__","logger":"airflow.task.hooks.airflow.providers.standard.hooks.subprocess.SubprocessHook"}
{"timestamp":"2025-12-10T07:00:40.581412","level":"info","event":"    return self.main(*args, **kwargs)","logger":"airflow.task.hooks.airflow.providers.standard.hooks.subprocess.SubprocessHook"}
{"timestamp":"2025-12-10T07:00:40.581502","level":"info","event":"           ^^^^^^^^^^^^^^^^^^^^^^^^^^","logger":"airflow.task.hooks.airflow.providers.standard.hooks.subprocess.SubprocessHook"}
{"timestamp":"2025-12-10T07:00:40.581672","level":"info","event":"  File \"/home/airflow/.local/lib/python3.12/site-packages/click/core.py\", line 1363, in main","logger":"airflow.task.hooks.airflow.providers.standard.hooks.subprocess.SubprocessHook"}
{"timestamp":"2025-12-10T07:00:40.581766","level":"info","event":"    rv = self.invoke(ctx)","logger":"airflow.task.hooks.airflow.providers.standard.hooks.subprocess.SubprocessHook"}
{"timestamp":"2025-12-10T07:00:40.581881","level":"info","event":"         ^^^^^^^^^^^^^^^^","logger":"airflow.task.hooks.airflow.providers.standard.hooks.subprocess.SubprocessHook"}
{"timestamp":"2025-12-10T07:00:40.581961","level":"info","event":"  File \"/home/airflow/.local/lib/python3.12/site-packages/click/core.py\", line 1830, in invoke","logger":"airflow.task.hooks.airflow.providers.standard.hooks.subprocess.SubprocessHook"}
{"timestamp":"2025-12-10T07:00:40.582088","level":"info","event":"    return _process_result(sub_ctx.command.invoke(sub_ctx))","logger":"airflow.task.hooks.airflow.providers.standard.hooks.subprocess.SubprocessHook"}
{"timestamp":"2025-12-10T07:00:40.582195","level":"info","event":"                           ^^^^^^^^^^^^^^^^^^^^^^^^^^^^^^^","logger":"airflow.task.hooks.airflow.providers.standard.hooks.subprocess.SubprocessHook"}
{"timestamp":"2025-12-10T07:00:40.582274","level":"info","event":"  File \"/home/airflow/.local/lib/python3.12/site-packages/click/core.py\", line 1226, in invoke","logger":"airflow.task.hooks.airflow.providers.standard.hooks.subprocess.SubprocessHook"}
{"timestamp":"2025-12-10T07:00:40.582389","level":"info","event":"    return ctx.invoke(self.callback, **ctx.params)","logger":"airflow.task.hooks.airflow.providers.standard.hooks.subprocess.SubprocessHook"}
{"timestamp":"2025-12-10T07:00:40.582456","level":"info","event":"           ^^^^^^^^^^^^^^^^^^^^^^^^^^^^^^^^^^^^^^^","logger":"airflow.task.hooks.airflow.providers.standard.hooks.subprocess.SubprocessHook"}
{"timestamp":"2025-12-10T07:00:40.582627","level":"info","event":"  File \"/home/airflow/.local/lib/python3.12/site-packages/click/core.py\", line 794, in invoke","logger":"airflow.task.hooks.airflow.providers.standard.hooks.subprocess.SubprocessHook"}
{"timestamp":"2025-12-10T07:00:40.582837","level":"info","event":"    return callback(*args, **kwargs)","logger":"airflow.task.hooks.airflow.providers.standard.hooks.subprocess.SubprocessHook"}
{"timestamp":"2025-12-10T07:00:40.582931","level":"info","event":"           ^^^^^^^^^^^^^^^^^^^^^^^^^","logger":"airflow.task.hooks.airflow.providers.standard.hooks.subprocess.SubprocessHook"}
{"timestamp":"2025-12-10T07:00:40.583005","level":"info","event":"  File \"/home/airflow/.local/lib/python3.12/site-packages/click/decorators.py\", line 34, in new_func","logger":"airflow.task.hooks.airflow.providers.standard.hooks.subprocess.SubprocessHook"}
{"timestamp":"2025-12-10T07:00:40.583071","level":"info","event":"    return f(get_current_context(), *args, **kwargs)","logger":"airflow.task.hooks.airflow.providers.standard.hooks.subprocess.SubprocessHook"}
{"timestamp":"2025-12-10T07:00:40.583177","level":"info","event":"           ^^^^^^^^^^^^^^^^^^^^^^^^^^^^^^^^^^^^^^^^^","logger":"airflow.task.hooks.airflow.providers.standard.hooks.subprocess.SubprocessHook"}
{"timestamp":"2025-12-10T07:00:40.583243","level":"info","event":"  File \"/usr/local/lib/python3.12/site-packages/dbt/cli/main.py\", line 149, in wrapper","logger":"airflow.task.hooks.airflow.providers.standard.hooks.subprocess.SubprocessHook"}
{"timestamp":"2025-12-10T07:00:40.583298","level":"info","event":"    return func(*args, **kwargs)","logger":"airflow.task.hooks.airflow.providers.standard.hooks.subprocess.SubprocessHook"}
{"timestamp":"2025-12-10T07:00:40.583353","level":"info","event":"           ^^^^^^^^^^^^^^^^^^^^^","logger":"airflow.task.hooks.airflow.providers.standard.hooks.subprocess.SubprocessHook"}
{"timestamp":"2025-12-10T07:00:40.583771","level":"info","event":"  File \"/usr/local/lib/python3.12/site-packages/dbt/cli/requires.py\", line 207, in wrapper","logger":"airflow.task.hooks.airflow.providers.standard.hooks.subprocess.SubprocessHook"}
{"timestamp":"2025-12-10T07:00:40.584612","level":"info","event":"    fire_event(","logger":"airflow.task.hooks.airflow.providers.standard.hooks.subprocess.SubprocessHook"}
{"timestamp":"2025-12-10T07:00:40.584704","level":"info","event":"  File \"/usr/local/lib/python3.12/site-packages/dbt_common/events/functions.py\", line 142, in fire_event","logger":"airflow.task.hooks.airflow.providers.standard.hooks.subprocess.SubprocessHook"}
{"timestamp":"2025-12-10T07:00:40.585146","level":"info","event":"    get_event_manager().fire_event(","logger":"airflow.task.hooks.airflow.providers.standard.hooks.subprocess.SubprocessHook"}
{"timestamp":"2025-12-10T07:00:40.585229","level":"info","event":"  File \"/usr/local/lib/python3.12/site-packages/dbt_common/events/event_manager.py\", line 56, in fire_event","logger":"airflow.task.hooks.airflow.providers.standard.hooks.subprocess.SubprocessHook"}
{"timestamp":"2025-12-10T07:00:40.585914","level":"info","event":"    msg = msg_from_base_event(e, level=level)","logger":"airflow.task.hooks.airflow.providers.standard.hooks.subprocess.SubprocessHook"}
{"timestamp":"2025-12-10T07:00:40.586157","level":"info","event":"          ^^^^^^^^^^^^^^^^^^^^^^^^^^^^^^^^^^^","logger":"airflow.task.hooks.airflow.providers.standard.hooks.subprocess.SubprocessHook"}
{"timestamp":"2025-12-10T07:00:40.586266","level":"info","event":"  File \"/usr/local/lib/python3.12/site-packages/dbt_common/events/base_types.py\", line 143, in msg_from_base_event","logger":"airflow.task.hooks.airflow.providers.standard.hooks.subprocess.SubprocessHook"}
{"timestamp":"2025-12-10T07:00:40.586937","level":"info","event":"    \"msg\": event.message(),","logger":"airflow.task.hooks.airflow.providers.standard.hooks.subprocess.SubprocessHook"}
{"timestamp":"2025-12-10T07:00:40.587376","level":"info","event":"           ^^^^^^^^^^^^^^^","logger":"airflow.task.hooks.airflow.providers.standard.hooks.subprocess.SubprocessHook"}
{"timestamp":"2025-12-10T07:00:40.587471","level":"info","event":"  File \"/usr/local/lib/python3.12/site-packages/dbt/events/types.py\", line 2464, in message","logger":"airflow.task.hooks.airflow.providers.standard.hooks.subprocess.SubprocessHook"}
{"timestamp":"2025-12-10T07:00:40.589637","level":"info","event":"    return f\"Resource report: {self.to_json()}\"","logger":"airflow.task.hooks.airflow.providers.standard.hooks.subprocess.SubprocessHook"}
{"timestamp":"2025-12-10T07:00:40.590010","level":"info","event":"                               ^^^^^^^^^^^^^^","logger":"airflow.task.hooks.airflow.providers.standard.hooks.subprocess.SubprocessHook"}
{"timestamp":"2025-12-10T07:00:40.590105","level":"info","event":"  File \"/usr/local/lib/python3.12/site-packages/dbt_common/events/base_types.py\", line 98, in to_json","logger":"airflow.task.hooks.airflow.providers.standard.hooks.subprocess.SubprocessHook"}
{"timestamp":"2025-12-10T07:00:40.590487","level":"info","event":"    return MessageToJson(","logger":"airflow.task.hooks.airflow.providers.standard.hooks.subprocess.SubprocessHook"}
{"timestamp":"2025-12-10T07:00:40.590683","level":"info","event":"           ^^^^^^^^^^^^^^","logger":"airflow.task.hooks.airflow.providers.standard.hooks.subprocess.SubprocessHook"}
{"timestamp":"2025-12-10T07:00:40.590770","level":"info","event":"TypeError: MessageToJson() got an unexpected keyword argument 'always_print_fields_with_no_presence'","logger":"airflow.task.hooks.airflow.providers.standard.hooks.subprocess.SubprocessHook"}
{"timestamp":"2025-12-10T07:00:41.115887","level":"info","event":"dbt models completed successfully (protobuf reporting error ignored)","logger":"airflow.task.hooks.airflow.providers.standard.hooks.subprocess.SubprocessHook"}
{"timestamp":"2025-12-10T07:00:41.116231","level":"info","event":"Command exited with return code 0","logger":"airflow.task.hooks.airflow.providers.standard.hooks.subprocess.SubprocessHook"}
{"timestamp":"2025-12-10T07:00:41.117978","level":"info","event":"Pushing xcom","ti":"RuntimeTaskInstance(id=UUID('019b070f-45ee-7bdd-875c-90a5e867e754'), task_id='dbt_run', dag_id='pipeline_streaming', run_id='scheduled__2025-12-10T07:00:00+00:00', try_number=1, map_index=-1, hostname='6bf93f468c0d', context_carrier={}, task=<Task(_BashDecoratedOperator): dbt_run>, bundle_instance=LocalDagBundle(name=dags-folder), max_tries=2, start_date=datetime.datetime(2025, 12, 10, 7, 0, 4, 891349, tzinfo=datetime.timezone.utc), end_date=None, state=<TaskInstanceState.RUNNING: 'running'>, is_mapped=False, rendered_map_index=None, log_url='http://localhost:8080/dags/pipeline_streaming/runs/scheduled__2025-12-10T07%3A00%3A00%2B00%3A00/tasks/dbt_run?try_number=1')","logger":"task"}
