{"timestamp":"2025-12-10T11:45:06.885472","level":"info","event":"DAG bundles loaded: dags-folder","logger":"airflow.dag_processing.bundles.manager.DagBundlesManager"}
{"timestamp":"2025-12-10T11:45:06.886089","level":"info","event":"Filling up the DagBag from /opt/airflow/dags/pipeline_streaming.py","logger":"airflow.models.dagbag.DagBag"}
{"timestamp":"2025-12-10T11:45:07.160145","level":"info","event":"Tmp dir root location: /tmp","logger":"airflow.task.hooks.airflow.providers.standard.hooks.subprocess.SubprocessHook"}
{"timestamp":"2025-12-10T11:45:07.162008","level":"info","event":"Running command: ['/usr/bin/bash', '-c', '\\n        cd /opt/airflow/dbt &&         dbt run --profiles-dir /opt/airflow/.dbt 2>&1 | tee /tmp/dbt_output.log;         exit_code=${PIPESTATUS[0]};         if [ $exit_code -eq 1 ]; then           if grep -q \"Done. PASS=\" /tmp/dbt_output.log; then             echo \"dbt models completed successfully (protobuf reporting error ignored)\";             exit 0;           fi;         fi;         exit $exit_code\\n        ']","logger":"airflow.task.hooks.airflow.providers.standard.hooks.subprocess.SubprocessHook"}
{"timestamp":"2025-12-10T11:45:07.179738","level":"info","event":"Output:","logger":"airflow.task.hooks.airflow.providers.standard.hooks.subprocess.SubprocessHook"}
{"timestamp":"2025-12-10T11:45:11.334845","level":"info","event":"\u001b[0m11:45:11  Running with dbt=1.10.15","logger":"airflow.task.hooks.airflow.providers.standard.hooks.subprocess.SubprocessHook"}
{"timestamp":"2025-12-10T11:45:12.689765","level":"info","event":"\u001b[0m11:45:12  Registered adapter: snowflake=1.10.3","logger":"airflow.task.hooks.airflow.providers.standard.hooks.subprocess.SubprocessHook"}
{"timestamp":"2025-12-10T11:45:14.212618","level":"info","event":"\u001b[0m11:45:14  Found 16 models, 78 data tests, 3 sources, 627 macros","logger":"airflow.task.hooks.airflow.providers.standard.hooks.subprocess.SubprocessHook"}
{"timestamp":"2025-12-10T11:45:14.219114","level":"info","event":"\u001b[0m11:45:14","logger":"airflow.task.hooks.airflow.providers.standard.hooks.subprocess.SubprocessHook"}
{"timestamp":"2025-12-10T11:45:14.221229","level":"info","event":"\u001b[0m11:45:14  Concurrency: 4 threads (target='dev')","logger":"airflow.task.hooks.airflow.providers.standard.hooks.subprocess.SubprocessHook"}
{"timestamp":"2025-12-10T11:45:14.222324","level":"info","event":"\u001b[0m11:45:14","logger":"airflow.task.hooks.airflow.providers.standard.hooks.subprocess.SubprocessHook"}
{"timestamp":"2025-12-10T11:45:19.257881","level":"info","event":"\u001b[0m11:45:19  1 of 16 START sql view model FAN_staging.stg_shows_future ...................... [RUN]","logger":"airflow.task.hooks.airflow.providers.standard.hooks.subprocess.SubprocessHook"}
{"timestamp":"2025-12-10T11:45:19.259570","level":"info","event":"\u001b[0m11:45:19  2 of 16 START sql view model FAN_staging.stg_shows_his ......................... [RUN]","logger":"airflow.task.hooks.airflow.providers.standard.hooks.subprocess.SubprocessHook"}
{"timestamp":"2025-12-10T11:45:19.260628","level":"info","event":"\u001b[0m11:45:19  3 of 16 START sql table model FAN_staging.stg_ticket_sales ..................... [RUN]","logger":"airflow.task.hooks.airflow.providers.standard.hooks.subprocess.SubprocessHook"}
{"timestamp":"2025-12-10T11:45:21.430262","level":"info","event":"\u001b[0m11:45:21  2 of 16 OK created sql view model FAN_staging.stg_shows_his .................... [\u001b[32mSUCCESS 1\u001b[0m in 2.16s]","logger":"airflow.task.hooks.airflow.providers.standard.hooks.subprocess.SubprocessHook"}
{"timestamp":"2025-12-10T11:45:21.433518","level":"info","event":"\u001b[0m11:45:21  4 of 16 START sql table model FAN_intermediate.int_shows ....................... [RUN]","logger":"airflow.task.hooks.airflow.providers.standard.hooks.subprocess.SubprocessHook"}
{"timestamp":"2025-12-10T11:45:21.581325","level":"info","event":"\u001b[0m11:45:21  1 of 16 OK created sql view model FAN_staging.stg_shows_future ................. [\u001b[32mSUCCESS 1\u001b[0m in 2.32s]","logger":"airflow.task.hooks.airflow.providers.standard.hooks.subprocess.SubprocessHook"}
{"timestamp":"2025-12-10T11:45:21.584579","level":"info","event":"\u001b[0m11:45:21  5 of 16 START sql table model FAN_intermediate.int_artists ..................... [RUN]","logger":"airflow.task.hooks.airflow.providers.standard.hooks.subprocess.SubprocessHook"}
{"timestamp":"2025-12-10T11:45:21.585372","level":"info","event":"\u001b[0m11:45:21  6 of 16 START sql table model FAN_intermediate.int_show_lifecycle .............. [RUN]","logger":"airflow.task.hooks.airflow.providers.standard.hooks.subprocess.SubprocessHook"}
{"timestamp":"2025-12-10T11:45:24.173832","level":"info","event":"\u001b[0m11:45:24  3 of 16 OK created sql table model FAN_staging.stg_ticket_sales ................ [\u001b[32mSUCCESS 1\u001b[0m in 4.90s]","logger":"airflow.task.hooks.airflow.providers.standard.hooks.subprocess.SubprocessHook"}
{"timestamp":"2025-12-10T11:45:24.179525","level":"info","event":"\u001b[0m11:45:24  7 of 16 START sql table model FAN_intermediate.int_venues ...................... [RUN]","logger":"airflow.task.hooks.airflow.providers.standard.hooks.subprocess.SubprocessHook"}
{"timestamp":"2025-12-10T11:45:25.129224","level":"info","event":"\u001b[0m11:45:25  6 of 16 OK created sql table model FAN_intermediate.int_show_lifecycle ......... [\u001b[32mSUCCESS 1\u001b[0m in 3.54s]","logger":"airflow.task.hooks.airflow.providers.standard.hooks.subprocess.SubprocessHook"}
{"timestamp":"2025-12-10T11:45:25.135654","level":"info","event":"\u001b[0m11:45:25  8 of 16 START sql table model FAN_intermediate.int_ticket_sales_dedup .......... [RUN]","logger":"airflow.task.hooks.airflow.providers.standard.hooks.subprocess.SubprocessHook"}
{"timestamp":"2025-12-10T11:45:25.236648","level":"info","event":"\u001b[0m11:45:25  4 of 16 OK created sql table model FAN_intermediate.int_shows .................. [\u001b[32mSUCCESS 1\u001b[0m in 3.79s]","logger":"airflow.task.hooks.airflow.providers.standard.hooks.subprocess.SubprocessHook"}
{"timestamp":"2025-12-10T11:45:25.330668","level":"info","event":"\u001b[0m11:45:25  9 of 16 START sql table model FAN_marts.fact_shows ............................. [RUN]","logger":"airflow.task.hooks.airflow.providers.standard.hooks.subprocess.SubprocessHook"}
{"timestamp":"2025-12-10T11:45:25.474184","level":"info","event":"\u001b[0m11:45:25  5 of 16 OK created sql table model FAN_intermediate.int_artists ................ [\u001b[32mSUCCESS 1\u001b[0m in 3.89s]","logger":"airflow.task.hooks.airflow.providers.standard.hooks.subprocess.SubprocessHook"}
{"timestamp":"2025-12-10T11:45:25.476939","level":"info","event":"\u001b[0m11:45:25  10 of 16 START sql table model FAN_marts.dim_artists ........................... [RUN]","logger":"airflow.task.hooks.airflow.providers.standard.hooks.subprocess.SubprocessHook"}
{"timestamp":"2025-12-10T11:45:27.361752","level":"info","event":"\u001b[0m11:45:27  7 of 16 OK created sql table model FAN_intermediate.int_venues ................. [\u001b[32mSUCCESS 1\u001b[0m in 3.18s]","logger":"airflow.task.hooks.airflow.providers.standard.hooks.subprocess.SubprocessHook"}
{"timestamp":"2025-12-10T11:45:27.364542","level":"info","event":"\u001b[0m11:45:27  11 of 16 START sql table model FAN_marts.dim_venues ............................ [RUN]","logger":"airflow.task.hooks.airflow.providers.standard.hooks.subprocess.SubprocessHook"}
{"timestamp":"2025-12-10T11:45:28.508456","level":"info","event":"\u001b[0m11:45:28  10 of 16 OK created sql table model FAN_marts.dim_artists ...................... [\u001b[32mSUCCESS 1\u001b[0m in 3.03s]","logger":"airflow.task.hooks.airflow.providers.standard.hooks.subprocess.SubprocessHook"}
{"timestamp":"2025-12-10T11:45:28.744913","level":"info","event":"\u001b[0m11:45:28  9 of 16 OK created sql table model FAN_marts.fact_shows ........................ [\u001b[32mSUCCESS 1\u001b[0m in 3.41s]","logger":"airflow.task.hooks.airflow.providers.standard.hooks.subprocess.SubprocessHook"}
{"timestamp":"2025-12-10T11:45:28.749603","level":"info","event":"\u001b[0m11:45:28  8 of 16 OK created sql table model FAN_intermediate.int_ticket_sales_dedup ..... [\u001b[32mSUCCESS 1\u001b[0m in 3.61s]","logger":"airflow.task.hooks.airflow.providers.standard.hooks.subprocess.SubprocessHook"}
{"timestamp":"2025-12-10T11:45:28.750649","level":"info","event":"\u001b[0m11:45:28  12 of 16 START sql table model FAN_marts.mart_artist_performance ............... [RUN]","logger":"airflow.task.hooks.airflow.providers.standard.hooks.subprocess.SubprocessHook"}
{"timestamp":"2025-12-10T11:45:28.751406","level":"info","event":"\u001b[0m11:45:28  13 of 16 START sql table model FAN_marts.mart_show_lifecycle ................... [RUN]","logger":"airflow.task.hooks.airflow.providers.standard.hooks.subprocess.SubprocessHook"}
{"timestamp":"2025-12-10T11:45:28.762336","level":"info","event":"\u001b[0m11:45:28  14 of 16 START sql incremental model FAN_marts.fact_ticket_sales ............... [RUN]","logger":"airflow.task.hooks.airflow.providers.standard.hooks.subprocess.SubprocessHook"}
{"timestamp":"2025-12-10T11:45:30.339279","level":"info","event":"\u001b[0m11:45:30  11 of 16 OK created sql table model FAN_marts.dim_venues ....................... [\u001b[32mSUCCESS 1\u001b[0m in 2.97s]","logger":"airflow.task.hooks.airflow.providers.standard.hooks.subprocess.SubprocessHook"}
{"timestamp":"2025-12-10T11:45:31.903453","level":"info","event":"\u001b[0m11:45:31  13 of 16 OK created sql table model FAN_marts.mart_show_lifecycle .............. [\u001b[32mSUCCESS 1\u001b[0m in 3.15s]","logger":"airflow.task.hooks.airflow.providers.standard.hooks.subprocess.SubprocessHook"}
{"timestamp":"2025-12-10T11:45:32.026852","level":"info","event":"\u001b[0m11:45:32  12 of 16 OK created sql table model FAN_marts.mart_artist_performance .......... [\u001b[32mSUCCESS 1\u001b[0m in 3.27s]","logger":"airflow.task.hooks.airflow.providers.standard.hooks.subprocess.SubprocessHook"}
{"timestamp":"2025-12-10T11:45:34.897081","level":"info","event":"\u001b[0m11:45:34  14 of 16 OK created sql incremental model FAN_marts.fact_ticket_sales .......... [\u001b[32mSUCCESS 1\u001b[0m in 6.12s]","logger":"airflow.task.hooks.airflow.providers.standard.hooks.subprocess.SubprocessHook"}
{"timestamp":"2025-12-10T11:45:34.908695","level":"info","event":"\u001b[0m11:45:34  15 of 16 START sql table model FAN_marts.mart_daily_ticket_summary ............. [RUN]","logger":"airflow.task.hooks.airflow.providers.standard.hooks.subprocess.SubprocessHook"}
{"timestamp":"2025-12-10T11:45:34.911591","level":"info","event":"\u001b[0m11:45:34  16 of 16 START sql table model FAN_marts.mart_ticket_performance ............... [RUN]","logger":"airflow.task.hooks.airflow.providers.standard.hooks.subprocess.SubprocessHook"}
{"timestamp":"2025-12-10T11:45:38.023602","level":"info","event":"\u001b[0m11:45:38  15 of 16 OK created sql table model FAN_marts.mart_daily_ticket_summary ........ [\u001b[32mSUCCESS 1\u001b[0m in 3.11s]","logger":"airflow.task.hooks.airflow.providers.standard.hooks.subprocess.SubprocessHook"}
{"timestamp":"2025-12-10T11:45:38.080932","level":"info","event":"\u001b[0m11:45:38  16 of 16 OK created sql table model FAN_marts.mart_ticket_performance .......... [\u001b[32mSUCCESS 1\u001b[0m in 3.16s]","logger":"airflow.task.hooks.airflow.providers.standard.hooks.subprocess.SubprocessHook"}
{"timestamp":"2025-12-10T11:45:38.099960","level":"info","event":"\u001b[0m11:45:38","logger":"airflow.task.hooks.airflow.providers.standard.hooks.subprocess.SubprocessHook"}
{"timestamp":"2025-12-10T11:45:38.101497","level":"info","event":"\u001b[0m11:45:38  Finished running 1 incremental model, 13 table models, 2 view models in 0 hours 0 minutes and 23.88 seconds (23.88s).","logger":"airflow.task.hooks.airflow.providers.standard.hooks.subprocess.SubprocessHook"}
{"timestamp":"2025-12-10T11:45:38.332688","level":"info","event":"\u001b[0m11:45:38","logger":"airflow.task.hooks.airflow.providers.standard.hooks.subprocess.SubprocessHook"}
{"timestamp":"2025-12-10T11:45:38.334386","level":"info","event":"\u001b[0m11:45:38  \u001b[32mCompleted successfully\u001b[0m","logger":"airflow.task.hooks.airflow.providers.standard.hooks.subprocess.SubprocessHook"}
{"timestamp":"2025-12-10T11:45:38.335920","level":"info","event":"\u001b[0m11:45:38","logger":"airflow.task.hooks.airflow.providers.standard.hooks.subprocess.SubprocessHook"}
{"timestamp":"2025-12-10T11:45:38.338008","level":"info","event":"\u001b[0m11:45:38  Done. PASS=16 WARN=0 ERROR=0 SKIP=0 NO-OP=0 TOTAL=16","logger":"airflow.task.hooks.airflow.providers.standard.hooks.subprocess.SubprocessHook"}
{"timestamp":"2025-12-10T11:45:40.090963","level":"info","event":"Traceback (most recent call last):","logger":"airflow.task.hooks.airflow.providers.standard.hooks.subprocess.SubprocessHook"}
{"timestamp":"2025-12-10T11:45:40.091241","level":"info","event":"  File \"/usr/local/bin/dbt\", line 10, in <module>","logger":"airflow.task.hooks.airflow.providers.standard.hooks.subprocess.SubprocessHook"}
{"timestamp":"2025-12-10T11:45:40.091402","level":"info","event":"    sys.exit(cli())","logger":"airflow.task.hooks.airflow.providers.standard.hooks.subprocess.SubprocessHook"}
{"timestamp":"2025-12-10T11:45:40.091494","level":"info","event":"             ^^^^^","logger":"airflow.task.hooks.airflow.providers.standard.hooks.subprocess.SubprocessHook"}
{"timestamp":"2025-12-10T11:45:40.091622","level":"info","event":"  File \"/home/airflow/.local/lib/python3.12/site-packages/click/core.py\", line 1442, in __call__","logger":"airflow.task.hooks.airflow.providers.standard.hooks.subprocess.SubprocessHook"}
{"timestamp":"2025-12-10T11:45:40.091992","level":"info","event":"    return self.main(*args, **kwargs)","logger":"airflow.task.hooks.airflow.providers.standard.hooks.subprocess.SubprocessHook"}
{"timestamp":"2025-12-10T11:45:40.092112","level":"info","event":"           ^^^^^^^^^^^^^^^^^^^^^^^^^^","logger":"airflow.task.hooks.airflow.providers.standard.hooks.subprocess.SubprocessHook"}
{"timestamp":"2025-12-10T11:45:40.092200","level":"info","event":"  File \"/home/airflow/.local/lib/python3.12/site-packages/click/core.py\", line 1363, in main","logger":"airflow.task.hooks.airflow.providers.standard.hooks.subprocess.SubprocessHook"}
{"timestamp":"2025-12-10T11:45:40.092402","level":"info","event":"    rv = self.invoke(ctx)","logger":"airflow.task.hooks.airflow.providers.standard.hooks.subprocess.SubprocessHook"}
{"timestamp":"2025-12-10T11:45:40.092508","level":"info","event":"         ^^^^^^^^^^^^^^^^","logger":"airflow.task.hooks.airflow.providers.standard.hooks.subprocess.SubprocessHook"}
{"timestamp":"2025-12-10T11:45:40.092597","level":"info","event":"  File \"/home/airflow/.local/lib/python3.12/site-packages/click/core.py\", line 1830, in invoke","logger":"airflow.task.hooks.airflow.providers.standard.hooks.subprocess.SubprocessHook"}
{"timestamp":"2025-12-10T11:45:40.092986","level":"info","event":"    return _process_result(sub_ctx.command.invoke(sub_ctx))","logger":"airflow.task.hooks.airflow.providers.standard.hooks.subprocess.SubprocessHook"}
{"timestamp":"2025-12-10T11:45:40.093103","level":"info","event":"                           ^^^^^^^^^^^^^^^^^^^^^^^^^^^^^^^","logger":"airflow.task.hooks.airflow.providers.standard.hooks.subprocess.SubprocessHook"}
{"timestamp":"2025-12-10T11:45:40.093200","level":"info","event":"  File \"/home/airflow/.local/lib/python3.12/site-packages/click/core.py\", line 1226, in invoke","logger":"airflow.task.hooks.airflow.providers.standard.hooks.subprocess.SubprocessHook"}
{"timestamp":"2025-12-10T11:45:40.093444","level":"info","event":"    return ctx.invoke(self.callback, **ctx.params)","logger":"airflow.task.hooks.airflow.providers.standard.hooks.subprocess.SubprocessHook"}
{"timestamp":"2025-12-10T11:45:40.093529","level":"info","event":"           ^^^^^^^^^^^^^^^^^^^^^^^^^^^^^^^^^^^^^^^","logger":"airflow.task.hooks.airflow.providers.standard.hooks.subprocess.SubprocessHook"}
{"timestamp":"2025-12-10T11:45:40.093598","level":"info","event":"  File \"/home/airflow/.local/lib/python3.12/site-packages/click/core.py\", line 794, in invoke","logger":"airflow.task.hooks.airflow.providers.standard.hooks.subprocess.SubprocessHook"}
{"timestamp":"2025-12-10T11:45:40.093803","level":"info","event":"    return callback(*args, **kwargs)","logger":"airflow.task.hooks.airflow.providers.standard.hooks.subprocess.SubprocessHook"}
{"timestamp":"2025-12-10T11:45:40.093949","level":"info","event":"           ^^^^^^^^^^^^^^^^^^^^^^^^^","logger":"airflow.task.hooks.airflow.providers.standard.hooks.subprocess.SubprocessHook"}
{"timestamp":"2025-12-10T11:45:40.094041","level":"info","event":"  File \"/home/airflow/.local/lib/python3.12/site-packages/click/decorators.py\", line 34, in new_func","logger":"airflow.task.hooks.airflow.providers.standard.hooks.subprocess.SubprocessHook"}
{"timestamp":"2025-12-10T11:45:40.094184","level":"info","event":"    return f(get_current_context(), *args, **kwargs)","logger":"airflow.task.hooks.airflow.providers.standard.hooks.subprocess.SubprocessHook"}
{"timestamp":"2025-12-10T11:45:40.094277","level":"info","event":"           ^^^^^^^^^^^^^^^^^^^^^^^^^^^^^^^^^^^^^^^^^","logger":"airflow.task.hooks.airflow.providers.standard.hooks.subprocess.SubprocessHook"}
{"timestamp":"2025-12-10T11:45:40.094504","level":"info","event":"  File \"/usr/local/lib/python3.12/site-packages/dbt/cli/main.py\", line 149, in wrapper","logger":"airflow.task.hooks.airflow.providers.standard.hooks.subprocess.SubprocessHook"}
{"timestamp":"2025-12-10T11:45:40.095001","level":"info","event":"    return func(*args, **kwargs)","logger":"airflow.task.hooks.airflow.providers.standard.hooks.subprocess.SubprocessHook"}
{"timestamp":"2025-12-10T11:45:40.095150","level":"info","event":"           ^^^^^^^^^^^^^^^^^^^^^","logger":"airflow.task.hooks.airflow.providers.standard.hooks.subprocess.SubprocessHook"}
{"timestamp":"2025-12-10T11:45:40.095232","level":"info","event":"  File \"/usr/local/lib/python3.12/site-packages/dbt/cli/requires.py\", line 207, in wrapper","logger":"airflow.task.hooks.airflow.providers.standard.hooks.subprocess.SubprocessHook"}
{"timestamp":"2025-12-10T11:45:40.095295","level":"info","event":"    fire_event(","logger":"airflow.task.hooks.airflow.providers.standard.hooks.subprocess.SubprocessHook"}
{"timestamp":"2025-12-10T11:45:40.095346","level":"info","event":"  File \"/usr/local/lib/python3.12/site-packages/dbt_common/events/functions.py\", line 142, in fire_event","logger":"airflow.task.hooks.airflow.providers.standard.hooks.subprocess.SubprocessHook"}
{"timestamp":"2025-12-10T11:45:40.095396","level":"info","event":"    get_event_manager().fire_event(","logger":"airflow.task.hooks.airflow.providers.standard.hooks.subprocess.SubprocessHook"}
{"timestamp":"2025-12-10T11:45:40.095557","level":"info","event":"  File \"/usr/local/lib/python3.12/site-packages/dbt_common/events/event_manager.py\", line 56, in fire_event","logger":"airflow.task.hooks.airflow.providers.standard.hooks.subprocess.SubprocessHook"}
{"timestamp":"2025-12-10T11:45:40.095669","level":"info","event":"    msg = msg_from_base_event(e, level=level)","logger":"airflow.task.hooks.airflow.providers.standard.hooks.subprocess.SubprocessHook"}
{"timestamp":"2025-12-10T11:45:40.095847","level":"info","event":"          ^^^^^^^^^^^^^^^^^^^^^^^^^^^^^^^^^^^","logger":"airflow.task.hooks.airflow.providers.standard.hooks.subprocess.SubprocessHook"}
{"timestamp":"2025-12-10T11:45:40.096056","level":"info","event":"  File \"/usr/local/lib/python3.12/site-packages/dbt_common/events/base_types.py\", line 143, in msg_from_base_event","logger":"airflow.task.hooks.airflow.providers.standard.hooks.subprocess.SubprocessHook"}
{"timestamp":"2025-12-10T11:45:40.096238","level":"info","event":"    \"msg\": event.message(),","logger":"airflow.task.hooks.airflow.providers.standard.hooks.subprocess.SubprocessHook"}
{"timestamp":"2025-12-10T11:45:40.096359","level":"info","event":"           ^^^^^^^^^^^^^^^","logger":"airflow.task.hooks.airflow.providers.standard.hooks.subprocess.SubprocessHook"}
{"timestamp":"2025-12-10T11:45:40.096457","level":"info","event":"  File \"/usr/local/lib/python3.12/site-packages/dbt/events/types.py\", line 2464, in message","logger":"airflow.task.hooks.airflow.providers.standard.hooks.subprocess.SubprocessHook"}
{"timestamp":"2025-12-10T11:45:40.096538","level":"info","event":"    return f\"Resource report: {self.to_json()}\"","logger":"airflow.task.hooks.airflow.providers.standard.hooks.subprocess.SubprocessHook"}
{"timestamp":"2025-12-10T11:45:40.096590","level":"info","event":"                               ^^^^^^^^^^^^^^","logger":"airflow.task.hooks.airflow.providers.standard.hooks.subprocess.SubprocessHook"}
{"timestamp":"2025-12-10T11:45:40.097221","level":"info","event":"  File \"/usr/local/lib/python3.12/site-packages/dbt_common/events/base_types.py\", line 98, in to_json","logger":"airflow.task.hooks.airflow.providers.standard.hooks.subprocess.SubprocessHook"}
{"timestamp":"2025-12-10T11:45:40.097588","level":"info","event":"    return MessageToJson(","logger":"airflow.task.hooks.airflow.providers.standard.hooks.subprocess.SubprocessHook"}
{"timestamp":"2025-12-10T11:45:40.097741","level":"info","event":"           ^^^^^^^^^^^^^^","logger":"airflow.task.hooks.airflow.providers.standard.hooks.subprocess.SubprocessHook"}
{"timestamp":"2025-12-10T11:45:40.097859","level":"info","event":"TypeError: MessageToJson() got an unexpected keyword argument 'always_print_fields_with_no_presence'","logger":"airflow.task.hooks.airflow.providers.standard.hooks.subprocess.SubprocessHook"}
{"timestamp":"2025-12-10T11:45:40.798703","level":"info","event":"dbt models completed successfully (protobuf reporting error ignored)","logger":"airflow.task.hooks.airflow.providers.standard.hooks.subprocess.SubprocessHook"}
{"timestamp":"2025-12-10T11:45:40.802061","level":"info","event":"Command exited with return code 0","logger":"airflow.task.hooks.airflow.providers.standard.hooks.subprocess.SubprocessHook"}
{"timestamp":"2025-12-10T11:45:40.805702","level":"info","event":"Pushing xcom","ti":"RuntimeTaskInstance(id=UUID('019b0814-349a-7e9f-8d76-a6c42c6433a1'), task_id='dbt_run', dag_id='pipeline_streaming', run_id='scheduled__2025-12-10T11:45:00+00:00', try_number=1, map_index=-1, hostname='6bf93f468c0d', context_carrier={}, task=<Task(_BashDecoratedOperator): dbt_run>, bundle_instance=LocalDagBundle(name=dags-folder), max_tries=2, start_date=datetime.datetime(2025, 12, 10, 11, 45, 6, 274257, tzinfo=datetime.timezone.utc), end_date=None, state=<TaskInstanceState.RUNNING: 'running'>, is_mapped=False, rendered_map_index=None, log_url='http://localhost:8080/dags/pipeline_streaming/runs/scheduled__2025-12-10T11%3A45%3A00%2B00%3A00/tasks/dbt_run?try_number=1')","logger":"task"}
