{"timestamp":"2025-12-08T16:05:10.596256","level":"info","event":"DAG bundles loaded: dags-folder","logger":"airflow.dag_processing.bundles.manager.DagBundlesManager"}
{"timestamp":"2025-12-08T16:05:10.597132","level":"info","event":"Filling up the DagBag from /opt/airflow/dags/pipeline_streaming.py","logger":"airflow.models.dagbag.DagBag"}
{"timestamp":"2025-12-08T16:05:10.826895","level":"info","event":"Tmp dir root location: /tmp","logger":"airflow.task.hooks.airflow.providers.standard.hooks.subprocess.SubprocessHook"}
{"timestamp":"2025-12-08T16:05:10.830510","level":"info","event":"Running command: ['/usr/bin/bash', '-c', '\\n        cd /opt/airflow &&         python -m scripts.sync_streaming_tickets__postgres_to_snowflake\\n        ']","logger":"airflow.task.hooks.airflow.providers.standard.hooks.subprocess.SubprocessHook"}
{"timestamp":"2025-12-08T16:05:10.854139","level":"info","event":"Output:","logger":"airflow.task.hooks.airflow.providers.standard.hooks.subprocess.SubprocessHook"}
{"timestamp":"2025-12-08T16:05:12.373008","level":"info","event":"2025-12-08 16:05:12,372 - INFO - 🔄 Starting streaming ticket sync from PostgreSQL to Snowflake...","logger":"airflow.task.hooks.airflow.providers.standard.hooks.subprocess.SubprocessHook"}
{"timestamp":"2025-12-08T16:05:12.373190","level":"info","event":"2025-12-08 16:05:12,372 - INFO - 🔌 Connecting to PostgreSQL...","logger":"airflow.task.hooks.airflow.providers.standard.hooks.subprocess.SubprocessHook"}
{"timestamp":"2025-12-08T16:05:12.387873","level":"info","event":"2025-12-08 16:05:12,387 - INFO - 📊 Found 41 records pending sync from staging.ticket_sales","logger":"airflow.task.hooks.airflow.providers.standard.hooks.subprocess.SubprocessHook"}
{"timestamp":"2025-12-08T16:05:12.388022","level":"info","event":"2025-12-08 16:05:12,387 - INFO - 🔌 Connecting to Snowflake...","logger":"airflow.task.hooks.airflow.providers.standard.hooks.subprocess.SubprocessHook"}
{"timestamp":"2025-12-08T16:05:12.434660","level":"info","event":"2025-12-08 16:05:12,434 - INFO - Snowflake Connector for Python Version: 3.17.2, Python Version: 3.12.11, Platform: Linux-5.15.167.4-microsoft-standard-WSL2-x86_64-with-glibc2.36","logger":"airflow.task.hooks.airflow.providers.standard.hooks.subprocess.SubprocessHook"}
{"timestamp":"2025-12-08T16:05:12.434834","level":"info","event":"2025-12-08 16:05:12,434 - INFO - Connecting to GLOBAL Snowflake domain","logger":"airflow.task.hooks.airflow.providers.standard.hooks.subprocess.SubprocessHook"}
{"timestamp":"2025-12-08T16:05:21.098469","level":"info","event":"2025-12-08 16:05:21,097 - INFO - ✅ Created FAN_RAW schema","logger":"airflow.task.hooks.airflow.providers.standard.hooks.subprocess.SubprocessHook"}
{"timestamp":"2025-12-08T16:05:21.741091","level":"info","event":"2025-12-08 16:05:21,740 - INFO - ✅ Snowflake FAN_RAW.raw_tickets table created/verified","logger":"airflow.task.hooks.airflow.providers.standard.hooks.subprocess.SubprocessHook"}
{"timestamp":"2025-12-08T16:05:21.741517","level":"info","event":"2025-12-08 16:05:21,740 - INFO - 📤 Syncing records to Snowflake FAN_RAW.raw_tickets...","logger":"airflow.task.hooks.airflow.providers.standard.hooks.subprocess.SubprocessHook"}
{"timestamp":"2025-12-08T16:05:23.281497","level":"info","event":"2025-12-08 16:05:23,280 - INFO - ✅ Successfully synced 41 records to Snowflake FAN_RAW.raw_tickets","logger":"airflow.task.hooks.airflow.providers.standard.hooks.subprocess.SubprocessHook"}
{"timestamp":"2025-12-08T16:05:23.281925","level":"info","event":"2025-12-08 16:05:23,281 - INFO - 📝 Updating sync status in PostgreSQL...","logger":"airflow.task.hooks.airflow.providers.standard.hooks.subprocess.SubprocessHook"}
{"timestamp":"2025-12-08T16:05:23.328534","level":"info","event":"2025-12-08 16:05:23,328 - INFO - ✅ Updated sync status to 'synced' for 41 records","logger":"airflow.task.hooks.airflow.providers.standard.hooks.subprocess.SubprocessHook"}
{"timestamp":"2025-12-08T16:05:23.328776","level":"info","event":"2025-12-08 16:05:23,328 - INFO - 🎉 Sync completed successfully!","logger":"airflow.task.hooks.airflow.providers.standard.hooks.subprocess.SubprocessHook"}
{"timestamp":"2025-12-08T16:05:23.328938","level":"info","event":"2025-12-08 16:05:23,328 - INFO - 📊 Synced 41 records from staging.ticket_sales to FAN_RAW.raw_tickets","logger":"airflow.task.hooks.airflow.providers.standard.hooks.subprocess.SubprocessHook"}
{"timestamp":"2025-12-08T16:05:24.018769","level":"info","event":"Command exited with return code 0","logger":"airflow.task.hooks.airflow.providers.standard.hooks.subprocess.SubprocessHook"}
{"timestamp":"2025-12-08T16:05:24.019728","level":"info","event":"Pushing xcom","ti":"RuntimeTaskInstance(id=UUID('019afeb5-abe2-7f5e-90eb-0dead9b3e05b'), task_id='sync_postgres_to_snowflake', dag_id='pipeline_streaming', run_id='scheduled__2025-12-08T15:00:00+00:00', try_number=14, map_index=-1, hostname='6bf93f468c0d', context_carrier={}, task=<Task(_BashDecoratedOperator): sync_postgres_to_snowflake>, bundle_instance=LocalDagBundle(name=dags-folder), max_tries=15, start_date=datetime.datetime(2025, 12, 8, 16, 5, 10, 415411, tzinfo=datetime.timezone.utc), end_date=None, state=<TaskInstanceState.RUNNING: 'running'>, is_mapped=False, rendered_map_index=None, log_url='http://localhost:8080/dags/pipeline_streaming/runs/scheduled__2025-12-08T15%3A00%3A00%2B00%3A00/tasks/sync_postgres_to_snowflake?try_number=14')","logger":"task"}
