{"timestamp":"2025-12-08T15:20:15.548668","level":"info","event":"DAG bundles loaded: dags-folder","logger":"airflow.dag_processing.bundles.manager.DagBundlesManager"}
{"timestamp":"2025-12-08T15:20:15.549496","level":"info","event":"Filling up the DagBag from /opt/airflow/dags/pipeline_streaming.py","logger":"airflow.models.dagbag.DagBag"}
{"timestamp":"2025-12-08T15:20:15.600313","level":"info","event":"Tmp dir root location: /tmp","logger":"airflow.task.hooks.airflow.providers.standard.hooks.subprocess.SubprocessHook"}
{"timestamp":"2025-12-08T15:20:15.603111","level":"info","event":"Running command: ['/usr/bin/bash', '-c', '\\n        cd /opt/airflow &&         python -m scripts.sync_streaming_tickets__postgres_to_snowflake\\n        ']","logger":"airflow.task.hooks.airflow.providers.standard.hooks.subprocess.SubprocessHook"}
{"timestamp":"2025-12-08T15:20:15.617613","level":"info","event":"Output:","logger":"airflow.task.hooks.airflow.providers.standard.hooks.subprocess.SubprocessHook"}
{"timestamp":"2025-12-08T15:20:17.305286","level":"info","event":"2025-12-08 22:20:17,304 - INFO - 🔄 Starting streaming ticket sync from PostgreSQL to Snowflake...","logger":"airflow.task.hooks.airflow.providers.standard.hooks.subprocess.SubprocessHook"}
{"timestamp":"2025-12-08T15:20:17.305492","level":"info","event":"2025-12-08 22:20:17,305 - INFO - 🔌 Connecting to PostgreSQL...","logger":"airflow.task.hooks.airflow.providers.standard.hooks.subprocess.SubprocessHook"}
{"timestamp":"2025-12-08T15:20:17.323867","level":"info","event":"2025-12-08 22:20:17,323 - ERROR - ❌ Error during sync: Failed to connect to Postgres: connection to server at \"kafka-postgres\" (172.18.0.5), port 5432 failed: FATAL:  password authentication failed for user \"user_fanalyze_ingest\"","logger":"airflow.task.hooks.airflow.providers.standard.hooks.subprocess.SubprocessHook"}
{"timestamp":"2025-12-08T15:20:17.324055","level":"info","event":"","logger":"airflow.task.hooks.airflow.providers.standard.hooks.subprocess.SubprocessHook"}
{"timestamp":"2025-12-08T15:20:17.324160","level":"info","event":"Traceback (most recent call last):","logger":"airflow.task.hooks.airflow.providers.standard.hooks.subprocess.SubprocessHook"}
{"timestamp":"2025-12-08T15:20:17.324253","level":"info","event":"  File \"/opt/airflow/scripts/sync_streaming_tickets__postgres_to_snowflake.py\", line 33, in get_postgres_connection","logger":"airflow.task.hooks.airflow.providers.standard.hooks.subprocess.SubprocessHook"}
{"timestamp":"2025-12-08T15:20:17.326981","level":"info","event":"    conn = psycopg2.connect(","logger":"airflow.task.hooks.airflow.providers.standard.hooks.subprocess.SubprocessHook"}
{"timestamp":"2025-12-08T15:20:17.327194","level":"info","event":"           ^^^^^^^^^^^^^^^^^","logger":"airflow.task.hooks.airflow.providers.standard.hooks.subprocess.SubprocessHook"}
{"timestamp":"2025-12-08T15:20:17.327302","level":"info","event":"  File \"/home/airflow/.local/lib/python3.12/site-packages/psycopg2/__init__.py\", line 122, in connect","logger":"airflow.task.hooks.airflow.providers.standard.hooks.subprocess.SubprocessHook"}
{"timestamp":"2025-12-08T15:20:17.327438","level":"info","event":"    conn = _connect(dsn, connection_factory=connection_factory, **kwasync)","logger":"airflow.task.hooks.airflow.providers.standard.hooks.subprocess.SubprocessHook"}
{"timestamp":"2025-12-08T15:20:17.327544","level":"info","event":"           ^^^^^^^^^^^^^^^^^^^^^^^^^^^^^^^^^^^^^^^^^^^^^^^^^^^^^^^^^^^^^^^","logger":"airflow.task.hooks.airflow.providers.standard.hooks.subprocess.SubprocessHook"}
{"timestamp":"2025-12-08T15:20:17.327605","level":"info","event":"psycopg2.OperationalError: connection to server at \"kafka-postgres\" (172.18.0.5), port 5432 failed: FATAL:  password authentication failed for user \"user_fanalyze_ingest\"","logger":"airflow.task.hooks.airflow.providers.standard.hooks.subprocess.SubprocessHook"}
{"timestamp":"2025-12-08T15:20:17.327671","level":"info","event":"","logger":"airflow.task.hooks.airflow.providers.standard.hooks.subprocess.SubprocessHook"}
{"timestamp":"2025-12-08T15:20:17.327743","level":"info","event":"","logger":"airflow.task.hooks.airflow.providers.standard.hooks.subprocess.SubprocessHook"}
{"timestamp":"2025-12-08T15:20:17.327821","level":"info","event":"During handling of the above exception, another exception occurred:","logger":"airflow.task.hooks.airflow.providers.standard.hooks.subprocess.SubprocessHook"}
{"timestamp":"2025-12-08T15:20:17.327896","level":"info","event":"","logger":"airflow.task.hooks.airflow.providers.standard.hooks.subprocess.SubprocessHook"}
{"timestamp":"2025-12-08T15:20:17.327971","level":"info","event":"Traceback (most recent call last):","logger":"airflow.task.hooks.airflow.providers.standard.hooks.subprocess.SubprocessHook"}
{"timestamp":"2025-12-08T15:20:17.328045","level":"info","event":"  File \"<frozen runpy>\", line 198, in _run_module_as_main","logger":"airflow.task.hooks.airflow.providers.standard.hooks.subprocess.SubprocessHook"}
{"timestamp":"2025-12-08T15:20:17.328107","level":"info","event":"  File \"<frozen runpy>\", line 88, in _run_code","logger":"airflow.task.hooks.airflow.providers.standard.hooks.subprocess.SubprocessHook"}
{"timestamp":"2025-12-08T15:20:17.328164","level":"info","event":"  File \"/opt/airflow/scripts/sync_streaming_tickets__postgres_to_snowflake.py\", line 307, in <module>","logger":"airflow.task.hooks.airflow.providers.standard.hooks.subprocess.SubprocessHook"}
{"timestamp":"2025-12-08T15:20:17.330465","level":"info","event":"    main()","logger":"airflow.task.hooks.airflow.providers.standard.hooks.subprocess.SubprocessHook"}
{"timestamp":"2025-12-08T15:20:17.330648","level":"info","event":"  File \"/opt/airflow/scripts/sync_streaming_tickets__postgres_to_snowflake.py\", line 262, in main","logger":"airflow.task.hooks.airflow.providers.standard.hooks.subprocess.SubprocessHook"}
{"timestamp":"2025-12-08T15:20:17.333289","level":"info","event":"    postgres_conn = get_postgres_connection()","logger":"airflow.task.hooks.airflow.providers.standard.hooks.subprocess.SubprocessHook"}
{"timestamp":"2025-12-08T15:20:17.333487","level":"info","event":"                    ^^^^^^^^^^^^^^^^^^^^^^^^^","logger":"airflow.task.hooks.airflow.providers.standard.hooks.subprocess.SubprocessHook"}
{"timestamp":"2025-12-08T15:20:17.333576","level":"info","event":"  File \"/opt/airflow/scripts/sync_streaming_tickets__postgres_to_snowflake.py\", line 42, in get_postgres_connection","logger":"airflow.task.hooks.airflow.providers.standard.hooks.subprocess.SubprocessHook"}
{"timestamp":"2025-12-08T15:20:17.335004","level":"info","event":"    raise Exception(f\"Failed to connect to Postgres: {e}\")","logger":"airflow.task.hooks.airflow.providers.standard.hooks.subprocess.SubprocessHook"}
{"timestamp":"2025-12-08T15:20:17.335166","level":"info","event":"Exception: Failed to connect to Postgres: connection to server at \"kafka-postgres\" (172.18.0.5), port 5432 failed: FATAL:  password authentication failed for user \"user_fanalyze_ingest\"","logger":"airflow.task.hooks.airflow.providers.standard.hooks.subprocess.SubprocessHook"}
{"timestamp":"2025-12-08T15:20:17.335268","level":"info","event":"","logger":"airflow.task.hooks.airflow.providers.standard.hooks.subprocess.SubprocessHook"}
{"timestamp":"2025-12-08T15:20:17.549934","level":"info","event":"Command exited with return code 1","logger":"airflow.task.hooks.airflow.providers.standard.hooks.subprocess.SubprocessHook"}
{"timestamp":"2025-12-08T15:20:17.550681","level":"error","event":"Task failed with exception","logger":"task","error_detail":[{"exc_type":"AirflowException","exc_value":"Bash command failed. The command returned a non-zero exit code 1.","exc_notes":[],"syntax_error":null,"is_cause":false,"frames":[{"filename":"/home/airflow/.local/lib/python3.12/site-packages/airflow/sdk/execution_time/task_runner.py","lineno":920,"name":"run"},{"filename":"/home/airflow/.local/lib/python3.12/site-packages/airflow/sdk/execution_time/task_runner.py","lineno":1215,"name":"_execute_task"},{"filename":"/home/airflow/.local/lib/python3.12/site-packages/airflow/sdk/bases/operator.py","lineno":397,"name":"wrapper"},{"filename":"/home/airflow/.local/lib/python3.12/site-packages/airflow/providers/standard/decorators/bash.py","lineno":100,"name":"execute"},{"filename":"/home/airflow/.local/lib/python3.12/site-packages/airflow/sdk/bases/operator.py","lineno":397,"name":"wrapper"},{"filename":"/home/airflow/.local/lib/python3.12/site-packages/airflow/sdk/bases/decorator.py","lineno":251,"name":"execute"},{"filename":"/home/airflow/.local/lib/python3.12/site-packages/airflow/sdk/bases/operator.py","lineno":397,"name":"wrapper"},{"filename":"/home/airflow/.local/lib/python3.12/site-packages/airflow/providers/standard/operators/bash.py","lineno":232,"name":"execute"}],"is_group":false,"exceptions":[]}]}
{"timestamp":"2025-12-08T15:20:17.590841","level":"error","event":"Top level error","logger":"task","error_detail":[{"exc_type":"AirflowRuntimeError","exc_value":"API_SERVER_ERROR: {'status_code': 404, 'message': 'Not Found', 'detail': {'detail': 'Not Found'}}","exc_notes":[],"syntax_error":null,"is_cause":false,"frames":[{"filename":"/home/airflow/.local/lib/python3.12/site-packages/airflow/sdk/execution_time/task_runner.py","lineno":1353,"name":"main"},{"filename":"/home/airflow/.local/lib/python3.12/site-packages/airflow/sdk/execution_time/task_runner.py","lineno":1298,"name":"finalize"},{"filename":"/home/airflow/.local/lib/python3.12/site-packages/airflow/sdk/execution_time/comms.py","lineno":204,"name":"send"},{"filename":"/home/airflow/.local/lib/python3.12/site-packages/airflow/sdk/execution_time/comms.py","lineno":264,"name":"_get_response"},{"filename":"/home/airflow/.local/lib/python3.12/site-packages/airflow/sdk/execution_time/comms.py","lineno":251,"name":"_from_frame"}],"is_group":false,"exceptions":[]}]}
{"timestamp":"2025-12-08T15:20:17.600951Z","level":"warning","event":"Process exited abnormally","exit_code":1,"logger":"task"}
