{"timestamp":"2025-12-08T15:41:17.120497","level":"info","event":"DAG bundles loaded: dags-folder","logger":"airflow.dag_processing.bundles.manager.DagBundlesManager"}
{"timestamp":"2025-12-08T15:41:17.121232","level":"info","event":"Filling up the DagBag from /opt/airflow/dags/pipeline_streaming.py","logger":"airflow.models.dagbag.DagBag"}
{"timestamp":"2025-12-08T15:41:17.201821","level":"info","event":"Tmp dir root location: /tmp","logger":"airflow.task.hooks.airflow.providers.standard.hooks.subprocess.SubprocessHook"}
{"timestamp":"2025-12-08T15:41:17.204244","level":"info","event":"Running command: ['/usr/bin/bash', '-c', '\\n        cd /opt/airflow &&         python -m scripts.sync_streaming_tickets__postgres_to_snowflake\\n        ']","logger":"airflow.task.hooks.airflow.providers.standard.hooks.subprocess.SubprocessHook"}
{"timestamp":"2025-12-08T15:41:17.221495","level":"info","event":"Output:","logger":"airflow.task.hooks.airflow.providers.standard.hooks.subprocess.SubprocessHook"}
{"timestamp":"2025-12-08T15:41:18.338818","level":"info","event":"2025-12-08 15:41:18,338 - INFO - 🔄 Starting streaming ticket sync from PostgreSQL to Snowflake...","logger":"airflow.task.hooks.airflow.providers.standard.hooks.subprocess.SubprocessHook"}
{"timestamp":"2025-12-08T15:41:18.338988","level":"info","event":"2025-12-08 15:41:18,338 - INFO - 🔌 Connecting to PostgreSQL...","logger":"airflow.task.hooks.airflow.providers.standard.hooks.subprocess.SubprocessHook"}
{"timestamp":"2025-12-08T15:41:18.343512","level":"info","event":"2025-12-08 15:41:18,343 - ERROR - ❌ Error during sync: Failed to connect to Postgres: connection to server at \"kafka-postgres\" (172.18.0.5), port 5432 failed: FATAL:  password authentication failed for user \"user_fanalyze_ingest\"","logger":"airflow.task.hooks.airflow.providers.standard.hooks.subprocess.SubprocessHook"}
{"timestamp":"2025-12-08T15:41:18.343643","level":"info","event":"","logger":"airflow.task.hooks.airflow.providers.standard.hooks.subprocess.SubprocessHook"}
{"timestamp":"2025-12-08T15:41:18.343720","level":"info","event":"Traceback (most recent call last):","logger":"airflow.task.hooks.airflow.providers.standard.hooks.subprocess.SubprocessHook"}
{"timestamp":"2025-12-08T15:41:18.343773","level":"info","event":"  File \"/opt/airflow/scripts/sync_streaming_tickets__postgres_to_snowflake.py\", line 33, in get_postgres_connection","logger":"airflow.task.hooks.airflow.providers.standard.hooks.subprocess.SubprocessHook"}
{"timestamp":"2025-12-08T15:41:18.345617","level":"info","event":"    conn = psycopg2.connect(","logger":"airflow.task.hooks.airflow.providers.standard.hooks.subprocess.SubprocessHook"}
{"timestamp":"2025-12-08T15:41:18.345818","level":"info","event":"           ^^^^^^^^^^^^^^^^^","logger":"airflow.task.hooks.airflow.providers.standard.hooks.subprocess.SubprocessHook"}
{"timestamp":"2025-12-08T15:41:18.345905","level":"info","event":"  File \"/home/airflow/.local/lib/python3.12/site-packages/psycopg2/__init__.py\", line 122, in connect","logger":"airflow.task.hooks.airflow.providers.standard.hooks.subprocess.SubprocessHook"}
{"timestamp":"2025-12-08T15:41:18.345979","level":"info","event":"    conn = _connect(dsn, connection_factory=connection_factory, **kwasync)","logger":"airflow.task.hooks.airflow.providers.standard.hooks.subprocess.SubprocessHook"}
{"timestamp":"2025-12-08T15:41:18.346073","level":"info","event":"           ^^^^^^^^^^^^^^^^^^^^^^^^^^^^^^^^^^^^^^^^^^^^^^^^^^^^^^^^^^^^^^^","logger":"airflow.task.hooks.airflow.providers.standard.hooks.subprocess.SubprocessHook"}
{"timestamp":"2025-12-08T15:41:18.346145","level":"info","event":"psycopg2.OperationalError: connection to server at \"kafka-postgres\" (172.18.0.5), port 5432 failed: FATAL:  password authentication failed for user \"user_fanalyze_ingest\"","logger":"airflow.task.hooks.airflow.providers.standard.hooks.subprocess.SubprocessHook"}
{"timestamp":"2025-12-08T15:41:18.346222","level":"info","event":"","logger":"airflow.task.hooks.airflow.providers.standard.hooks.subprocess.SubprocessHook"}
{"timestamp":"2025-12-08T15:41:18.346286","level":"info","event":"","logger":"airflow.task.hooks.airflow.providers.standard.hooks.subprocess.SubprocessHook"}
{"timestamp":"2025-12-08T15:41:18.346342","level":"info","event":"During handling of the above exception, another exception occurred:","logger":"airflow.task.hooks.airflow.providers.standard.hooks.subprocess.SubprocessHook"}
{"timestamp":"2025-12-08T15:41:18.346401","level":"info","event":"","logger":"airflow.task.hooks.airflow.providers.standard.hooks.subprocess.SubprocessHook"}
{"timestamp":"2025-12-08T15:41:18.346461","level":"info","event":"Traceback (most recent call last):","logger":"airflow.task.hooks.airflow.providers.standard.hooks.subprocess.SubprocessHook"}
{"timestamp":"2025-12-08T15:41:18.346554","level":"info","event":"  File \"<frozen runpy>\", line 198, in _run_module_as_main","logger":"airflow.task.hooks.airflow.providers.standard.hooks.subprocess.SubprocessHook"}
{"timestamp":"2025-12-08T15:41:18.346629","level":"info","event":"  File \"<frozen runpy>\", line 88, in _run_code","logger":"airflow.task.hooks.airflow.providers.standard.hooks.subprocess.SubprocessHook"}
{"timestamp":"2025-12-08T15:41:18.346698","level":"info","event":"  File \"/opt/airflow/scripts/sync_streaming_tickets__postgres_to_snowflake.py\", line 307, in <module>","logger":"airflow.task.hooks.airflow.providers.standard.hooks.subprocess.SubprocessHook"}
{"timestamp":"2025-12-08T15:41:18.348175","level":"info","event":"    main()","logger":"airflow.task.hooks.airflow.providers.standard.hooks.subprocess.SubprocessHook"}
{"timestamp":"2025-12-08T15:41:18.348261","level":"info","event":"  File \"/opt/airflow/scripts/sync_streaming_tickets__postgres_to_snowflake.py\", line 262, in main","logger":"airflow.task.hooks.airflow.providers.standard.hooks.subprocess.SubprocessHook"}
{"timestamp":"2025-12-08T15:41:18.349808","level":"info","event":"    postgres_conn = get_postgres_connection()","logger":"airflow.task.hooks.airflow.providers.standard.hooks.subprocess.SubprocessHook"}
{"timestamp":"2025-12-08T15:41:18.349903","level":"info","event":"                    ^^^^^^^^^^^^^^^^^^^^^^^^^","logger":"airflow.task.hooks.airflow.providers.standard.hooks.subprocess.SubprocessHook"}
{"timestamp":"2025-12-08T15:41:18.349960","level":"info","event":"  File \"/opt/airflow/scripts/sync_streaming_tickets__postgres_to_snowflake.py\", line 42, in get_postgres_connection","logger":"airflow.task.hooks.airflow.providers.standard.hooks.subprocess.SubprocessHook"}
{"timestamp":"2025-12-08T15:41:18.351140","level":"info","event":"    raise Exception(f\"Failed to connect to Postgres: {e}\")","logger":"airflow.task.hooks.airflow.providers.standard.hooks.subprocess.SubprocessHook"}
{"timestamp":"2025-12-08T15:41:18.351233","level":"info","event":"Exception: Failed to connect to Postgres: connection to server at \"kafka-postgres\" (172.18.0.5), port 5432 failed: FATAL:  password authentication failed for user \"user_fanalyze_ingest\"","logger":"airflow.task.hooks.airflow.providers.standard.hooks.subprocess.SubprocessHook"}
{"timestamp":"2025-12-08T15:41:18.351287","level":"info","event":"","logger":"airflow.task.hooks.airflow.providers.standard.hooks.subprocess.SubprocessHook"}
{"timestamp":"2025-12-08T15:41:18.540638","level":"info","event":"Command exited with return code 1","logger":"airflow.task.hooks.airflow.providers.standard.hooks.subprocess.SubprocessHook"}
{"timestamp":"2025-12-08T15:41:18.541905","level":"error","event":"Task failed with exception","logger":"task","error_detail":[{"exc_type":"AirflowException","exc_value":"Bash command failed. The command returned a non-zero exit code 1.","exc_notes":[],"syntax_error":null,"is_cause":false,"frames":[{"filename":"/home/airflow/.local/lib/python3.12/site-packages/airflow/sdk/execution_time/task_runner.py","lineno":920,"name":"run"},{"filename":"/home/airflow/.local/lib/python3.12/site-packages/airflow/sdk/execution_time/task_runner.py","lineno":1215,"name":"_execute_task"},{"filename":"/home/airflow/.local/lib/python3.12/site-packages/airflow/sdk/bases/operator.py","lineno":397,"name":"wrapper"},{"filename":"/home/airflow/.local/lib/python3.12/site-packages/airflow/providers/standard/decorators/bash.py","lineno":100,"name":"execute"},{"filename":"/home/airflow/.local/lib/python3.12/site-packages/airflow/sdk/bases/operator.py","lineno":397,"name":"wrapper"},{"filename":"/home/airflow/.local/lib/python3.12/site-packages/airflow/sdk/bases/decorator.py","lineno":251,"name":"execute"},{"filename":"/home/airflow/.local/lib/python3.12/site-packages/airflow/sdk/bases/operator.py","lineno":397,"name":"wrapper"},{"filename":"/home/airflow/.local/lib/python3.12/site-packages/airflow/providers/standard/operators/bash.py","lineno":232,"name":"execute"}],"is_group":false,"exceptions":[]}]}
{"timestamp":"2025-12-08T15:41:18.591283","level":"error","event":"Top level error","logger":"task","error_detail":[{"exc_type":"AirflowRuntimeError","exc_value":"API_SERVER_ERROR: {'status_code': 404, 'message': 'Not Found', 'detail': {'detail': 'Not Found'}}","exc_notes":[],"syntax_error":null,"is_cause":false,"frames":[{"filename":"/home/airflow/.local/lib/python3.12/site-packages/airflow/sdk/execution_time/task_runner.py","lineno":1353,"name":"main"},{"filename":"/home/airflow/.local/lib/python3.12/site-packages/airflow/sdk/execution_time/task_runner.py","lineno":1298,"name":"finalize"},{"filename":"/home/airflow/.local/lib/python3.12/site-packages/airflow/sdk/execution_time/comms.py","lineno":204,"name":"send"},{"filename":"/home/airflow/.local/lib/python3.12/site-packages/airflow/sdk/execution_time/comms.py","lineno":264,"name":"_get_response"},{"filename":"/home/airflow/.local/lib/python3.12/site-packages/airflow/sdk/execution_time/comms.py","lineno":251,"name":"_from_frame"}],"is_group":false,"exceptions":[]}]}
{"timestamp":"2025-12-08T15:41:18.607594Z","level":"warning","event":"Process exited abnormally","exit_code":1,"logger":"task"}
